auctionw1i1        cassandra-0                               1/1     Running   0          7m37s
auctionw1i1        postgresql-0                              1/1     Running   0          7m37s
auctionw1i1        rabbitmq-788c88588-jclq4                  1/1     Running   0          7m37s
auctionw1i1        tomcat-7454895c48-hhqgp                   1/2     Running   0          98s
auctionw1i1        zookeeper-0                               1/1     Running   0          7m36s

kubectl describe pod -n auctionw1i1 cassandra-0
kubectl describe pod -n auctionw1i1 postgresql-0
kubectl describe pod -n auctionw1i1 rabbitmq-788c88588-jclq4
kubectl describe pod -n auctionw1i1 tomcat-7454895c48-hhqgp
kubectl describe pod -n auctionw1i1 zookeeper-0


Microsoft Windows [Version 10.0.19044.1826]
(c) Microsoft Corporation. All rights reserved.

C:\Users\mikmoran>ssh root@139.178.83.133
The authenticity of host '139.178.83.133 (139.178.83.133)' can't be established.
ECDSA key fingerprint is SHA256:ppukh4GGldlQ+Ms6OYUjzVUjcYWR2cA9WxIPB3jQysA.
Are you sure you want to continue connecting (yes/no/[fingerprint])? yes
Warning: Permanently added '139.178.83.133' (ECDSA) to the list of known hosts.
Welcome to Ubuntu 22.04.1 LTS (GNU/Linux 5.15.0-46-generic x86_64)

 * Documentation:  https://help.ubuntu.com
 * Management:     https://landscape.canonical.com
 * Support:        https://ubuntu.com/advantage

  System information as of Thu Aug 25 18:03:00 UTC 2022

  System load:            0.03271484375
  Usage of /:             1.3% of 218.00GB
  Memory usage:           1%
  Swap usage:             0%
  Processes:              571
  Users logged in:        0
  IPv4 address for bond0: 139.178.83.133
  IPv6 address for bond0: 2604:1380:4641:3b00::15

0 updates can be applied immediately.



The programs included with the Ubuntu system are free software;
the exact distribution terms for each program are described in the
individual files in /usr/share/doc/*/copyright.

Ubuntu comes with ABSOLUTELY NO WARRANTY, to the extent permitted by
applicable law.

root@wv01:~# useradd -s /bin/bash -d /home/mfm/ -m -G sudo mfm
root@wv01:~# passwd mfm
New password:
Retype new password:
passwd: password updated successfully
root@wv01:~# cp -r ~/.ssh /home/mfm/.ssh
root@wv01:~# chown -R mfm:mfm /home/mfm/.ssh
root@wv01:~# exit
logout
Connection to 139.178.83.133 closed.

C:\Users\mikmoran>ssh mfm@139.178.83.133
Welcome to Ubuntu 22.04.1 LTS (GNU/Linux 5.15.0-46-generic x86_64)

 * Documentation:  https://help.ubuntu.com
 * Management:     https://landscape.canonical.com
 * Support:        https://ubuntu.com/advantage

  System information as of Thu Aug 25 18:06:08 UTC 2022

  System load:            0.0
  Usage of /:             1.3% of 218.00GB
  Memory usage:           1%
  Swap usage:             0%
  Processes:              570
  Users logged in:        0
  IPv4 address for bond0: 139.178.83.133
  IPv6 address for bond0: 2604:1380:4641:3b00::15


0 updates can be applied immediately.



The programs included with the Ubuntu system are free software;
the exact distribution terms for each program are described in the
individual files in /usr/share/doc/*/copyright.

Ubuntu comes with ABSOLUTELY NO WARRANTY, to the extent permitted by
applicable law.

To run a command as administrator (user "root"), use "sudo <command>".
See "man sudo_root" for details.

mfm@wv01:~$ vi u2204
mfm@wv01:~$ sudo apt update
[sudo] password for mfm:
Hit:1 http://archive.ubuntu.com/ubuntu jammy InRelease
Get:2 http://archive.ubuntu.com/ubuntu jammy-updates InRelease [114 kB]
Get:3 http://security.ubuntu.com/ubuntu jammy-security InRelease [110 kB]
Get:4 http://archive.ubuntu.com/ubuntu jammy-backports InRelease [99.8 kB]
Get:5 http://security.ubuntu.com/ubuntu jammy-security/main amd64 Packages [275 kB]
Get:6 http://archive.ubuntu.com/ubuntu jammy-updates/main amd64 Packages [519 kB]
Get:7 http://archive.ubuntu.com/ubuntu jammy-updates/main Translation-en [124 kB]
Get:8 http://security.ubuntu.com/ubuntu jammy-security/main Translation-en [66.3 kB]
Get:9 http://archive.ubuntu.com/ubuntu jammy-updates/main amd64 c-n-f Metadata [8004 B]
Get:10 http://archive.ubuntu.com/ubuntu jammy-updates/restricted amd64 Packages [282 kB]
Get:11 http://security.ubuntu.com/ubuntu jammy-security/restricted amd64 Packages [250 kB]
Get:12 http://archive.ubuntu.com/ubuntu jammy-updates/restricted Translation-en [43.8 kB]
Get:13 http://security.ubuntu.com/ubuntu jammy-security/restricted Translation-en [38.6 kB]
Get:14 http://archive.ubuntu.com/ubuntu jammy-updates/universe amd64 Packages [221 kB]
Get:15 http://security.ubuntu.com/ubuntu jammy-security/universe amd64 Packages [116 kB]
Get:16 http://archive.ubuntu.com/ubuntu jammy-updates/universe Translation-en [74.8 kB]
Get:17 http://archive.ubuntu.com/ubuntu jammy-backports/main amd64 Packages [3008 B]
Get:18 http://archive.ubuntu.com/ubuntu jammy-backports/main Translation-en [1432 B]
Get:19 http://archive.ubuntu.com/ubuntu jammy-backports/main amd64 c-n-f Metadata [272 B]
Get:20 http://archive.ubuntu.com/ubuntu jammy-backports/universe amd64 Packages [6724 B]
Get:21 http://security.ubuntu.com/ubuntu jammy-security/universe Translation-en [40.7 kB]
Get:22 http://archive.ubuntu.com/ubuntu jammy-backports/universe Translation-en [9216 B]
Get:23 http://archive.ubuntu.com/ubuntu jammy-backports/universe amd64 c-n-f Metadata [352 B]
Fetched 2405 kB in 2s (1519 kB/s)
Reading package lists... Done
Building dependency tree... Done
Reading state information... Done
7 packages can be upgraded. Run 'apt list --upgradable' to see them.
mfm@wv01:~$ sudo bash
root@wv01:/home/mfm# exit
exit
mfm@wv01:~$ . u2204
Hit:1 http://archive.ubuntu.com/ubuntu jammy InRelease
Hit:2 http://archive.ubuntu.com/ubuntu jammy-updates InRelease
Hit:3 http://security.ubuntu.com/ubuntu jammy-security InRelease
Hit:4 http://archive.ubuntu.com/ubuntu jammy-backports InRelease
Reading package lists... Done
Building dependency tree... Done
Reading state information... Done
7 packages can be upgraded. Run 'apt list --upgradable' to see them.
Reading package lists... Done
Building dependency tree... Done
Reading state information... Done
ca-certificates is already the newest version (20211016).
ca-certificates set to manually installed.
lsb-release is already the newest version (11.1.0ubuntu4).
lsb-release set to manually installed.
curl is already the newest version (7.81.0-1ubuntu1.3).
curl set to manually installed.
gnupg is already the newest version (2.2.27-3ubuntu2.1).
gnupg set to manually installed.
0 upgraded, 0 newly installed, 0 to remove and 7 not upgraded.
deb [arch=amd64 signed-by=/usr/share/keyrings/docker-archive-keyring.gpg] https://download.docker.com/linux/ubuntu jammy stable
Get:1 https://download.docker.com/linux/ubuntu jammy InRelease [48.9 kB]
Get:2 https://download.docker.com/linux/ubuntu jammy/stable amd64 Packages [6255 B]
Hit:3 http://security.ubuntu.com/ubuntu jammy-security InRelease
Hit:4 http://archive.ubuntu.com/ubuntu jammy InRelease
Hit:5 http://archive.ubuntu.com/ubuntu jammy-updates InRelease
Hit:6 http://archive.ubuntu.com/ubuntu jammy-backports InRelease
Fetched 55.1 kB in 1s (67.8 kB/s)
Reading package lists... Done
Building dependency tree... Done
Reading state information... Done
7 packages can be upgraded. Run 'apt list --upgradable' to see them.
Reading package lists... Done
Building dependency tree... Done
Reading state information... Done
The following NEW packages will be installed:
  containerd.io
0 upgraded, 1 newly installed, 0 to remove and 7 not upgraded.
Need to get 28.1 MB of archives.
After this operation, 127 MB of additional disk space will be used.
Get:1 https://download.docker.com/linux/ubuntu jammy/stable amd64 containerd.io amd64 1.6.7-1 [28.1 MB]
Fetched 28.1 MB in 0s (99.1 MB/s)
Selecting previously unselected package containerd.io.
(Reading database ... 73720 files and directories currently installed.)
Preparing to unpack .../containerd.io_1.6.7-1_amd64.deb ...
Unpacking containerd.io (1.6.7-1) ...
Setting up containerd.io (1.6.7-1) ...
Created symlink /etc/systemd/system/multi-user.target.wants/containerd.service → /lib/systemd/system/containerd.service.Processing triggers for man-db (2.10.2-1) ...
Scanning processes...
Scanning processor microcode...
Scanning linux images...

Running kernel seems to be up-to-date.

The processor microcode seems to be up-to-date.

No services need to be restarted.

No containers need to be restarted.

No user sessions are running outdated binaries.

No VM guests are running outdated hypervisor (qemu) binaries on this host.
--2022-08-25 18:08:29--  https://github.com/opencontainers/runc/releases/download/v1.1.1/runc.amd64
Resolving github.com (github.com)... 140.82.113.4
Connecting to github.com (github.com)|140.82.113.4|:443... connected.
HTTP request sent, awaiting response... 302 Found
Location: https://objects.githubusercontent.com/github-production-release-asset-2e65be/36960321/decb03b0-76a4-4ee7-bd06-4e3a548d9f87?X-Amz-Algorithm=AWS4-HMAC-SHA256&X-Amz-Credential=AKIAIWNJYAX4CSVEH53A%2F20220825%2Fus-east-1%2Fs3%2Faws4_request&X-Amz-Date=20220825T180829Z&X-Amz-Expires=300&X-Amz-Signature=e999185d5392abddca95312364177ec9adadc7dafd73fbea353845f2de71bcd7&X-Amz-SignedHeaders=host&actor_id=0&key_id=0&repo_id=36960321&response-content-disposition=attachment%3B%20filename%3Drunc.amd64&response-content-type=application%2Foctet-stream [following]
--2022-08-25 18:08:29--  https://objects.githubusercontent.com/github-production-release-asset-2e65be/36960321/decb03b0-76a4-4ee7-bd06-4e3a548d9f87?X-Amz-Algorithm=AWS4-HMAC-SHA256&X-Amz-Credential=AKIAIWNJYAX4CSVEH53A%2F20220825%2Fus-east-1%2Fs3%2Faws4_request&X-Amz-Date=20220825T180829Z&X-Amz-Expires=300&X-Amz-Signature=e999185d5392abddca95312364177ec9adadc7dafd73fbea353845f2de71bcd7&X-Amz-SignedHeaders=host&actor_id=0&key_id=0&repo_id=36960321&response-content-disposition=attachment%3B%20filename%3Drunc.amd64&response-content-type=application%2Foctet-stream
Resolving objects.githubusercontent.com (objects.githubusercontent.com)... 185.199.110.133, 185.199.109.133, 185.199.111.133, ...
Connecting to objects.githubusercontent.com (objects.githubusercontent.com)|185.199.110.133|:443... connected.
HTTP request sent, awaiting response... 200 OK
Length: 9415040 (9.0M) [application/octet-stream]
Saving to: ‘runc.amd64’

runc.amd64                    100%[=================================================>]   8.98M  --.-KB/s    in 0.1s

2022-08-25 18:08:30 (64.3 MB/s) - ‘runc.amd64’ saved [9415040/9415040]

disabled_plugins = []
imports = []
oom_score = 0
plugin_dir = ""
required_plugins = []
root = "/var/lib/containerd"
state = "/run/containerd"
temp = ""
version = 2

[cgroup]
  path = ""

[debug]
  address = ""
  format = ""
  gid = 0
  level = ""
  uid = 0

[grpc]
  address = "/run/containerd/containerd.sock"
  gid = 0
  max_recv_message_size = 16777216
  max_send_message_size = 16777216
  tcp_address = ""
  tcp_tls_ca = ""
  tcp_tls_cert = ""
  tcp_tls_key = ""
  uid = 0

[metrics]
  address = ""
  grpc_histogram = false

[plugins]

  [plugins."io.containerd.gc.v1.scheduler"]
    deletion_threshold = 0
    mutation_threshold = 100
    pause_threshold = 0.02
    schedule_delay = "0s"
    startup_delay = "100ms"

  [plugins."io.containerd.grpc.v1.cri"]
    device_ownership_from_security_context = false
    disable_apparmor = false
    disable_cgroup = false
    disable_hugetlb_controller = true
    disable_proc_mount = false
    disable_tcp_service = true
    enable_selinux = false
    enable_tls_streaming = false
    enable_unprivileged_icmp = false
    enable_unprivileged_ports = false
    ignore_image_defined_volumes = false
    max_concurrent_downloads = 3
    max_container_log_line_size = 16384
    netns_mounts_under_state_dir = false
    restrict_oom_score_adj = false
    sandbox_image = "k8s.gcr.io/pause:3.6"
    selinux_category_range = 1024
    stats_collect_period = 10
    stream_idle_timeout = "4h0m0s"
    stream_server_address = "127.0.0.1"
    stream_server_port = "0"
    systemd_cgroup = false
    tolerate_missing_hugetlb_controller = true
    unset_seccomp_profile = ""

    [plugins."io.containerd.grpc.v1.cri".cni]
      bin_dir = "/opt/cni/bin"
      conf_dir = "/etc/cni/net.d"
      conf_template = ""
      ip_pref = ""
      max_conf_num = 1

    [plugins."io.containerd.grpc.v1.cri".containerd]
      default_runtime_name = "runc"
      disable_snapshot_annotations = true
      discard_unpacked_layers = false
      ignore_rdt_not_enabled_errors = false
      no_pivot = false
      snapshotter = "overlayfs"

      [plugins."io.containerd.grpc.v1.cri".containerd.default_runtime]
        base_runtime_spec = ""
        cni_conf_dir = ""
        cni_max_conf_num = 0
        container_annotations = []
        pod_annotations = []
        privileged_without_host_devices = false
        runtime_engine = ""
        runtime_path = ""
        runtime_root = ""
        runtime_type = ""

        [plugins."io.containerd.grpc.v1.cri".containerd.default_runtime.options]

      [plugins."io.containerd.grpc.v1.cri".containerd.runtimes]

        [plugins."io.containerd.grpc.v1.cri".containerd.runtimes.runc]
          base_runtime_spec = ""
          cni_conf_dir = ""
          cni_max_conf_num = 0
          container_annotations = []
          pod_annotations = []
          privileged_without_host_devices = false
          runtime_engine = ""
          runtime_path = ""
          runtime_root = ""
          runtime_type = "io.containerd.runc.v2"

          [plugins."io.containerd.grpc.v1.cri".containerd.runtimes.runc.options]
            BinaryName = ""
            CriuImagePath = ""
            CriuPath = ""
            CriuWorkPath = ""
            IoGid = 0
            IoUid = 0
            NoNewKeyring = false
            NoPivotRoot = false
            Root = ""
            ShimCgroup = ""
            SystemdCgroup = false

      [plugins."io.containerd.grpc.v1.cri".containerd.untrusted_workload_runtime]
        base_runtime_spec = ""
        cni_conf_dir = ""
        cni_max_conf_num = 0
        container_annotations = []
        pod_annotations = []
        privileged_without_host_devices = false
        runtime_engine = ""
        runtime_path = ""
        runtime_root = ""
        runtime_type = ""

        [plugins."io.containerd.grpc.v1.cri".containerd.untrusted_workload_runtime.options]

    [plugins."io.containerd.grpc.v1.cri".image_decryption]
      key_model = "node"

    [plugins."io.containerd.grpc.v1.cri".registry]
      config_path = ""

      [plugins."io.containerd.grpc.v1.cri".registry.auths]

      [plugins."io.containerd.grpc.v1.cri".registry.configs]

      [plugins."io.containerd.grpc.v1.cri".registry.headers]

      [plugins."io.containerd.grpc.v1.cri".registry.mirrors]

    [plugins."io.containerd.grpc.v1.cri".x509_key_pair_streaming]
      tls_cert_file = ""
      tls_key_file = ""

  [plugins."io.containerd.internal.v1.opt"]
    path = "/opt/containerd"

  [plugins."io.containerd.internal.v1.restart"]
    interval = "10s"

  [plugins."io.containerd.internal.v1.tracing"]
    sampling_ratio = 1.0
    service_name = "containerd"

  [plugins."io.containerd.metadata.v1.bolt"]
    content_sharing_policy = "shared"

  [plugins."io.containerd.monitor.v1.cgroups"]
    no_prometheus = false

  [plugins."io.containerd.runtime.v1.linux"]
    no_shim = false
    runtime = "runc"
    runtime_root = ""
    shim = "containerd-shim"
    shim_debug = false

  [plugins."io.containerd.runtime.v2.task"]
    platforms = ["linux/amd64"]
    sched_core = false

  [plugins."io.containerd.service.v1.diff-service"]
    default = ["walking"]

  [plugins."io.containerd.service.v1.tasks-service"]
    rdt_config_file = ""

  [plugins."io.containerd.snapshotter.v1.aufs"]
    root_path = ""

  [plugins."io.containerd.snapshotter.v1.btrfs"]
    root_path = ""

  [plugins."io.containerd.snapshotter.v1.devmapper"]
    async_remove = false
    base_image_size = ""
    discard_blocks = false
    fs_options = ""
    fs_type = ""
    pool_name = ""
    root_path = ""

  [plugins."io.containerd.snapshotter.v1.native"]
    root_path = ""

  [plugins."io.containerd.snapshotter.v1.overlayfs"]
    root_path = ""
    upperdir_label = false

  [plugins."io.containerd.snapshotter.v1.zfs"]
    root_path = ""

  [plugins."io.containerd.tracing.processor.v1.otlp"]
    endpoint = ""
    insecure = false
    protocol = ""

[proxy_plugins]

[stream_processors]

  [stream_processors."io.containerd.ocicrypt.decoder.v1.tar"]
    accepts = ["application/vnd.oci.image.layer.v1.tar+encrypted"]
    args = ["--decryption-keys-path", "/etc/containerd/ocicrypt/keys"]
    env = ["OCICRYPT_KEYPROVIDER_CONFIG=/etc/containerd/ocicrypt/ocicrypt_keyprovider.conf"]
    path = "ctd-decoder"
    returns = "application/vnd.oci.image.layer.v1.tar"

  [stream_processors."io.containerd.ocicrypt.decoder.v1.tar.gzip"]
    accepts = ["application/vnd.oci.image.layer.v1.tar+gzip+encrypted"]
    args = ["--decryption-keys-path", "/etc/containerd/ocicrypt/keys"]
    env = ["OCICRYPT_KEYPROVIDER_CONFIG=/etc/containerd/ocicrypt/ocicrypt_keyprovider.conf"]
    path = "ctd-decoder"
    returns = "application/vnd.oci.image.layer.v1.tar+gzip"

[timeouts]
  "io.containerd.timeout.bolt.open" = "0s"
  "io.containerd.timeout.shim.cleanup" = "5s"
  "io.containerd.timeout.shim.load" = "5s"
  "io.containerd.timeout.shim.shutdown" = "3s"
  "io.containerd.timeout.task.state" = "2s"

[ttrpc]
  address = ""
  gid = 0
  uid = 0
Rules updated
Rules updated (v6)
Rules updated
Rules updated (v6)
Rules updated
Rules updated (v6)
Rules updated
Rules updated (v6)
Rules updated
Rules updated (v6)
Rules updated
Rules updated (v6)
Firewall not enabled (skipping reload)
Skipping adding existing rule
Skipping adding existing rule (v6)
Rules updated
Rules updated (v6)
Firewall not enabled (skipping reload)
br_netfilter
net.bridge.bridge-nf-call-ip6tables = 1
net.bridge.bridge-nf-call-iptables = 1
net.ipv4.ip_forward = 1
* Applying /etc/sysctl.d/10-console-messages.conf ...
kernel.printk = 4 4 1 7
* Applying /etc/sysctl.d/10-ipv6-privacy.conf ...
net.ipv6.conf.all.use_tempaddr = 2
net.ipv6.conf.default.use_tempaddr = 2
* Applying /etc/sysctl.d/10-kernel-hardening.conf ...
kernel.kptr_restrict = 1
* Applying /etc/sysctl.d/10-magic-sysrq.conf ...
kernel.sysrq = 176
* Applying /etc/sysctl.d/10-network-security.conf ...
net.ipv4.conf.default.rp_filter = 2
net.ipv4.conf.all.rp_filter = 2
* Applying /etc/sysctl.d/10-ptrace.conf ...
kernel.yama.ptrace_scope = 1
* Applying /etc/sysctl.d/10-zeropage.conf ...
vm.mmap_min_addr = 65536
* Applying /usr/lib/sysctl.d/50-default.conf ...
kernel.core_uses_pid = 1
net.ipv4.conf.default.rp_filter = 2
net.ipv4.conf.default.accept_source_route = 0
sysctl: setting key "net.ipv4.conf.all.accept_source_route": Invalid argument
net.ipv4.conf.default.promote_secondaries = 1
sysctl: setting key "net.ipv4.conf.all.promote_secondaries": Invalid argument
net.ipv4.ping_group_range = 0 2147483647
net.core.default_qdisc = fq_codel
fs.protected_hardlinks = 1
fs.protected_symlinks = 1
fs.protected_regular = 1
fs.protected_fifos = 1
* Applying /usr/lib/sysctl.d/50-pid-max.conf ...
kernel.pid_max = 4194304
* Applying /etc/sysctl.d/99-cloudimg-ipv6.conf ...
net.ipv6.conf.all.use_tempaddr = 0
net.ipv6.conf.default.use_tempaddr = 0
* Applying /usr/lib/sysctl.d/99-protect-links.conf ...
fs.protected_fifos = 1
fs.protected_hardlinks = 1
fs.protected_regular = 2
fs.protected_symlinks = 1
* Applying /etc/sysctl.d/99-sysctl.conf ...
net.core.rmem_default = 12582912
net.core.wmem_default = 12582912
net.core.rmem_max = 12582912
net.core.wmem_max = 12582912
net.ipv4.tcp_rmem = 10240 87380 12582912
net.ipv4.tcp_wmem = 10240 87380 12582912
net.ipv4.tcp_congestion_control = westwood
* Applying /etc/sysctl.d/k8s.conf ...
net.ipv4.ip_forward = 1
* Applying /etc/sysctl.conf ...
net.core.rmem_default = 12582912
net.core.wmem_default = 12582912
net.core.rmem_max = 12582912
net.core.wmem_max = 12582912
net.ipv4.tcp_rmem = 10240 87380 12582912
net.ipv4.tcp_wmem = 10240 87380 12582912
net.ipv4.tcp_congestion_control = westwood
UUID=b8a094c4-9362-4a3f-83ba-fcc2f80d9022       /       ext4    errors=remount-ro       0       1
#UUID=e506ebef-f78c-4df9-b01b-dc7a8888237e      none    swap    none    0       0

net.bridge.bridge-nf-call-iptables = 1
Hit:1 https://download.docker.com/linux/ubuntu jammy InRelease
Hit:2 http://security.ubuntu.com/ubuntu jammy-security InRelease
Hit:3 http://archive.ubuntu.com/ubuntu jammy InRelease
Hit:4 http://archive.ubuntu.com/ubuntu jammy-updates InRelease
Hit:5 http://archive.ubuntu.com/ubuntu jammy-backports InRelease
Reading package lists... Done
Building dependency tree... Done
Reading state information... Done
7 packages can be upgraded. Run 'apt list --upgradable' to see them.
Reading package lists... Done
Building dependency tree... Done
Reading state information... Done
ca-certificates is already the newest version (20211016).
curl is already the newest version (7.81.0-1ubuntu1.3).
apt-transport-https is already the newest version (2.4.7).
0 upgraded, 0 newly installed, 0 to remove and 7 not upgraded.
deb [signed-by=/usr/share/keyrings/kubernetes-archive-keyring.gpg] https://apt.kubernetes.io/ kubernetes-xenial main
Hit:1 https://download.docker.com/linux/ubuntu jammy InRelease
Hit:3 http://security.ubuntu.com/ubuntu jammy-security InRelease
Hit:4 http://archive.ubuntu.com/ubuntu jammy InRelease
Hit:5 http://archive.ubuntu.com/ubuntu jammy-updates InRelease
Hit:6 http://archive.ubuntu.com/ubuntu jammy-backports InRelease
Get:2 https://packages.cloud.google.com/apt kubernetes-xenial InRelease [9383 B]
Get:7 https://packages.cloud.google.com/apt kubernetes-xenial/main amd64 Packages [58.4 kB]
Fetched 67.8 kB in 1s (114 kB/s)
Reading package lists... Done
Building dependency tree... Done
Reading state information... Done
7 packages can be upgraded. Run 'apt list --upgradable' to see them.
Reading package lists... Done
Building dependency tree... Done
Reading state information... Done
The following additional packages will be installed:
  conntrack cri-tools ebtables kubernetes-cni socat
The following NEW packages will be installed:
  conntrack cri-tools ebtables kubeadm kubectl kubelet kubernetes-cni socat
0 upgraded, 8 newly installed, 0 to remove and 7 not upgraded.
Need to get 75.9 MB of archives.
After this operation, 310 MB of additional disk space will be used.
Get:1 https://packages.cloud.google.com/apt kubernetes-xenial/main amd64 cri-tools amd64 1.24.2-00 [12.3 MB]
Get:6 http://archive.ubuntu.com/ubuntu jammy/main amd64 conntrack amd64 1:1.4.6-2build2 [33.5 kB]
Get:2 https://packages.cloud.google.com/apt kubernetes-xenial/main amd64 kubernetes-cni amd64 0.8.7-00 [25.0 MB]
Get:7 http://archive.ubuntu.com/ubuntu jammy/main amd64 ebtables amd64 2.0.11-4build2 [84.9 kB]
Get:8 http://archive.ubuntu.com/ubuntu jammy/main amd64 socat amd64 1.7.4.1-3ubuntu4 [349 kB]
Get:3 https://packages.cloud.google.com/apt kubernetes-xenial/main amd64 kubelet amd64 1.25.0-00 [19.5 MB]
Get:4 https://packages.cloud.google.com/apt kubernetes-xenial/main amd64 kubectl amd64 1.25.0-00 [9500 kB]
Get:5 https://packages.cloud.google.com/apt kubernetes-xenial/main amd64 kubeadm amd64 1.25.0-00 [9213 kB]
Fetched 75.9 MB in 5s (14.1 MB/s)
Selecting previously unselected package conntrack.
(Reading database ... 73736 files and directories currently installed.)
Preparing to unpack .../0-conntrack_1%3a1.4.6-2build2_amd64.deb ...
Unpacking conntrack (1:1.4.6-2build2) ...
Selecting previously unselected package cri-tools.
Preparing to unpack .../1-cri-tools_1.24.2-00_amd64.deb ...
Unpacking cri-tools (1.24.2-00) ...
Selecting previously unselected package ebtables.
Preparing to unpack .../2-ebtables_2.0.11-4build2_amd64.deb ...
Unpacking ebtables (2.0.11-4build2) ...
Selecting previously unselected package kubernetes-cni.
Preparing to unpack .../3-kubernetes-cni_0.8.7-00_amd64.deb ...
Unpacking kubernetes-cni (0.8.7-00) ...
Selecting previously unselected package socat.
Preparing to unpack .../4-socat_1.7.4.1-3ubuntu4_amd64.deb ...
Unpacking socat (1.7.4.1-3ubuntu4) ...
Selecting previously unselected package kubelet.
Preparing to unpack .../5-kubelet_1.25.0-00_amd64.deb ...
Unpacking kubelet (1.25.0-00) ...
Selecting previously unselected package kubectl.
Preparing to unpack .../6-kubectl_1.25.0-00_amd64.deb ...
Unpacking kubectl (1.25.0-00) ...
Selecting previously unselected package kubeadm.
Preparing to unpack .../7-kubeadm_1.25.0-00_amd64.deb ...
Unpacking kubeadm (1.25.0-00) ...
Setting up conntrack (1:1.4.6-2build2) ...
Setting up kubectl (1.25.0-00) ...
Setting up ebtables (2.0.11-4build2) ...
Setting up socat (1.7.4.1-3ubuntu4) ...
Setting up cri-tools (1.24.2-00) ...
Setting up kubernetes-cni (0.8.7-00) ...
Setting up kubelet (1.25.0-00) ...
Created symlink /etc/systemd/system/multi-user.target.wants/kubelet.service → /lib/systemd/system/kubelet.service.
Setting up kubeadm (1.25.0-00) ...
Processing triggers for man-db (2.10.2-1) ...
Scanning processes...
Scanning processor microcode...
Scanning linux images...

Running kernel seems to be up-to-date.

The processor microcode seems to be up-to-date.

No services need to be restarted.

No containers need to be restarted.

No user sessions are running outdated binaries.

No VM guests are running outdated hypervisor (qemu) binaries on this host.
mfm@wv01:~$ sudo kubeadm init --pod-network-cidr=192.168.0.0/16
[init] Using Kubernetes version: v1.25.0
[preflight] Running pre-flight checks
        [WARNING SystemVerification]: missing optional cgroups: blkio
[preflight] Pulling images required for setting up a Kubernetes cluster
[preflight] This might take a minute or two, depending on the speed of your internet connection
[preflight] You can also perform this action in beforehand using 'kubeadm config images pull'
[certs] Using certificateDir folder "/etc/kubernetes/pki"
[certs] Generating "ca" certificate and key
[certs] Generating "apiserver" certificate and key
[certs] apiserver serving cert is signed for DNS names [kubernetes kubernetes.default kubernetes.default.svc kubernetes.default.svc.cluster.local wv01] and IPs [10.96.0.1 139.178.83.133]
[certs] Generating "apiserver-kubelet-client" certificate and key
[certs] Generating "front-proxy-ca" certificate and key
[certs] Generating "front-proxy-client" certificate and key
[certs] Generating "etcd/ca" certificate and key
[certs] Generating "etcd/server" certificate and key
[certs] etcd/server serving cert is signed for DNS names [localhost wv01] and IPs [139.178.83.133 127.0.0.1 ::1]
[certs] Generating "etcd/peer" certificate and key
[certs] etcd/peer serving cert is signed for DNS names [localhost wv01] and IPs [139.178.83.133 127.0.0.1 ::1]
[certs] Generating "etcd/healthcheck-client" certificate and key
[certs] Generating "apiserver-etcd-client" certificate and key
[certs] Generating "sa" key and public key
[kubeconfig] Using kubeconfig folder "/etc/kubernetes"
[kubeconfig] Writing "admin.conf" kubeconfig file
[kubeconfig] Writing "kubelet.conf" kubeconfig file
[kubeconfig] Writing "controller-manager.conf" kubeconfig file
[kubeconfig] Writing "scheduler.conf" kubeconfig file
[kubelet-start] Writing kubelet environment file with flags to file "/var/lib/kubelet/kubeadm-flags.env"
[kubelet-start] Writing kubelet configuration to file "/var/lib/kubelet/config.yaml"
[kubelet-start] Starting the kubelet
[control-plane] Using manifest folder "/etc/kubernetes/manifests"
[control-plane] Creating static Pod manifest for "kube-apiserver"
[control-plane] Creating static Pod manifest for "kube-controller-manager"
[control-plane] Creating static Pod manifest for "kube-scheduler"
[etcd] Creating static Pod manifest for local etcd in "/etc/kubernetes/manifests"
[wait-control-plane] Waiting for the kubelet to boot up the control plane as static Pods from directory "/etc/kubernetes/manifests". This can take up to 4m0s
[apiclient] All control plane components are healthy after 5.001985 seconds
[upload-config] Storing the configuration used in ConfigMap "kubeadm-config" in the "kube-system" Namespace
[kubelet] Creating a ConfigMap "kubelet-config" in namespace kube-system with the configuration for the kubelets in the cluster
[upload-certs] Skipping phase. Please see --upload-certs
[mark-control-plane] Marking the node wv01 as control-plane by adding the labels: [node-role.kubernetes.io/control-plane node.kubernetes.io/exclude-from-external-load-balancers]
[mark-control-plane] Marking the node wv01 as control-plane by adding the taints [node-role.kubernetes.io/control-plane:NoSchedule]
[bootstrap-token] Using token: ogxa3x.htbi2b6fdz7jr798
[bootstrap-token] Configuring bootstrap tokens, cluster-info ConfigMap, RBAC Roles
[bootstrap-token] Configured RBAC rules to allow Node Bootstrap tokens to get nodes
[bootstrap-token] Configured RBAC rules to allow Node Bootstrap tokens to post CSRs in order for nodes to get long term certificate credentials
[bootstrap-token] Configured RBAC rules to allow the csrapprover controller automatically approve CSRs from a Node Bootstrap Token
[bootstrap-token] Configured RBAC rules to allow certificate rotation for all node client certificates in the cluster
[bootstrap-token] Creating the "cluster-info" ConfigMap in the "kube-public" namespace
[kubelet-finalize] Updating "/etc/kubernetes/kubelet.conf" to point to a rotatable kubelet client certificate and key
[addons] Applied essential addon: CoreDNS
[addons] Applied essential addon: kube-proxy

Your Kubernetes control-plane has initialized successfully!

To start using your cluster, you need to run the following as a regular user:

  mkdir -p $HOME/.kube
  sudo cp -i /etc/kubernetes/admin.conf $HOME/.kube/config
  sudo chown $(id -u):$(id -g) $HOME/.kube/config

Alternatively, if you are the root user, you can run:

  export KUBECONFIG=/etc/kubernetes/admin.conf

You should now deploy a pod network to the cluster.
Run "kubectl apply -f [podnetwork].yaml" with one of the options listed at:
  https://kubernetes.io/docs/concepts/cluster-administration/addons/

Then you can join any number of worker nodes by running the following on each as root:

kubeadm join 139.178.83.133:6443 --token ogxa3x.htbi2b6fdz7jr798 \
        --discovery-token-ca-cert-hash sha256:9185303c4d81ab979a2a625fc4f510bcb6d463303793fdb63dbc6c69917c9e8b
mfm@wv01:~$ mkdir -p $HOME/.kube
mfm@wv01:~$ sudo cp -i /etc/kubernetes/admin.conf $HOME/.kube/config
mfm@wv01:~$ sudo chown $(id -u):$(id -g) $HOME/.kube/config
mfm@wv01:~$ kubectl taint nodes --all node-role.kubernetes.io/master-
error: taint "node-role.kubernetes.io/master" not found
mfm@wv01:~$ kubectl get nodes --show-labels
NAME   STATUS     ROLES           AGE     VERSION   LABELS
wv01   NotReady   control-plane   2m45s   v1.25.0   beta.kubernetes.io/arch=amd64,beta.kubernetes.io/os=linux,kubernetes.io/arch=amd64,kubernetes.io/hostname=wv01,kubernetes.io/os=linux,node-role.kubernetes.io/control-plane=,node.kubernetes.io/exclude-from-external-load-balancers=
mfm@wv01:~$ kubectl taint nodes --all node-role.kubernetes.io/control-plane-
node/wv01 untainted
mfm@wv01:~$ kubectl create -f https://projectcalico.docs.tigera.io/manifests/tigera-operator.yaml
namespace/tigera-operator created
customresourcedefinition.apiextensions.k8s.io/bgpconfigurations.crd.projectcalico.org created
customresourcedefinition.apiextensions.k8s.io/bgppeers.crd.projectcalico.org created
customresourcedefinition.apiextensions.k8s.io/blockaffinities.crd.projectcalico.org created
customresourcedefinition.apiextensions.k8s.io/caliconodestatuses.crd.projectcalico.org created
customresourcedefinition.apiextensions.k8s.io/clusterinformations.crd.projectcalico.org created
customresourcedefinition.apiextensions.k8s.io/felixconfigurations.crd.projectcalico.org created
customresourcedefinition.apiextensions.k8s.io/globalnetworkpolicies.crd.projectcalico.org created
customresourcedefinition.apiextensions.k8s.io/globalnetworksets.crd.projectcalico.org created
customresourcedefinition.apiextensions.k8s.io/hostendpoints.crd.projectcalico.org created
customresourcedefinition.apiextensions.k8s.io/ipamblocks.crd.projectcalico.org created
customresourcedefinition.apiextensions.k8s.io/ipamconfigs.crd.projectcalico.org created
customresourcedefinition.apiextensions.k8s.io/ipamhandles.crd.projectcalico.org created
customresourcedefinition.apiextensions.k8s.io/ippools.crd.projectcalico.org created
customresourcedefinition.apiextensions.k8s.io/ipreservations.crd.projectcalico.org created
customresourcedefinition.apiextensions.k8s.io/kubecontrollersconfigurations.crd.projectcalico.org created
customresourcedefinition.apiextensions.k8s.io/networkpolicies.crd.projectcalico.org created
customresourcedefinition.apiextensions.k8s.io/networksets.crd.projectcalico.org created
customresourcedefinition.apiextensions.k8s.io/apiservers.operator.tigera.io created
customresourcedefinition.apiextensions.k8s.io/imagesets.operator.tigera.io created
customresourcedefinition.apiextensions.k8s.io/installations.operator.tigera.io created
customresourcedefinition.apiextensions.k8s.io/tigerastatuses.operator.tigera.io created
serviceaccount/tigera-operator created
clusterrole.rbac.authorization.k8s.io/tigera-operator created
clusterrolebinding.rbac.authorization.k8s.io/tigera-operator created
deployment.apps/tigera-operator created
mfm@wv01:~$ kubectl create -f https://projectcalico.docs.tigera.io/manifests/custom-resources.yaml
installation.operator.tigera.io/default created
apiserver.operator.tigera.io/default created
mfm@wv01:~$ sudo mkdir -p /k8s/weathervane/vol
mfm@wv01:~$ sudo chmod -R 777 /k8s
mfm@wv01:~$ git clone http://github.com/vmware/weathervane
Cloning into 'weathervane'...
warning: redirecting to https://github.com/vmware/weathervane/
remote: Enumerating objects: 19144, done.
remote: Counting objects: 100% (1935/1935), done.
remote: Compressing objects: 100% (630/630), done.
remote: Total 19144 (delta 1003), reused 1874 (delta 959), pack-reused 17209
Receiving objects: 100% (19144/19144), 64.62 MiB | 43.99 MiB/s, done.
Resolving deltas: 100% (11699/11699), done.
mfm@wv01:~$ cd weathervane/
mfm@wv01:/home/mfm/weathervane$ client_loop: send disconnect: Connection reset

C:\Users\mikmoran>ssh mfm@139.178.83.133
Welcome to Ubuntu 22.04.1 LTS (GNU/Linux 5.15.0-46-generic x86_64)

 * Documentation:  https://help.ubuntu.com
 * Management:     https://landscape.canonical.com
 * Support:        https://ubuntu.com/advantage

  System information as of Thu Aug 25 19:21:12 UTC 2022

  System load:            0.08935546875
  Usage of /:             2.6% of 218.00GB
  Memory usage:           3%
  Swap usage:             0%
  Processes:              642
  Users logged in:        1
  IPv4 address for bond0: 139.178.83.133
  IPv6 address for bond0: 2604:1380:4641:3b00::15


5 updates can be applied immediately.
3 of these updates are standard security updates.
To see these additional updates run: apt list --upgradable


Last login: Thu Aug 25 18:06:09 2022 from 165.204.84.11
mfm@wv01:~$ cd weathervane/
mfm@wv01:/home/mfm/weathervane$ cd configFiles/kubernetes/
mfm@wv01:/home/mfm/weathervane/configFiles/kubernetes$ ll
total 52
drwxrwxr-x 2 mfm mfm 4096 Aug 25 18:15 ./
drwxrwxr-x 4 mfm mfm 4096 Aug 25 18:15 ../
-rw-rw-r-- 1 mfm mfm 1843 Aug 25 18:15 auctionDataManager.yaml
-rw-rw-r-- 1 mfm mfm 3850 Aug 25 18:15 auctionbidservice.yaml
-rw-rw-r-- 1 mfm mfm 2468 Aug 25 18:15 auctionworkloadcontroller.yaml
-rw-rw-r-- 1 mfm mfm 2095 Aug 25 18:15 auctionworkloaddriver.yaml
-rw-rw-r-- 1 mfm mfm 3141 Aug 25 18:15 cassandra.yaml
-rw-rw-r-- 1 mfm mfm 2832 Aug 25 18:15 nginx.yaml
-rw-rw-r-- 1 mfm mfm 2832 Aug 25 18:15 postgresql.yaml
-rw-rw-r-- 1 mfm mfm 2395 Aug 25 18:15 rabbitmq.yaml
-rw-rw-r-- 1 mfm mfm 4288 Aug 25 18:15 tomcat.yaml
-rw-rw-r-- 1 mfm mfm 2423 Aug 25 18:15 zookeeper.yaml
mfm@wv01:/home/mfm/weathervane/configFiles/kubernetes$ grep 8080 *
auctionbidservice.yaml:  TOMCAT_HTTP_PORT: "8080"
auctionbidservice.yaml:        - containerPort: 8080
auctionbidservice.yaml:            - 'curl -s http://127.0.0.1:8080/auction/healthCheck | grep -Eq alive'
auctionbidservice.yaml:  - port: 8080
nginx.yaml:  APPSERVERS: "tomcat:8080"
nginx.yaml:  BIDSERVERS: "tomcat:8080"
tomcat.yaml:  TOMCAT_HTTP_PORT: "8080"
tomcat.yaml:        - containerPort: 8080
tomcat.yaml:            - 'curl -s http://127.0.0.1:8080/auction/healthCheck | grep -Eq alive'
tomcat.yaml:  - port: 8080
mfm@wv01:/home/mfm/weathervane/configFiles/kubernetes$ who
mfm      pts/0        2022-08-25 18:06 (165.204.84.11)
mfm      pts/1        2022-08-25 19:21 (165.204.84.11)
mfm@wv01:/home/mfm/weathervane/configFiles/kubernetes$ jobs
mfm@wv01:/home/mfm/weathervane/configFiles/kubernetes$ ps -a
    PID TTY          TIME CMD
 115735 pts/1    00:00:00 ps
mfm@wv01:/home/mfm/weathervane/configFiles/kubernetes$ who
mfm      pts/1        2022-08-25 19:21 (165.204.84.11)
mfm@wv01:/home/mfm/weathervane/configFiles/kubernetes$ history
    1  cd weathervane/
    2  cd configFiles/kubernetes/
    3  ll
    4  grep 8080 *
    5  who
    6  jobs
    7  ps -a
    8  who
    9  history
mfm@wv01:/home/mfm/weathervane/configFiles/kubernetes$ set
BASH=/bin/bash
BASHOPTS=checkwinsize:cmdhist:complete_fullquote:expand_aliases:extglob:extquote:force_fignore:globasciiranges:histappend:interactive_comments:login_shell:progcomp:promptvars:sourcepath
BASH_ALIASES=()
BASH_ARGC=([0]="0")
BASH_ARGV=()
BASH_CMDS=()
BASH_COMPLETION_VERSINFO=([0]="2" [1]="11")
BASH_LINENO=()
BASH_REMATCH=()
BASH_SOURCE=()
BASH_VERSINFO=([0]="5" [1]="1" [2]="16" [3]="1" [4]="release" [5]="x86_64-pc-linux-gnu")
BASH_VERSION='5.1.16(1)-release'
COLUMNS=120
COMP_WORDBREAKS=$' \t\n"\'><=;|&(:'
DBUS_SESSION_BUS_ADDRESS=unix:path=/run/user/1000/bus
DIRSTACK=()
EUID=1000
GROUPS=()
HISTCONTROL=ignoreboth
HISTFILE=/home/mfm//.bash_history
HISTFILESIZE=2000
HISTSIZE=1000
HOME=/home/mfm/
HOSTNAME=wv01
HOSTTYPE=x86_64
IFS=$' \t\n'
LANG=C.UTF-8
LESSCLOSE='/usr/bin/lesspipe %s %s'
LESSOPEN='| /usr/bin/lesspipe %s'
LINES=40
LOGNAME=mfm
LS_COLORS='rs=0:di=01;34:ln=01;36:mh=00:pi=40;33:so=01;35:do=01;35:bd=40;33;01:cd=40;33;01:or=40;31;01:mi=00:su=37;41:sg=30;43:ca=30;41:tw=30;42:ow=34;42:st=37;44:ex=01;32:*.tar=01;31:*.tgz=01;31:*.arc=01;31:*.arj=01;31:*.taz=01;31:*.lha=01;31:*.lz4=01;31:*.lzh=01;31:*.lzma=01;31:*.tlz=01;31:*.txz=01;31:*.tzo=01;31:*.t7z=01;31:*.zip=01;31:*.z=01;31:*.dz=01;31:*.gz=01;31:*.lrz=01;31:*.lz=01;31:*.lzo=01;31:*.xz=01;31:*.zst=01;31:*.tzst=01;31:*.bz2=01;31:*.bz=01;31:*.tbz=01;31:*.tbz2=01;31:*.tz=01;31:*.deb=01;31:*.rpm=01;31:*.jar=01;31:*.war=01;31:*.ear=01;31:*.sar=01;31:*.rar=01;31:*.alz=01;31:*.ace=01;31:*.zoo=01;31:*.cpio=01;31:*.7z=01;31:*.rz=01;31:*.cab=01;31:*.wim=01;31:*.swm=01;31:*.dwm=01;31:*.esd=01;31:*.jpg=01;35:*.jpeg=01;35:*.mjpg=01;35:*.mjpeg=01;35:*.gif=01;35:*.bmp=01;35:*.pbm=01;35:*.pgm=01;35:*.ppm=01;35:*.tga=01;35:*.xbm=01;35:*.xpm=01;35:*.tif=01;35:*.tiff=01;35:*.png=01;35:*.svg=01;35:*.svgz=01;35:*.mng=01;35:*.pcx=01;35:*.mov=01;35:*.mpg=01;35:*.mpeg=01;35:*.m2v=01;35:*.mkv=01;35:*.webm=01;35:*.webp=01;35:*.ogm=01;35:*.mp4=01;35:*.m4v=01;35:*.mp4v=01;35:*.vob=01;35:*.qt=01;35:*.nuv=01;35:*.wmv=01;35:*.asf=01;35:*.rm=01;35:*.rmvb=01;35:*.flc=01;35:*.avi=01;35:*.fli=01;35:*.flv=01;35:*.gl=01;35:*.dl=01;35:*.xcf=01;35:*.xwd=01;35:*.yuv=01;35:*.cgm=01;35:*.emf=01;35:*.ogv=01;35:*.ogx=01;35:*.aac=00;36:*.au=00;36:*.flac=00;36:*.m4a=00;36:*.mid=00;36:*.midi=00;36:*.mka=00;36:*.mp3=00;36:*.mpc=00;36:*.ogg=00;36:*.ra=00;36:*.wav=00;36:*.oga=00;36:*.opus=00;36:*.spx=00;36:*.xspf=00;36:'
MACHTYPE=x86_64-pc-linux-gnu
MAILCHECK=60
MOTD_SHOWN=pam
OLDPWD=/home/mfm/weathervane
OPTERR=1
OPTIND=1
OSTYPE=linux-gnu
PATH=/usr/local/sbin:/usr/local/bin:/usr/sbin:/usr/bin:/sbin:/bin:/usr/games:/usr/local/games:/snap/bin
PIPESTATUS=([0]="0")
PPID=59712
PS1='\[\e]0;\u@\h: \w\a\]${debian_chroot:+($debian_chroot)}\[\033[01;32m\]\u@\h\[\033[00m\]:\[\033[01;34m\]\w\[\033[00m\]\$ '
PS2='> '
PS4='+ '
PWD=/home/mfm/weathervane/configFiles/kubernetes
SHELL=/bin/bash
SHELLOPTS=braceexpand:emacs:hashall:histexpand:history:interactive-comments:monitor
SHLVL=1
SSH_CLIENT='165.204.84.11 15924 22'
SSH_CONNECTION='165.204.84.11 15924 139.178.83.133 22'
SSH_TTY=/dev/pts/1
TERM=xterm-256color
UID=1000
USER=mfm
XDG_DATA_DIRS=/usr/local/share:/usr/share:/var/lib/snapd/desktop
XDG_RUNTIME_DIR=/run/user/1000
XDG_SESSION_CLASS=user
XDG_SESSION_ID=7
XDG_SESSION_TYPE=tty
_=history
__git_printf_supports_v=yes
_backup_glob='@(#*#|*@(~|.@(bak|orig|rej|swp|dpkg*|rpm@(orig|new|save))))'
_xspecs=([tex]="!*.@(?(la)tex|texi|dtx|ins|ltx|dbj)" [freeamp]="!*.@(mp3|og[ag]|pls|m3u)" [gqmpeg]="!*.@(mp3|og[ag]|pls|m3u)" [texi2html]="!*.texi*" [hbpp]="!*.@([Pp][Rr][Gg]|[Cc][Ll][Pp])" [lowriter]="!*.@(sxw|stw|sxg|sgl|doc?([mx])|dot?([mx])|rtf|txt|htm|html|?(f)odt|ott|odm|pdf)" [rpm2cpio]="!*.[rs]pm" [localc]="!*.@(sxc|stc|xls?([bmx])|xlw|xlt?([mx])|[ct]sv|?(f)ods|ots)" [hbrun]="!*.[Hh][Rr][Bb]" [vi]="*.@([ao]|so|so.!(conf|*/*)|[rs]pm|gif|jp?(e)g|mp3|mp?(e)g|avi|asf|ogg|class)" [latex]="!*.@(?(la)tex|texi|dtx|ins|ltx|dbj)" [view]="*.@([ao]|so|so.!(conf|*/*)|[rs]pm|gif|jp?(e)g|mp3|mp?(e)g|avi|asf|ogg|class)" [madplay]="!*.mp3" [compress]="*.Z" [pdfjadetex]="!*.@(?(la)tex|texi|dtx|ins|ltx|dbj)" [pbunzip2]="!*.?(t)bz?(2)" [lrunzip]="!*.lrz" [gunzip]="!*.@(Z|[gGd]z|t[ag]z)" [oowriter]="!*.@(sxw|stw|sxg|sgl|doc?([mx])|dot?([mx])|rtf|txt|htm|html|?(f)odt|ott|odm|pdf)" [epiphany]="!*.@(?([xX]|[sS])[hH][tT][mM]?([lL]))" [acroread]="!*.[pf]df" [znew]="*.Z" [kwrite]="*.@([ao]|so|so.!(conf|*/*)|[rs]pm|gif|jp?(e)g|mp3|mp?(e)g|avi|asf|ogg|class)" [xemacs]="*.@([ao]|so|so.!(conf|*/*)|[rs]pm|gif|jp?(e)g|mp3|mp?(e)g|avi|asf|ogg|class)" [gview]="*.@([ao]|so|so.!(conf|*/*)|[rs]pm|gif|jp?(e)g|mp3|mp?(e)g|avi|asf|ogg|class)" [lzfgrep]="!*.@(tlz|lzma)" [lzless]="!*.@(tlz|lzma)" [cdiff]="!*.@(dif?(f)|?(d)patch)?(.@([gx]z|bz2|lzma))" [zipinfo]="!*.@(zip|[aegjswx]ar|exe|pk3|wsz|zargo|xpi|s[tx][cdiw]|sx[gm]|o[dt][tspgfc]|od[bm]|oxt|epub|apk|aab|ipa|do[ct][xm]|p[op]t[mx]|xl[st][xm]|pyz|whl)" [pdflatex]="!*.@(?(la)tex|texi|dtx|ins|ltx|dbj)" [portecle]="!@(*.@(ks|jks|jceks|p12|pfx|bks|ubr|gkr|cer|crt|cert|p7b|pkipath|pem|p10|csr|crl)|cacerts)" [modplugplay]="!*.@(669|abc|am[fs]|d[bs]m|dmf|far|it|mdl|m[eo]d|mid?(i)|mt[2m]|oct|okt?(a)|p[st]m|s[3t]m|ult|umx|wav|xm)" [lokalize]="!*.po" [lbzcat]="!*.?(t)bz?(2)" [qiv]="!*.@(gif|jp?(e)g|tif?(f)|png|p[bgp]m|bmp|x[bp]m|rle|rgb|pcx|fits|pm|svg)" [totem]="!*@(.@(mp?(e)g|MP?(E)G|wm[av]|WM[AV]|avi|AVI|asf|vob|VOB|bin|dat|divx|DIVX|vcd|ps|pes|fli|flv|FLV|fxm|FXM|viv|rm|ram|yuv|mov|MOV|qt|QT|web[am]|WEB[AM]|mp[234]|MP[234]|m?(p)4[av]|M?(P)4[AV]|mkv|MKV|og[agmvx]|OG[AGMVX]|t[ps]|T[PS]|m2t?(s)|M2T?(S)|mts|MTS|wav|WAV|flac|FLAC|asx|ASX|mng|MNG|srt|m[eo]d|M[EO]D|s[3t]m|S[3T]M|it|IT|xm|XM|iso|ISO)|+([0-9]).@(vdr|VDR))?(.@(crdownload|part))" [ps2pdfwr]="!*.@(?(e)ps|pdf)" [dvitype]="!*.dvi" [unpigz]="!*.@(Z|[gGdz]z|t[ag]z)" [mozilla]="!*.@(?([xX]|[sS])[hH][tT][mM]?([lL]))" [pdfunite]="!*.pdf" [gpdf]="!*.[pf]df" [texi2dvi]="!*.@(?(la)tex|texi|dtx|ins|ltx|dbj)" [bunzip2]="!*.?(t)bz?(2)" [zathura]="!*.@(cb[rz7t]|djv?(u)|?(e)ps|pdf)" [kaffeine]="!*@(.@(mp?(e)g|MP?(E)G|wm[av]|WM[AV]|avi|AVI|asf|vob|VOB|bin|dat|divx|DIVX|vcd|ps|pes|fli|flv|FLV|fxm|FXM|viv|rm|ram|yuv|mov|MOV|qt|QT|web[am]|WEB[AM]|mp[234]|MP[234]|m?(p)4[av]|M?(P)4[AV]|mkv|MKV|og[agmvx]|OG[AGMVX]|t[ps]|T[PS]|m2t?(s)|M2T?(S)|mts|MTS|wav|WAV|flac|FLAC|asx|ASX|mng|MNG|srt|m[eo]d|M[EO]D|s[3t]m|S[3T]M|it|IT|xm|XM|iso|ISO)|+([0-9]).@(vdr|VDR))?(.@(crdownload|part))" [mpg123]="!*.mp3" [lzegrep]="!*.@(tlz|lzma)" [xv]="!*.@(gif|jp?(e)g?(2)|j2[ck]|jp[2f]|tif?(f)|png|p[bgp]m|bmp|x[bp]m|rle|rgb|pcx|fits|pm|?(e)ps)" [xdvi]="!*.@(dvi|DVI)?(.@(gz|Z|bz2))" [xfig]="!*.fig" [xpdf]="!*.@(pdf|fdf)?(.@(gz|GZ|bz2|BZ2|Z))" [oobase]="!*.odb" [xelatex]="!*.@(?(la)tex|texi|dtx|ins|ltx|dbj)" [gharbour]="!*.@([Pp][Rr][Gg]|[Cc][Ll][Pp])" [bzcat]="!*.?(t)bz?(2)" [dragon]="!*@(.@(mp?(e)g|MP?(E)G|wm[av]|WM[AV]|avi|AVI|asf|vob|VOB|bin|dat|divx|DIVX|vcd|ps|pes|fli|flv|FLV|fxm|FXM|viv|rm|ram|yuv|mov|MOV|qt|QT|web[am]|WEB[AM]|mp[234]|MP[234]|m?(p)4[av]|M?(P)4[AV]|mkv|MKV|og[agmvx]|OG[AGMVX]|t[ps]|T[PS]|m2t?(s)|M2T?(S)|mts|MTS|wav|WAV|flac|FLAC|asx|ASX|mng|MNG|srt|m[eo]d|M[EO]D|s[3t]m|S[3T]M|it|IT|xm|XM|iso|ISO)|+([0-9]).@(vdr|VDR))?(.@(crdownload|part))" [xanim]="!*.@(mpg|mpeg|avi|mov|qt)" [lualatex]="!*.@(?(la)tex|texi|dtx|ins|ltx|dbj)" [rgview]="*.@([ao]|so|so.!(conf|*/*)|[rs]pm|gif|jp?(e)g|mp3|mp?(e)g|avi|asf|ogg|class)" [rvim]="*.@([ao]|so|so.!(conf|*/*)|[rs]pm|gif|jp?(e)g|mp3|mp?(e)g|avi|asf|ogg|class)" [xetex]="!*.@(?(la)tex|texi|dtx|ins|ltx|dbj)" [lomath]="!*.@(sxm|smf|mml|odf)" [zcat]="!*.@(Z|[gGd]z|t[ag]z)" [lynx]="!*.@(?([xX]|[sS])[hH][tT][mM]?([lL]))" [uncompress]="!*.Z" [xzcat]="!*.@(?(t)xz|tlz|lzma)" [vim]="*.@([ao]|so|so.!(conf|*/*)|[rs]pm|gif|jp?(e)g|mp3|mp?(e)g|avi|asf|ogg|class)" [loimpress]="!*.@(sxi|sti|pps?(x)|ppt?([mx])|pot?([mx])|?(f)odp|otp)" [dvipdf]="!*.dvi" [mpg321]="!*.mp3" [jadetex]="!*.@(?(la)tex|texi|dtx|ins|ltx|dbj)" [lobase]="!*.odb" [epdfview]="!*.pdf" [ps2pdf14]="!*.@(?(e)ps|pdf)" [ps2pdf13]="!*.@(?(e)ps|pdf)" [ps2pdf12]="!*.@(?(e)ps|pdf)" [poedit]="!*.po" [luatex]="!*.@(?(la)tex|texi|dtx|ins|ltx|dbj)" [kbabel]="!*.po" [bzme]="!*.@(zip|z|gz|tgz)" [dviselect]="!*.dvi" [realplay]="!*.@(rm?(j)|ra?(m)|smi?(l))" [kdvi]="!*.@(dvi|DVI)?(.@(gz|Z|bz2))" [elinks]="!*.@(?([xX]|[sS])[hH][tT][mM]?([lL]))" [kghostview]="!*.@(@(?(e)ps|?(E)PS|pdf|PDF)?(.gz|.GZ|.bz2|.BZ2|.Z))" [gtranslator]="!*.po" [unzip]="!*.@(zip|[aegjswx]ar|exe|pk3|wsz|zargo|xpi|s[tx][cdiw]|sx[gm]|o[dt][tspgfc]|od[bm]|oxt|epub|apk|aab|ipa|do[ct][xm]|p[op]t[mx]|xl[st][xm]|pyz|whl)" [ggv]="!*.@(@(?(e)ps|?(E)PS|pdf|PDF)?(.gz|.GZ|.bz2|.BZ2|.Z))" [oomath]="!*.@(sxm|smf|mml|odf)" [dvipdfmx]="!*.dvi" [makeinfo]="!*.texi*" [okular]="!*.@(okular|@(?(e|x)ps|?(E|X)PS|[pf]df|[PF]DF|dvi|DVI|cb[rz]|CB[RZ]|djv?(u)|DJV?(U)|dvi|DVI|gif|jp?(e)g|miff|tif?(f)|pn[gm]|p[bgp]m|bmp|xpm|ico|xwd|tga|pcx|GIF|JP?(E)G|MIFF|TIF?(F)|PN[GM]|P[BGP]M|BMP|XPM|ICO|XWD|TGA|PCX|epub|EPUB|odt|ODT|fb?(2)|FB?(2)|mobi|MOBI|g3|G3|chm|CHM)?(.?(gz|GZ|bz2|BZ2|xz|XZ)))" [sxemacs]="*.@([ao]|so|so.!(conf|*/*)|[rs]pm|gif|jp?(e)g|mp3|mp?(e)g|avi|asf|ogg|class)" [aviplay]="!*.@(avi|asf|wmv)" [rgvim]="*.@([ao]|so|so.!(conf|*/*)|[rs]pm|gif|jp?(e)g|mp3|mp?(e)g|avi|asf|ogg|class)" [dvipdfm]="!*.dvi" [ly2dvi]="!*.ly" [oodraw]="!*.@(sxd|std|sda|sdd|?(f)odg|otg)" [kpdf]="!*.@(?(e)ps|pdf)" [bibtex]="!*.aux" [netscape]="!*.@(?([xX]|[sS])[hH][tT][mM]?([lL]))" [emacs]="*.@([ao]|so|so.!(conf|*/*)|[rs]pm|gif|jp?(e)g|mp3|mp?(e)g|avi|asf|ogg|class)" [rview]="*.@([ao]|so|so.!(conf|*/*)|[rs]pm|gif|jp?(e)g|mp3|mp?(e)g|avi|asf|ogg|class)" [galeon]="!*.@(?([xX]|[sS])[hH][tT][mM]?([lL]))" [dillo]="!*.@(?([xX]|[sS])[hH][tT][mM]?([lL]))" [fbxine]="!*@(.@(mp?(e)g|MP?(E)G|wm[av]|WM[AV]|avi|AVI|asf|vob|VOB|bin|dat|divx|DIVX|vcd|ps|pes|fli|flv|FLV|fxm|FXM|viv|rm|ram|yuv|mov|MOV|qt|QT|web[am]|WEB[AM]|mp[234]|MP[234]|m?(p)4[av]|M?(P)4[AV]|mkv|MKV|og[agmvx]|OG[AGMVX]|t[ps]|T[PS]|m2t?(s)|M2T?(S)|mts|MTS|wav|WAV|flac|FLAC|asx|ASX|mng|MNG|srt|m[eo]d|M[EO]D|s[3t]m|S[3T]M|it|IT|xm|XM)|+([0-9]).@(vdr|VDR))?(.@(crdownload|part))" [oocalc]="!*.@(sxc|stc|xls?([bmx])|xlw|xlt?([mx])|[ct]sv|?(f)ods|ots)" [harbour]="!*.@([Pp][Rr][Gg]|[Cc][Ll][Pp])" [lodraw]="!*.@(sxd|std|sda|sdd|?(f)odg|otg)" [dvips]="!*.dvi" [ps2pdf]="!*.@(?(e)ps|pdf)" [kate]="*.@([ao]|so|so.!(conf|*/*)|[rs]pm|gif|jp?(e)g|mp3|mp?(e)g|avi|asf|ogg|class)" [kid3-qt]="!*.@(mp[234c]|og[ag]|@(fl|a)ac|m4[abp]|spx|tta|w?(a)v|wma|aif?(f)|asf|ape)" [pdftex]="!*.@(?(la)tex|texi|dtx|ins|ltx|dbj)" [gvim]="*.@([ao]|so|so.!(conf|*/*)|[rs]pm|gif|jp?(e)g|mp3|mp?(e)g|avi|asf|ogg|class)" [timidity]="!*.@(mid?(i)|rmi|rcp|[gr]36|g18|mod|xm|it|x3m|s[3t]m|kar)" [ogg123]="!*.@(og[ag]|m3u|flac|spx)" [lzgrep]="!*.@(tlz|lzma)" [ee]="!*.@(gif|jp?(e)g|miff|tif?(f)|pn[gm]|p[bgp]m|bmp|xpm|ico|xwd|tga|pcx)" [unlzma]="!*.@(tlz|lzma)" [lbunzip2]="!*.?(t)bz?(2)" [ooimpress]="!*.@(sxi|sti|pps?(x)|ppt?([mx])|pot?([mx])|?(f)odp|otp)" [xine]="!*@(.@(mp?(e)g|MP?(E)G|wm[av]|WM[AV]|avi|AVI|asf|vob|VOB|bin|dat|divx|DIVX|vcd|ps|pes|fli|flv|FLV|fxm|FXM|viv|rm|ram|yuv|mov|MOV|qt|QT|web[am]|WEB[AM]|mp[234]|MP[234]|m?(p)4[av]|M?(P)4[AV]|mkv|MKV|og[agmvx]|OG[AGMVX]|t[ps]|T[PS]|m2t?(s)|M2T?(S)|mts|MTS|wav|WAV|flac|FLAC|asx|ASX|mng|MNG|srt|m[eo]d|M[EO]D|s[3t]m|S[3T]M|it|IT|xm|XM)|+([0-9]).@(vdr|VDR))?(.@(crdownload|part))" [amaya]="!*.@(?([xX]|[sS])[hH][tT][mM]?([lL]))" [gv]="!*.@(@(?(e)ps|?(E)PS|pdf|PDF)?(.gz|.GZ|.bz2|.BZ2|.Z))" [kid3]="!*.@(mp[234c]|og[ag]|@(fl|a)ac|m4[abp]|spx|tta|w?(a)v|wma|aif?(f)|asf|ape)" [lilypond]="!*.ly" [modplug123]="!*.@(669|abc|am[fs]|d[bs]m|dmf|far|it|mdl|m[eo]d|mid?(i)|mt[2m]|oct|okt?(a)|p[st]m|s[3t]m|ult|umx|wav|xm)" [pbzcat]="!*.?(t)bz?(2)" [unxz]="!*.@(?(t)xz|tlz|lzma)" [playmidi]="!*.@(mid?(i)|cmf)" [lzcat]="!*.@(tlz|lzma)" [slitex]="!*.@(?(la)tex|texi|dtx|ins|ltx|dbj)" [aaxine]="!*@(.@(mp?(e)g|MP?(E)G|wm[av]|WM[AV]|avi|AVI|asf|vob|VOB|bin|dat|divx|DIVX|vcd|ps|pes|fli|flv|FLV|fxm|FXM|viv|rm|ram|yuv|mov|MOV|qt|QT|web[am]|WEB[AM]|mp[234]|MP[234]|m?(p)4[av]|M?(P)4[AV]|mkv|MKV|og[agmvx]|OG[AGMVX]|t[ps]|T[PS]|m2t?(s)|M2T?(S)|mts|MTS|wav|WAV|flac|FLAC|asx|ASX|mng|MNG|srt|m[eo]d|M[EO]D|s[3t]m|S[3T]M|it|IT|xm|XM)|+([0-9]).@(vdr|VDR))?(.@(crdownload|part))" [advi]="!*.dvi" [lzmore]="!*.@(tlz|lzma)" )
snap_bin_path=/snap/bin
snap_xdg_path=/var/lib/snapd/desktop
__expand_tilde_by_ref ()
{
    if [[ ${!1-} == \~* ]]; then
        eval $1="$(printf ~%q "${!1#\~}")";
    fi
}
__get_cword_at_cursor_by_ref ()
{
    local cword words=();
    __reassemble_comp_words_by_ref "$1" words cword;
    local i cur="" index=$COMP_POINT lead=${COMP_LINE:0:COMP_POINT};
    if [[ $index -gt 0 && ( -n $lead && -n ${lead//[[:space:]]/} ) ]]; then
        cur=$COMP_LINE;
        for ((i = 0; i <= cword; ++i))
        do
            while [[ ${#cur} -ge ${#words[i]} && ${cur:0:${#words[i]}} != "${words[i]-}" ]]; do
                cur="${cur:1}";
                ((index > 0)) && ((index--));
            done;
            if ((i < cword)); then
                local old_size=${#cur};
                cur="${cur#"${words[i]}"}";
                local new_size=${#cur};
                ((index -= old_size - new_size));
            fi;
        done;
        [[ -n $cur && ! -n ${cur//[[:space:]]/} ]] && cur=;
        ((index < 0)) && index=0;
    fi;
    local "$2" "$3" "$4" && _upvars -a${#words[@]} $2 ${words+"${words[@]}"} -v $3 "$cword" -v $4 "${cur:0:index}"
}
__git_eread ()
{
    test -r "$1" && IFS='
' read "$2" < "$1"
}
__git_ps1 ()
{
    local exit=$?;
    local pcmode=no;
    local detached=no;
    local ps1pc_start='\u@\h:\w ';
    local ps1pc_end='\$ ';
    local printf_format=' (%s)';
    case "$#" in
        2 | 3)
            pcmode=yes;
            ps1pc_start="$1";
            ps1pc_end="$2";
            printf_format="${3:-$printf_format}";
            PS1="$ps1pc_start$ps1pc_end"
        ;;
        0 | 1)
            printf_format="${1:-$printf_format}"
        ;;
        *)
            return $exit
        ;;
    esac;
    local ps1_expanded=yes;
    [ -z "${ZSH_VERSION-}" ] || [[ -o PROMPT_SUBST ]] || ps1_expanded=no;
    [ -z "${BASH_VERSION-}" ] || shopt -q promptvars || ps1_expanded=no;
    local repo_info rev_parse_exit_code;
    repo_info="$(git rev-parse --git-dir --is-inside-git-dir            --is-bare-repository --is-inside-work-tree
--short HEAD 2>/dev/null)";
    rev_parse_exit_code="$?";
    if [ -z "$repo_info" ]; then
        return $exit;
    fi;
    local short_sha="";
    if [ "$rev_parse_exit_code" = "0" ]; then
        short_sha="${repo_info##*
}";
        repo_info="${repo_info%
*}";
    fi;
    local inside_worktree="${repo_info##*
}";
    repo_info="${repo_info%
*}";
    local bare_repo="${repo_info##*
}";
    repo_info="${repo_info%
*}";
    local inside_gitdir="${repo_info##*
}";
    local g="${repo_info%
*}";
    if [ "true" = "$inside_worktree" ] && [ -n "${GIT_PS1_HIDE_IF_PWD_IGNORED-}" ] && [ "$(git config --bool bash.hideIfPwdIgnored)" != "false" ] && git check-ignore -q .; then
        return $exit;
    fi;
    local sparse="";
    if [ -z "${GIT_PS1_COMPRESSSPARSESTATE-}" ] && [ -z "${GIT_PS1_OMITSPARSESTATE-}" ] && [ "$(git config --bool core.sparseCheckout)" = "true" ]; then
        sparse="|SPARSE";
    fi;
    local r="";
    local b="";
    local step="";
    local total="";
    if [ -d "$g/rebase-merge" ]; then
        __git_eread "$g/rebase-merge/head-name" b;
        __git_eread "$g/rebase-merge/msgnum" step;
        __git_eread "$g/rebase-merge/end" total;
        r="|REBASE";
    else
        if [ -d "$g/rebase-apply" ]; then
            __git_eread "$g/rebase-apply/next" step;
            __git_eread "$g/rebase-apply/last" total;
            if [ -f "$g/rebase-apply/rebasing" ]; then
                __git_eread "$g/rebase-apply/head-name" b;
                r="|REBASE";
            else
                if [ -f "$g/rebase-apply/applying" ]; then
                    r="|AM";
                else
                    r="|AM/REBASE";
                fi;
            fi;
        else
            if [ -f "$g/MERGE_HEAD" ]; then
                r="|MERGING";
            else
                if __git_sequencer_status; then
                    :;
                else
                    if [ -f "$g/BISECT_LOG" ]; then
                        r="|BISECTING";
                    fi;
                fi;
            fi;
        fi;
        if [ -n "$b" ]; then
            :;
        else
            if [ -h "$g/HEAD" ]; then
                b="$(git symbolic-ref HEAD 2>/dev/null)";
            else
                local head="";
                if ! __git_eread "$g/HEAD" head; then
                    return $exit;
                fi;
                b="${head#ref: }";
                if [ "$head" = "$b" ]; then
                    detached=yes;
                    b="$(
                                case "${GIT_PS1_DESCRIBE_STYLE-}" in
                                (contains)
                                        git describe --contains HEAD ;;
                                (branch)
                                        git describe --contains --all HEAD ;;
                                (tag)
                                        git describe --tags HEAD ;;
                                (describe)
                                        git describe HEAD ;;
                                (* | default)
                                        git describe --tags --exact-match HEAD ;;
                                esac 2>/dev/null)" || b="$short_sha...";
                    b="($b)";
                fi;
            fi;
        fi;
    fi;
    if [ -n "$step" ] && [ -n "$total" ]; then
        r="$r $step/$total";
    fi;
    local w="";
    local i="";
    local s="";
    local u="";
    local h="";
    local c="";
    local p="";
    if [ "true" = "$inside_gitdir" ]; then
        if [ "true" = "$bare_repo" ]; then
            c="BARE:";
        else
            b="GIT_DIR!";
        fi;
    else
        if [ "true" = "$inside_worktree" ]; then
            if [ -n "${GIT_PS1_SHOWDIRTYSTATE-}" ] && [ "$(git config --bool bash.showDirtyState)" != "false" ]; then
                git diff --no-ext-diff --quiet || w="*";
                git diff --no-ext-diff --cached --quiet || i="+";
                if [ -z "$short_sha" ] && [ -z "$i" ]; then
                    i="#";
                fi;
            fi;
            if [ -n "${GIT_PS1_SHOWSTASHSTATE-}" ] && git rev-parse --verify --quiet refs/stash > /dev/null; then
                s="$";
            fi;
            if [ -n "${GIT_PS1_SHOWUNTRACKEDFILES-}" ] && [ "$(git config --bool bash.showUntrackedFiles)" != "false" ] && git ls-files --others --exclude-standard --directory --no-empty-directory --error-unmatch -- ':/*' > /dev/null 2> /dev/null; then
                u="%${ZSH_VERSION+%}";
            fi;
            if [ -n "${GIT_PS1_COMPRESSSPARSESTATE-}" ] && [ "$(git config --bool core.sparseCheckout)" = "true" ]; then                h="?";
            fi;
            if [ -n "${GIT_PS1_SHOWUPSTREAM-}" ]; then
                __git_ps1_show_upstream;
            fi;
        fi;
    fi;
    local z="${GIT_PS1_STATESEPARATOR-" "}";
    if [ -n "${GIT_PS1_SHOWCOLORHINTS-}" ]; then
        if [ $pcmode = yes ] || [ -n "${ZSH_VERSION-}" ]; then
            __git_ps1_colorize_gitstring;
        fi;
    fi;
    b=${b##refs/heads/};
    if [ $pcmode = yes ] && [ $ps1_expanded = yes ]; then
        __git_ps1_branch_name=$b;
        b="\${__git_ps1_branch_name}";
    fi;
    local f="$h$w$i$s$u";
    local gitstring="$c$b${f:+$z$f}${sparse}$r$p";
    if [ $pcmode = yes ]; then
        if [ "${__git_printf_supports_v-}" != yes ]; then
            gitstring=$(printf -- "$printf_format" "$gitstring");
        else
            printf -v gitstring -- "$printf_format" "$gitstring";
        fi;
        PS1="$ps1pc_start$gitstring$ps1pc_end";
    else
        printf -- "$printf_format" "$gitstring";
    fi;
    return $exit
}
__git_ps1_colorize_gitstring ()
{
    if [[ -n ${ZSH_VERSION-} ]]; then
        local c_red='%F{red}';
        local c_green='%F{green}';
        local c_lblue='%F{blue}';
        local c_clear='%f';
    else
        local c_red='\[\e[31m\]';
        local c_green='\[\e[32m\]';
        local c_lblue='\[\e[1;34m\]';
        local c_clear='\[\e[0m\]';
    fi;
    local bad_color=$c_red;
    local ok_color=$c_green;
    local flags_color="$c_lblue";
    local branch_color="";
    if [ $detached = no ]; then
        branch_color="$ok_color";
    else
        branch_color="$bad_color";
    fi;
    c="$branch_color$c";
    z="$c_clear$z";
    if [ "$w" = "*" ]; then
        w="$bad_color$w";
    fi;
    if [ -n "$i" ]; then
        i="$ok_color$i";
    fi;
    if [ -n "$s" ]; then
        s="$flags_color$s";
    fi;
    if [ -n "$u" ]; then
        u="$bad_color$u";
    fi;
    r="$c_clear$r"
}
__git_ps1_show_upstream ()
{
    local key value;
    local svn_remote svn_url_pattern count n;
    local upstream=git legacy="" verbose="" name="";
    svn_remote=();
    local output="$(git config -z --get-regexp '^(svn-remote\..*\.url|bash\.showupstream)$' 2>/dev/null | tr '\0\n' '\n ')";
    while read -r key value; do
        case "$key" in
            bash.showupstream)
                GIT_PS1_SHOWUPSTREAM="$value";
                if [[ -z "${GIT_PS1_SHOWUPSTREAM}" ]]; then
                    p="";
                    return;
                fi
            ;;
            svn-remote.*.url)
                svn_remote[$((${#svn_remote[@]} + 1))]="$value";
                svn_url_pattern="$svn_url_pattern\\|$value";
                upstream=svn+git
            ;;
        esac;
    done <<< "$output";
    local option;
    for option in ${GIT_PS1_SHOWUPSTREAM};
    do
        case "$option" in
            git | svn)
                upstream="$option"
            ;;
            verbose)
                verbose=1
            ;;
            legacy)
                legacy=1
            ;;
            name)
                name=1
            ;;
        esac;
    done;
    case "$upstream" in
        git)
            upstream="@{upstream}"
        ;;
        svn*)
            local -a svn_upstream;
            svn_upstream=($(git log --first-parent -1                                   --grep="^git-svn-id: \(${svn_url_pattern#??}\)" 2>/dev/null));
            if [[ 0 -ne ${#svn_upstream[@]} ]]; then
                svn_upstream=${svn_upstream[${#svn_upstream[@]} - 2]};
                svn_upstream=${svn_upstream%@*};
                local n_stop="${#svn_remote[@]}";
                for ((n=1; n <= n_stop; n++))
                do
                    svn_upstream=${svn_upstream#${svn_remote[$n]}};
                done;
                if [[ -z "$svn_upstream" ]]; then
                    upstream=${GIT_SVN_ID:-git-svn};
                else
                    upstream=${svn_upstream#/};
                fi;
            else
                if [[ "svn+git" = "$upstream" ]]; then
                    upstream="@{upstream}";
                fi;
            fi
        ;;
    esac;
    if [[ -z "$legacy" ]]; then
        count="$(git rev-list --count --left-right                              "$upstream"...HEAD 2>/dev/null)";
    else
        local commits;
        if commits="$(git rev-list --left-right "$upstream"...HEAD 2>/dev/null)"; then
            local commit behind=0 ahead=0;
            for commit in $commits;
            do
                case "$commit" in
                    "<"*)
                        ((behind++))
                    ;;
                    *)
                        ((ahead++))
                    ;;
                esac;
            done;
            count="$behind      $ahead";
        else
            count="";
        fi;
    fi;
    if [[ -z "$verbose" ]]; then
        case "$count" in
            "")
                p=""
            ;;
            "0  0")
                p="="
            ;;
            "0  "*)
                p=">"
            ;;
            *"  0")
                p="<"
            ;;
            *)
                p="<>"
            ;;
        esac;
    else
        case "$count" in
            "")
                p=""
            ;;
            "0  0")
                p=" u="
            ;;
            "0  "*)
                p=" u+${count#0 }"
            ;;
            *"  0")
                p=" u-${count%  0}"
            ;;
            *)
                p=" u+${count#* }-${count%      *}"
            ;;
        esac;
        if [[ -n "$count" && -n "$name" ]]; then
            __git_ps1_upstream_name=$(git rev-parse                             --abbrev-ref "$upstream" 2>/dev/null);
            if [ $pcmode = yes ] && [ $ps1_expanded = yes ]; then
                p="$p \${__git_ps1_upstream_name}";
            else
                p="$p ${__git_ps1_upstream_name}";
                unset __git_ps1_upstream_name;
            fi;
        fi;
    fi
}
__git_sequencer_status ()
{
    local todo;
    if test -f "$g/CHERRY_PICK_HEAD"; then
        r="|CHERRY-PICKING";
        return 0;
    else
        if test -f "$g/REVERT_HEAD"; then
            r="|REVERTING";
            return 0;
        else
            if __git_eread "$g/sequencer/todo" todo; then
                case "$todo" in
                    p[\ \       ] | pick[\ \    ]*)
                        r="|CHERRY-PICKING";
                        return 0
                    ;;
                    revert[\ \  ]*)
                        r="|REVERTING";
                        return 0
                    ;;
                esac;
            fi;
        fi;
    fi;
    return 1
}
__load_completion ()
{
    local -a dirs=(${BASH_COMPLETION_USER_DIR:-${XDG_DATA_HOME:-$HOME/.local/share}/bash-completion}/completions);
    local ifs=$IFS IFS=: dir cmd="${1##*/}" compfile;
    [[ -n $cmd ]] || return 1;
    for dir in ${XDG_DATA_DIRS:-/usr/local/share:/usr/share};
    do
        dirs+=($dir/bash-completion/completions);
    done;
    IFS=$ifs;
    if [[ $BASH_SOURCE == */* ]]; then
        dirs+=("${BASH_SOURCE%/*}/completions");
    else
        dirs+=(./completions);
    fi;
    local backslash=;
    if [[ $cmd == \\* ]]; then
        cmd="${cmd:1}";
        $(complete -p "$cmd" 2>/dev/null || echo false) "\\$cmd" && return 0;
        backslash=\\;
    fi;
    for dir in "${dirs[@]}";
    do
        [[ -d $dir ]] || continue;
        for compfile in "$cmd" "$cmd.bash" "_$cmd";
        do
            compfile="$dir/$compfile";
            if [[ -f $compfile ]] && . "$compfile" &> /dev/null; then
                [[ -n $backslash ]] && $(complete -p "$cmd") "\\$cmd";
                return 0;
            fi;
        done;
    done;
    [[ -v _xspecs[$cmd] ]] && complete -F _filedir_xspec "$cmd" "$backslash$cmd" && return 0;
    return 1
}
__ltrim_colon_completions ()
{
    if [[ $1 == *:* && $COMP_WORDBREAKS == *:* ]]; then
        local colon_word=${1%"${1##*:}"};
        local i=${#COMPREPLY[*]};
        while ((i-- > 0)); do
            COMPREPLY[i]=${COMPREPLY[i]#"$colon_word"};
        done;
    fi
}
__parse_options ()
{
    local option option2 i IFS='
,/|';
    option=;
    local -a array=($1);
    for i in "${array[@]}";
    do
        case "$i" in
            ---*)
                break
            ;;
            --?*)
                option=$i;
                break
            ;;
            -?*)
                [[ -n $option ]] || option=$i
            ;;
            *)
                break
            ;;
        esac;
    done;
    [[ -n $option ]] || return 0;
    IFS='
';
    if [[ $option =~ (\[((no|dont)-?)\]). ]]; then
        option2=${option/"${BASH_REMATCH[1]}"/};
        option2=${option2%%[<{().[]*};
        printf '%s\n' "${option2/=*/=}";
        option=${option/"${BASH_REMATCH[1]}"/"${BASH_REMATCH[2]}"};
    fi;
    option=${option%%[<{().[]*};
    printf '%s\n' "${option/=*/=}"
}
__reassemble_comp_words_by_ref ()
{
    local exclude i j line ref;
    if [[ -n $1 ]]; then
        exclude="[${1//[^$COMP_WORDBREAKS]/}]";
    fi;
    printf -v "$3" %s "$COMP_CWORD";
    if [[ -v exclude ]]; then
        line=$COMP_LINE;
        for ((i = 0, j = 0; i < ${#COMP_WORDS[@]}; i++, j++))
        do
            while [[ $i -gt 0 && ${COMP_WORDS[i]} == +($exclude) ]]; do
                [[ $line != [[:blank:]]* ]] && ((j >= 2)) && ((j--));
                ref="$2[$j]";
                printf -v "$ref" %s "${!ref-}${COMP_WORDS[i]}";
                ((i == COMP_CWORD)) && printf -v "$3" %s "$j";
                line=${line#*"${COMP_WORDS[i]}"};
                [[ $line == [[:blank:]]* ]] && ((j++));
                ((i < ${#COMP_WORDS[@]} - 1)) && ((i++)) || break 2;
            done;
            ref="$2[$j]";
            printf -v "$ref" %s "${!ref-}${COMP_WORDS[i]}";
            line=${line#*"${COMP_WORDS[i]}"};
            ((i == COMP_CWORD)) && printf -v "$3" %s "$j";
        done;
        ((i == COMP_CWORD)) && printf -v "$3" %s "$j";
    else
        for i in "${!COMP_WORDS[@]}";
        do
            printf -v "$2[i]" %s "${COMP_WORDS[i]}";
        done;
    fi
}
_allowed_groups ()
{
    if _complete_as_root; then
        local IFS='
';
        COMPREPLY=($(compgen -g -- "$1"));
    else
        local IFS='
 ';
        COMPREPLY=($(compgen -W             "$(id -Gn 2>/dev/null || groups 2>/dev/null)" -- "$1"));
    fi
}
_allowed_users ()
{
    if _complete_as_root; then
        local IFS='
';
        COMPREPLY=($(compgen -u -- "${1:-$cur}"));
    else
        local IFS='
 ';
        COMPREPLY=($(compgen -W             "$(id -un 2>/dev/null || whoami 2>/dev/null)" -- "${1:-$cur}"));
    fi
}
_apport-bug ()
{
    local cur dashoptions prev param;
    COMPREPLY=();
    cur=`_get_cword`;
    prev=${COMP_WORDS[COMP_CWORD-1]};
    dashoptions='-h --help --save -v --version --tag -w --window';
    case "$prev" in
        ubuntu-bug | apport-bug)
            case "$cur" in
                -*)
                    COMPREPLY=($( compgen -W "$dashoptions" -- $cur ))
                ;;
                *)
                    _apport_parameterless
                ;;
            esac
        ;;
        --save)
            COMPREPLY=($( compgen -o default -G "$cur*" ))
        ;;
        -w | --window)
            dashoptions="--save --tag";
            COMPREPLY=($( compgen -W "$dashoptions" -- $cur ))
        ;;
        -h | --help | -v | --version | --tag)
            return 0
        ;;
        *)
            dashoptions="--tag";
            if ! [[ "${COMP_WORDS[*]}" =~ .*--save.* ]]; then
                dashoptions="--save $dashoptions";
            fi;
            if ! [[ "${COMP_WORDS[*]}" =~ .*--window.* || "${COMP_WORDS[*]}" =~ .*\ -w\ .* ]]; then
                dashoptions="-w --window $dashoptions";
            fi;
            case "$cur" in
                -*)
                    COMPREPLY=($( compgen -W "$dashoptions" -- $cur ))
                ;;
                *)
                    _apport_parameterless
                ;;
            esac
        ;;
    esac
}
_apport-cli ()
{
    local cur dashoptions prev param;
    COMPREPLY=();
    cur=`_get_cword`;
    prev=${COMP_WORDS[COMP_CWORD-1]};
    dashoptions='-h --help -f --file-bug -u --update-bug -s --symptom \
                 -c --crash-file --save -v --version --tag -w --window';
    case "$prev" in
        apport-cli)
            case "$cur" in
                -*)
                    COMPREPLY=($( compgen -W "$dashoptions" -- $cur ))
                ;;
                *)
                    _apport_parameterless
                ;;
            esac
        ;;
        -f | --file-bug)
            param="-P --pid -p --package -s --symptom";
            COMPREPLY=($( compgen -W "$param $(_apport_symptoms)" -- $cur))
        ;;
        -s | --symptom)
            COMPREPLY=($( compgen -W "$(_apport_symptoms)" -- $cur))
        ;;
        --save)
            COMPREPLY=($( compgen -o default -G "$cur*" ))
        ;;
        -c | --crash-file)
            COMPREPLY=($( compgen -G "${cur}*.apport"
                       compgen -G "${cur}*.crash" ))
        ;;
        -w | --window)
            dashoptions="--save --tag";
            COMPREPLY=($( compgen -W "$dashoptions" -- $cur ))
        ;;
        -h | --help | -v | --version | --tag)
            return 0
        ;;
        *)
            dashoptions='--tag';
            if ! [[ "${COMP_WORDS[*]}" =~ .*--save.* ]]; then
                dashoptions="--save $dashoptions";
            fi;
            if ! [[ "${COMP_WORDS[*]}" =~ .*--window.* || "${COMP_WORDS[*]}" =~ .*\ -w\ .* ]]; then
                dashoptions="-w --window $dashoptions";
            fi;
            if ! [[ "${COMP_WORDS[*]}" =~ .*--symptom.* || "${COMP_WORDS[*]}" =~ .*\ -s\ .* ]]; then
                dashoptions="-s --symptom $dashoptions";
            fi;
            if ! [[ "${COMP_WORDS[*]}" =~ .*--update.* || "${COMP_WORDS[*]}" =~ .*\ -u\ .* ]]; then
                dashoptions="-u --update $dashoptions";
            fi;
            if ! [[ "${COMP_WORDS[*]}" =~ .*--file-bug.* || "${COMP_WORDS[*]}" =~ .*\ -f\ .* ]]; then
                dashoptions="-f --file-bug $dashoptions";
            fi;
            if ! [[ "${COMP_WORDS[*]}" =~ .*--crash-file.* || "${COMP_WORDS[*]}" =~ .*\ -c\ .* ]]; then
                dashoptions="-c --crash-file $dashoptions";
            fi;
            case "$cur" in
                -*)
                    COMPREPLY=($( compgen -W "$dashoptions" -- $cur ))
                ;;
                *)
                    _apport_parameterless
                ;;
            esac
        ;;
    esac
}
_apport-collect ()
{
    local cur prev;
    COMPREPLY=();
    cur=`_get_cword`;
    prev=${COMP_WORDS[COMP_CWORD-1]};
    case "$prev" in
        apport-collect)
            COMPREPLY=($( compgen -W "-p --package --tag" -- $cur))
        ;;
        -p | --package)
            COMPREPLY=($( apt-cache pkgnames $cur 2> /dev/null ))
        ;;
        --tag)
            return 0
        ;;
        *)
            if [[ "${COMP_WORDS[*]}" =~ .*\ -p.* || "${COMP_WORDS[*]}" =~ .*--package.* ]]; then
                COMPREPLY=($( compgen -W "--tag" -- $cur));
            else
                COMPREPLY=($( compgen -W "-p --package --tag" -- $cur));
            fi
        ;;
    esac
}
_apport-unpack ()
{
    local cur prev;
    COMPREPLY=();
    cur=`_get_cword`;
    prev=${COMP_WORDS[COMP_CWORD-1]};
    case "$prev" in
        apport-unpack)
            COMPREPLY=($( compgen -G "${cur}*.apport"
                       compgen -G "${cur}*.crash" ))
        ;;
    esac
}
_apport_parameterless ()
{
    local param;
    param="$dashoptions            $( apt-cache pkgnames $cur 2> /dev/null )            $( command ps axo pid | sed 1d )            $( _apport_symptoms )            $( compgen -G "${cur}*" )";
    COMPREPLY=($( compgen -W "$param" -- $cur))
}
_apport_symptoms ()
{
    local syms;
    if [ -r /usr/share/apport/symptoms ]; then
        for FILE in $(ls /usr/share/apport/symptoms);
        do
            if [[ ! "$FILE" =~ ^_.* && -n $(egrep "^def run\s*\(.*\):" /usr/share/apport/symptoms/$FILE) ]]; then
                syms="$syms ${FILE%.py}";
            fi;
        done;
    fi;
    echo $syms
}
_available_interfaces ()
{
    local PATH=$PATH:/sbin;
    COMPREPLY=($({
        if [[ ${1:-} == -w ]]; then
            iwconfig
        elif [[ ${1:-} == -a ]]; then
            ifconfig || ip link show up
        else
            ifconfig -a || ip link show
        fi
    } 2>/dev/null | awk         '/^[^ \t]/ { if ($1 ~ /^[0-9]+:/) { print $2 } else { print $1 } }'));
    COMPREPLY=($(compgen -W '${COMPREPLY[@]/%[[:punct:]]/}' -- "$cur"))
}
_bashcomp_try_faketty ()
{
    if type unbuffer &> /dev/null; then
        unbuffer -p "$@";
    else
        if script --version 2>&1 | command grep -qF util-linux; then
            script -qaefc "$*" /dev/null;
        else
            "$@";
        fi;
    fi
}
_cd ()
{
    local cur prev words cword;
    _init_completion || return;
    local IFS='
' i j k;
    compopt -o filenames;
    if [[ -z ${CDPATH:-} || $cur == ?(.)?(.)/* ]]; then
        _filedir -d;
        return;
    fi;
    local -r mark_dirs=$(_rl_enabled mark-directories && echo y);
    local -r mark_symdirs=$(_rl_enabled mark-symlinked-directories && echo y);
    for i in ${CDPATH//:/'
'};
    do
        k="${#COMPREPLY[@]}";
        for j in $(compgen -d -- $i/$cur);
        do
            if [[ ( -n $mark_symdirs && -L $j || -n $mark_dirs && ! -L $j ) && ! -d ${j#$i/} ]]; then
                j+="/";
            fi;
            COMPREPLY[k++]=${j#$i/};
        done;
    done;
    _filedir -d;
    if ((${#COMPREPLY[@]} == 1)); then
        i=${COMPREPLY[0]};
        if [[ $i == "$cur" && $i != "*/" ]]; then
            COMPREPLY[0]="${i}/";
        fi;
    fi;
    return
}
_cd_devices ()
{
    COMPREPLY+=($(compgen -f -d -X "!*/?([amrs])cd*" -- "${cur:-/dev/}"))
}
_command ()
{
    local offset i;
    offset=1;
    for ((i = 1; i <= COMP_CWORD; i++))
    do
        if [[ ${COMP_WORDS[i]} != -* ]]; then
            offset=$i;
            break;
        fi;
    done;
    _command_offset $offset
}
_command_offset ()
{
    local word_offset=$1 i j;
    for ((i = 0; i < word_offset; i++))
    do
        for ((j = 0; j <= ${#COMP_LINE}; j++))
        do
            [[ $COMP_LINE == "${COMP_WORDS[i]}"* ]] && break;
            COMP_LINE=${COMP_LINE:1};
            ((COMP_POINT--));
        done;
        COMP_LINE=${COMP_LINE#"${COMP_WORDS[i]}"};
        ((COMP_POINT -= ${#COMP_WORDS[i]}));
    done;
    for ((i = 0; i <= COMP_CWORD - word_offset; i++))
    do
        COMP_WORDS[i]=${COMP_WORDS[i + word_offset]};
    done;
    for ((i; i <= COMP_CWORD; i++))
    do
        unset 'COMP_WORDS[i]';
    done;
    ((COMP_CWORD -= word_offset));
    COMPREPLY=();
    local cur;
    _get_comp_words_by_ref cur;
    if ((COMP_CWORD == 0)); then
        local IFS='
';
        compopt -o filenames;
        COMPREPLY=($(compgen -d -c -- "$cur"));
    else
        local cmd=${COMP_WORDS[0]} compcmd=${COMP_WORDS[0]};
        local cspec=$(complete -p $cmd 2>/dev/null);
        if [[ ! -n $cspec && $cmd == */* ]]; then
            cspec=$(complete -p ${cmd##*/} 2>/dev/null);
            [[ -n $cspec ]] && compcmd=${cmd##*/};
        fi;
        if [[ ! -n $cspec ]]; then
            compcmd=${cmd##*/};
            _completion_loader $compcmd;
            cspec=$(complete -p $compcmd 2>/dev/null);
        fi;
        if [[ -n $cspec ]]; then
            if [[ ${cspec#* -F } != "$cspec" ]]; then
                local func=${cspec#*-F };
                func=${func%% *};
                if ((${#COMP_WORDS[@]} >= 2)); then
                    $func $cmd "${COMP_WORDS[-1]}" "${COMP_WORDS[-2]}";
                else
                    $func $cmd "${COMP_WORDS[-1]}";
                fi;
                local opt;
                while [[ $cspec == *" -o "* ]]; do
                    cspec=${cspec#*-o };
                    opt=${cspec%% *};
                    compopt -o $opt;
                    cspec=${cspec#$opt};
                done;
            else
                cspec=${cspec#complete};
                cspec=${cspec%%$compcmd};
                COMPREPLY=($(eval compgen "$cspec" -- '$cur'));
            fi;
        else
            if ((${#COMPREPLY[@]} == 0)); then
                _minimal;
            fi;
        fi;
    fi
}
_complete_as_root ()
{
    [[ $EUID -eq 0 || -n ${root_command:-} ]]
}
_completion_loader ()
{
    local cmd="${1:-_EmptycmD_}";
    __load_completion "$cmd" && return 124;
    complete -F _minimal -- "$cmd" && return 124
}
_configured_interfaces ()
{
    if [[ -f /etc/debian_version ]]; then
        COMPREPLY=($(compgen -W "$(command sed -ne 's|^iface \([^ ]\{1,\}\).*$|\1|p'             /etc/network/interfaces /etc/network/interfaces.d/* 2>/dev/null)"             -- "$cur"));
    else
        if [[ -f /etc/SuSE-release ]]; then
            COMPREPLY=($(compgen -W "$(printf '%s\n'             /etc/sysconfig/network/ifcfg-* |
            command sed -ne 's|.*ifcfg-\([^*].*\)$|\1|p')" -- "$cur"));
        else
            if [[ -f /etc/pld-release ]]; then
                COMPREPLY=($(compgen -W "$(command ls -B             /etc/sysconfig/interfaces |
            command sed -ne 's|.*ifcfg-\([^*].*\)$|\1|p')" -- "$cur"));
            else
                COMPREPLY=($(compgen -W "$(printf '%s\n'             /etc/sysconfig/network-scripts/ifcfg-* |
            command sed -ne 's|.*ifcfg-\([^*].*\)$|\1|p')" -- "$cur"));
            fi;
        fi;
    fi
}
_count_args ()
{
    local i cword words;
    __reassemble_comp_words_by_ref "${1-}" words cword;
    args=1;
    for ((i = 1; i < cword; i++))
    do
        if [[ ${words[i]} != -* && ${words[i - 1]} != ${2-} || ${words[i]} == ${3-} ]]; then
            ((args++));
        fi;
    done
}
_dvd_devices ()
{
    COMPREPLY+=($(compgen -f -d -X "!*/?(r)dvd*" -- "${cur:-/dev/}"))
}
_expand ()
{
    case ${cur-} in
        ~*/*)
            __expand_tilde_by_ref cur
        ;;
        ~*)
            _tilde "$cur" || eval COMPREPLY[0]="$(printf ~%q "${COMPREPLY[0]#\~}")";
            return ${#COMPREPLY[@]}
        ;;
    esac
}
_filedir ()
{
    local IFS='
';
    _tilde "${cur-}" || return;
    local -a toks;
    local reset arg=${1-};
    if [[ $arg == -d ]]; then
        reset=$(shopt -po noglob);
        set -o noglob;
        toks=($(compgen -d -- "${cur-}"));
        IFS=' ';
        $reset;
        IFS='
';
    else
        local quoted;
        _quote_readline_by_ref "${cur-}" quoted;
        local xspec=${arg:+"!*.@($arg|${arg^^})"} plusdirs=();
        local opts=(-f -X "$xspec");
        [[ -n $xspec ]] && plusdirs=(-o plusdirs);
        [[ -n ${COMP_FILEDIR_FALLBACK-} || -z ${plusdirs-} ]] || opts+=("${plusdirs[@]}");
        reset=$(shopt -po noglob);
        set -o noglob;
        toks+=($(compgen "${opts[@]}" -- $quoted));
        IFS=' ';
        $reset;
        IFS='
';
        [[ -n ${COMP_FILEDIR_FALLBACK-} && -n $arg && ${#toks[@]} -lt 1 ]] && {
            reset=$(shopt -po noglob);
            set -o noglob;
            toks+=($(compgen -f ${plusdirs+"${plusdirs[@]}"} -- $quoted));
            IFS=' ';
            $reset;
            IFS='
'
        };
    fi;
    if ((${#toks[@]} != 0)); then
        compopt -o filenames 2> /dev/null;
        COMPREPLY+=("${toks[@]}");
    fi
}
_filedir_xspec ()
{
    local cur prev words cword;
    _init_completion || return;
    _tilde "$cur" || return;
    local IFS='
' xspec=${_xspecs[${1##*/}]} tmp;
    local -a toks;
    toks=($(
        compgen -d -- "$(quote_readline "$cur")" | {
            while read -r tmp; do
                printf '%s\n' $tmp
            done
        }
    ));
    eval xspec="${xspec}";
    local matchop=!;
    if [[ $xspec == !* ]]; then
        xspec=${xspec#!};
        matchop=@;
    fi;
    xspec="$matchop($xspec|${xspec^^})";
    toks+=($(
        eval compgen -f -X "'!$xspec'" -- '$(quote_readline "$cur")' | {
            while read -r tmp; do
                [[ -n $tmp ]] && printf '%s\n' $tmp
            done
        }
    ));
    [[ -n ${COMP_FILEDIR_FALLBACK:-} && ${#toks[@]} -lt 1 ]] && {
        local reset=$(shopt -po noglob);
        set -o noglob;
        toks+=($(compgen -f -- "$(quote_readline "$cur")"));
        IFS=' ';
        $reset;
        IFS='
'
    };
    if ((${#toks[@]} != 0)); then
        compopt -o filenames;
        COMPREPLY=("${toks[@]}");
    fi
}
_fstypes ()
{
    local fss;
    if [[ -e /proc/filesystems ]]; then
        fss="$(cut -d'  ' -f2 /proc/filesystems)
             $(awk '! /\*/ { print $NF }' /etc/filesystems 2>/dev/null)";
    else
        fss="$(awk '/^[ \t]*[^#]/ { print $3 }' /etc/fstab 2>/dev/null)
             $(awk '/^[ \t]*[^#]/ { print $3 }' /etc/mnttab 2>/dev/null)
             $(awk '/^[ \t]*[^#]/ { print $4 }' /etc/vfstab 2>/dev/null)
             $(awk '{ print $1 }' /etc/dfs/fstypes 2>/dev/null)
             $([[ -d /etc/fs ]] && command ls /etc/fs)";
    fi;
    [[ -n $fss ]] && COMPREPLY+=($(compgen -W "$fss" -- "$cur"))
}
_get_comp_words_by_ref ()
{
    local exclude flag i OPTIND=1;
    local cur cword words=();
    local upargs=() upvars=() vcur vcword vprev vwords;
    while getopts "c:i:n:p:w:" flag "$@"; do
        case $flag in
            c)
                vcur=$OPTARG
            ;;
            i)
                vcword=$OPTARG
            ;;
            n)
                exclude=$OPTARG
            ;;
            p)
                vprev=$OPTARG
            ;;
            w)
                vwords=$OPTARG
            ;;
            *)
                echo "bash_completion: $FUNCNAME: usage error" 1>&2;
                return 1
            ;;
        esac;
    done;
    while [[ $# -ge $OPTIND ]]; do
        case ${!OPTIND} in
            cur)
                vcur=cur
            ;;
            prev)
                vprev=prev
            ;;
            cword)
                vcword=cword
            ;;
            words)
                vwords=words
            ;;
            *)
                echo "bash_completion: $FUNCNAME: \`${!OPTIND}':" "unknown argument" 1>&2;
                return 1
            ;;
        esac;
        ((OPTIND += 1));
    done;
    __get_cword_at_cursor_by_ref "${exclude-}" words cword cur;
    [[ -v vcur ]] && {
        upvars+=("$vcur");
        upargs+=(-v $vcur "$cur")
    };
    [[ -v vcword ]] && {
        upvars+=("$vcword");
        upargs+=(-v $vcword "$cword")
    };
    [[ -v vprev && $cword -ge 1 ]] && {
        upvars+=("$vprev");
        upargs+=(-v $vprev "${words[cword - 1]}")
    };
    [[ -v vwords ]] && {
        upvars+=("$vwords");
        upargs+=(-a${#words[@]} $vwords ${words+"${words[@]}"})
    };
    ((${#upvars[@]})) && local "${upvars[@]}" && _upvars "${upargs[@]}"
}
_get_cword ()
{
    local LC_CTYPE=C;
    local cword words;
    __reassemble_comp_words_by_ref "${1-}" words cword;
    if [[ -n ${2-} && -n ${2//[^0-9]/} ]]; then
        printf "%s" "${words[cword - $2]}";
    else
        if ((${#words[cword]} == 0 && COMP_POINT == ${#COMP_LINE})); then
            :;
        else
            local i;
            local cur="$COMP_LINE";
            local index="$COMP_POINT";
            for ((i = 0; i <= cword; ++i))
            do
                while [[ ${#cur} -ge ${#words[i]} && ${cur:0:${#words[i]}} != "${words[i]}" ]]; do
                    cur="${cur:1}";
                    ((index > 0)) && ((index--));
                done;
                if ((i < cword)); then
                    local old_size="${#cur}";
                    cur="${cur#${words[i]}}";
                    local new_size="${#cur}";
                    ((index -= old_size - new_size));
                fi;
            done;
            if [[ ${words[cword]:0:${#cur}} != "$cur" ]]; then
                printf "%s" "${words[cword]}";
            else
                printf "%s" "${cur:0:index}";
            fi;
        fi;
    fi
}
_get_first_arg ()
{
    local i;
    arg=;
    for ((i = 1; i < COMP_CWORD; i++))
    do
        if [[ ${COMP_WORDS[i]} != -* ]]; then
            arg=${COMP_WORDS[i]};
            break;
        fi;
    done
}
_get_pword ()
{
    if ((COMP_CWORD >= 1)); then
        _get_cword "${@:-}" 1;
    fi
}
_gids ()
{
    if type getent &> /dev/null; then
        COMPREPLY=($(compgen -W '$(getent group | cut -d: -f3)' -- "$cur"));
    else
        if type perl &> /dev/null; then
            COMPREPLY=($(compgen -W '$(perl -e '"'"'while (($gid) = (getgrent)[2]) { print $gid . "\n" }'"'"')' -- "$cur"));
        else
            COMPREPLY=($(compgen -W '$(cut -d: -f3 /etc/group)' -- "$cur"));
        fi;
    fi
}
_have ()
{
    PATH=$PATH:/usr/sbin:/sbin:/usr/local/sbin type $1 &> /dev/null
}
_included_ssh_config_files ()
{
    (($# < 1)) && echo "bash_completion: $FUNCNAME: missing mandatory argument CONFIG" 1>&2;
    local configfile i f;
    configfile=$1;
    local reset=$(shopt -po noglob);
    set -o noglob;
    local included=($(command sed -ne 's/^[[:blank:]]*[Ii][Nn][Cc][Ll][Uu][Dd][Ee][[:blank:]]\(.*\)$/\1/p' "${configfile}"));
    $reset;
    [[ -n ${included-} ]] || return;
    for i in "${included[@]}";
    do
        if ! [[ $i =~ ^\~.*|^\/.* ]]; then
            if [[ $configfile =~ ^\/etc\/ssh.* ]]; then
                i="/etc/ssh/$i";
            else
                i="$HOME/.ssh/$i";
            fi;
        fi;
        __expand_tilde_by_ref i;
        set +o noglob;
        for f in $i;
        do
            if [[ -r $f ]]; then
                config+=("$f");
                _included_ssh_config_files $f;
            fi;
        done;
        $reset;
    done
}
_init_completion ()
{
    local exclude="" flag outx errx inx OPTIND=1;
    while getopts "n:e:o:i:s" flag "$@"; do
        case $flag in
            n)
                exclude+=$OPTARG
            ;;
            e)
                errx=$OPTARG
            ;;
            o)
                outx=$OPTARG
            ;;
            i)
                inx=$OPTARG
            ;;
            s)
                split=false;
                exclude+==
            ;;
            *)
                echo "bash_completion: $FUNCNAME: usage error" 1>&2;
                return 1
            ;;
        esac;
    done;
    COMPREPLY=();
    local redir="@(?([0-9])<|?([0-9&])>?(>)|>&)";
    _get_comp_words_by_ref -n "$exclude<>&" cur prev words cword;
    _variables && return 1;
    if [[ $cur == $redir* || ${prev-} == $redir ]]; then
        local xspec;
        case $cur in
            2'>'*)
                xspec=${errx-}
            ;;
            *'>'*)
                xspec=${outx-}
            ;;
            *'<'*)
                xspec=${inx-}
            ;;
            *)
                case $prev in
                    2'>'*)
                        xspec=${errx-}
                    ;;
                    *'>'*)
                        xspec=${outx-}
                    ;;
                    *'<'*)
                        xspec=${inx-}
                    ;;
                esac
            ;;
        esac;
        cur="${cur##$redir}";
        _filedir $xspec;
        return 1;
    fi;
    local i skip;
    for ((i = 1; i < ${#words[@]}; 1))
    do
        if [[ ${words[i]} == $redir* ]]; then
            [[ ${words[i]} == $redir ]] && skip=2 || skip=1;
            words=("${words[@]:0:i}" "${words[@]:i+skip}");
            ((i <= cword)) && ((cword -= skip));
        else
            ((i++));
        fi;
    done;
    ((cword <= 0)) && return 1;
    prev=${words[cword - 1]};
    [[ -n ${split-} ]] && _split_longopt && split=true;
    return 0
}
_installed_modules ()
{
    COMPREPLY=($(compgen -W "$(PATH="$PATH:/sbin" lsmod |
        awk '{if (NR != 1) print $1}')" -- "$1"))
}
_ip_addresses ()
{
    local n;
    case ${1-} in
        -a)
            n='6\?'
        ;;
        -6)
            n='6'
        ;;
        *)
            n=
        ;;
    esac;
    local PATH=$PATH:/sbin;
    local addrs=$({
        LC_ALL=C ifconfig -a || ip addr show
    } 2>/dev/null |
        command sed -e 's/[[:space:]]addr:/ /' -ne             "s|.*inet${n}[[:space:]]\{1,\}\([^[:space:]/]*\).*|\1|p");
    COMPREPLY+=($(compgen -W "$addrs" -- "${cur-}"))
}
_kernel_versions ()
{
    COMPREPLY=($(compgen -W '$(command ls /lib/modules)' -- "$cur"))
}
_known_hosts ()
{
    local cur prev words cword;
    _init_completion -n : || return;
    local options;
    [[ ${1-} == -a || ${2-} == -a ]] && options=-a;
    [[ ${1-} == -c || ${2-} == -c ]] && options+=" -c";
    _known_hosts_real ${options-} -- "$cur"
}
_known_hosts_real ()
{
    local configfile flag prefix="" ifs=$IFS;
    local cur suffix="" aliases i host ipv4 ipv6;
    local -a kh tmpkh=() khd=() config=();
    local OPTIND=1;
    while getopts "ac46F:p:" flag "$@"; do
        case $flag in
            a)
                aliases='yes'
            ;;
            c)
                suffix=':'
            ;;
            F)
                configfile=$OPTARG
            ;;
            p)
                prefix=$OPTARG
            ;;
            4)
                ipv4=1
            ;;
            6)
                ipv6=1
            ;;
            *)
                echo "bash_completion: $FUNCNAME: usage error" 1>&2;
                return 1
            ;;
        esac;
    done;
    if (($# < OPTIND)); then
        echo "bash_completion: $FUNCNAME: missing mandatory argument CWORD" 1>&2;
        return 1;
    fi;
    cur=${!OPTIND};
    ((OPTIND += 1));
    if (($# >= OPTIND)); then
        echo "bash_completion: $FUNCNAME($*): unprocessed arguments:" "$(while (($# >= OPTIND)); do
                printf '%s ' ${!OPTIND}
                shift
            done)" 1>&2;
        return 1;
    fi;
    [[ $cur == *@* ]] && prefix=$prefix${cur%@*}@ && cur=${cur#*@};
    kh=();
    if [[ -v configfile ]]; then
        [[ -r $configfile ]] && config+=("$configfile");
    else
        for i in /etc/ssh/ssh_config ~/.ssh/config ~/.ssh2/config;
        do
            [[ -r $i ]] && config+=("$i");
        done;
    fi;
    local reset=$(shopt -po noglob);
    set -o noglob;
    if ((${#config[@]} > 0)); then
        for i in "${config[@]}";
        do
            _included_ssh_config_files "$i";
        done;
    fi;
    if ((${#config[@]} > 0)); then
        local IFS='
';
        tmpkh=($(awk 'sub("^[ \t]*([Gg][Ll][Oo][Bb][Aa][Ll]|[Uu][Ss][Ee][Rr])[Kk][Nn][Oo][Ww][Nn][Hh][Oo][Ss][Tt][Ss][Ff][Ii][Ll][Ee][ \t]+", "") { print $0 }' "${config[@]}" | sort -u));
        IFS=$ifs;
    fi;
    if ((${#tmpkh[@]} != 0)); then
        local j;
        for i in "${tmpkh[@]}";
        do
            while [[ $i =~ ^([^\"]*)\"([^\"]*)\"(.*)$ ]]; do
                i=${BASH_REMATCH[1]}${BASH_REMATCH[3]};
                j=${BASH_REMATCH[2]};
                __expand_tilde_by_ref j;
                [[ -r $j ]] && kh+=("$j");
            done;
            for j in $i;
            do
                __expand_tilde_by_ref j;
                [[ -r $j ]] && kh+=("$j");
            done;
        done;
    fi;
    if [[ ! -v configfile ]]; then
        for i in /etc/ssh/ssh_known_hosts /etc/ssh/ssh_known_hosts2 /etc/known_hosts /etc/known_hosts2 ~/.ssh/known_hosts ~/.ssh/known_hosts2;
        do
            [[ -r $i ]] && kh+=("$i");
        done;
        for i in /etc/ssh2/knownhosts ~/.ssh2/hostkeys;
        do
            [[ -d $i ]] && khd+=("$i"/*pub);
        done;
    fi;
    if ((${#kh[@]} + ${#khd[@]} > 0)); then
        if ((${#kh[@]} > 0)); then
            for i in "${kh[@]}";
            do
                while read -ra tmpkh; do
                    ((${#tmpkh[@]} == 0)) && continue;
                    set -- "${tmpkh[@]}";
                    [[ $1 == [\|\#]* ]] && continue;
                    [[ $1 == @* ]] && shift;
                    local IFS=,;
                    for host in $1;
                    do
                        [[ $host == *[*?]* ]] && continue;
                        host="${host#[}";
                        host="${host%]?(:+([0-9]))}";
                        COMPREPLY+=($host);
                    done;
                    IFS=$ifs;
                done < "$i";
            done;
            COMPREPLY=($(compgen -W '${COMPREPLY[@]}' -- "$cur"));
        fi;
        if ((${#khd[@]} > 0)); then
            for i in "${khd[@]}";
            do
                if [[ $i == *key_22_$cur*.pub && -r $i ]]; then
                    host=${i/#*key_22_/};
                    host=${host/%.pub/};
                    COMPREPLY+=($host);
                fi;
            done;
        fi;
        for i in ${!COMPREPLY[*]};
        do
            COMPREPLY[i]=$prefix${COMPREPLY[i]}$suffix;
        done;
    fi;
    if [[ ${#config[@]} -gt 0 && -v aliases ]]; then
        local -a hosts=($(command sed -ne 's/^[[:blank:]]*[Hh][Oo][Ss][Tt][[:blank:]]\(.*\)$/\1/p' "${config[@]}"));
        if ((${#hosts[@]} != 0)); then
            COMPREPLY+=($(compgen -P "$prefix"                 -S "$suffix" -W '${hosts[@]%%[*?%]*}' -X '\!*' -- "$cur"));
        fi;
    fi;
    if [[ -n ${COMP_KNOWN_HOSTS_WITH_AVAHI-} ]] && type avahi-browse &> /dev/null; then
        COMPREPLY+=($(compgen -P "$prefix" -S "$suffix" -W             "$(avahi-browse -cpr _workstation._tcp 2>/dev/null |
                awk -F';' '/^=/ { print $7 }' | sort -u)" -- "$cur"));
    fi;
    if type ruptime &> /dev/null; then
        COMPREPLY+=($(compgen -W             "$(ruptime 2>/dev/null | awk '!/^ruptime:/ { print $1 }')"             -- "$cur"));
    fi;
    if [[ -n ${COMP_KNOWN_HOSTS_WITH_HOSTFILE-1} ]]; then
        COMPREPLY+=($(compgen -A hostname -P "$prefix" -S "$suffix" -- "$cur"));
    fi;
    $reset;
    if [[ -v ipv4 ]]; then
        COMPREPLY=("${COMPREPLY[@]/*:*$suffix/}");
    fi;
    if [[ -v ipv6 ]]; then
        COMPREPLY=("${COMPREPLY[@]/+([0-9]).+([0-9]).+([0-9]).+([0-9])$suffix/}");
    fi;
    if [[ -v ipv4 || -v ipv6 ]]; then
        for i in "${!COMPREPLY[@]}";
        do
            [[ -n ${COMPREPLY[i]} ]] || unset -v "COMPREPLY[i]";
        done;
    fi;
    __ltrim_colon_completions "$prefix$cur"
}
_longopt ()
{
    local cur prev words cword split;
    _init_completion -s || return;
    case "${prev,,}" in
        --help | --usage | --version)
            return
        ;;
        --!(no-*)dir*)
            _filedir -d;
            return
        ;;
        --!(no-*)@(file|path)*)
            _filedir;
            return
        ;;
        --+([-a-z0-9_]))
            local argtype=$(LC_ALL=C $1 --help 2>&1 | command sed -ne                 "s|.*$prev\[\{0,1\}=[<[]\{0,1\}\([-A-Za-z0-9_]\{1,\}\).*|\1|p");
            case ${argtype,,} in
                *dir*)
                    _filedir -d;
                    return
                ;;
                *file* | *path*)
                    _filedir;
                    return
                ;;
            esac
        ;;
    esac;
    $split && return;
    if [[ $cur == -* ]]; then
        COMPREPLY=($(compgen -W "$(LC_ALL=C $1 --help 2>&1 |
            while read -r line; do
                [[ $line =~ --[A-Za-z0-9]+([-_][A-Za-z0-9]+)*=? ]] &&
                    printf '%s\n' ${BASH_REMATCH[0]}
            done)" -- "$cur"));
        [[ ${COMPREPLY-} == *= ]] && compopt -o nospace;
    else
        if [[ $1 == *@(rmdir|chroot) ]]; then
            _filedir -d;
        else
            [[ $1 == *mkdir ]] && compopt -o nospace;
            _filedir;
        fi;
    fi
}
_mac_addresses ()
{
    local re='\([A-Fa-f0-9]\{2\}:\)\{5\}[A-Fa-f0-9]\{2\}';
    local PATH="$PATH:/sbin:/usr/sbin";
    COMPREPLY+=($(
        {
            LC_ALL=C ifconfig -a || ip link show
        } 2>/dev/null | command sed -ne             "s/.*[[:space:]]HWaddr[[:space:]]\{1,\}\($re\)[[:space:]].*/\1/p" -ne             "s/.*[[:space:]]HWaddr[[:space:]]\{1,\}\($re\)[[:space:]]*$/\1/p" -ne             "s|.*[[:space:]]\(link/\)\{0,1\}ether[[:space:]]\{1,\}\($re\)[[:space:]].*|\2|p" -ne             "s|.*[[:space:]]\(link/\)\{0,1\}ether[[:space:]]\{1,\}\($re\)[[:space:]]*$|\2|p"
    ));
    COMPREPLY+=($({
        arp -an || ip neigh show
    } 2>/dev/null | command sed -ne         "s/.*[[:space:]]\($re\)[[:space:]].*/\1/p" -ne         "s/.*[[:space:]]\($re\)[[:space:]]*$/\1/p"));
    COMPREPLY+=($(command sed -ne         "s/^[[:space:]]*\($re\)[[:space:]].*/\1/p" /etc/ethers 2>/dev/null));
    COMPREPLY=($(compgen -W '${COMPREPLY[@]}' -- "$cur"));
    __ltrim_colon_completions "$cur"
}
_minimal ()
{
    local cur prev words cword split;
    _init_completion -s || return;
    $split && return;
    _filedir
}
_modules ()
{
    local modpath;
    modpath=/lib/modules/$1;
    COMPREPLY=($(compgen -W "$(command ls -RL $modpath 2>/dev/null |
        command sed -ne 's/^\(.*\)\.k\{0,1\}o\(\.[gx]z\)\{0,1\}$/\1/p')" -- "$cur"))
}
_ncpus ()
{
    local var=NPROCESSORS_ONLN;
    [[ $OSTYPE == *linux* ]] && var=_$var;
    local n=$(getconf $var 2>/dev/null);
    printf %s ${n:-1}
}
_parse_help ()
{
    eval local cmd="$(quote "$1")";
    local line;
    {
        case $cmd in
            -)
                cat
            ;;
            *)
                LC_ALL=C "$(dequote "$cmd")" ${2:---help} 2>&1
            ;;
        esac
    } | while read -r line; do
        [[ $line == *([[:blank:]])-* ]] || continue;
        while [[ $line =~ ((^|[^-])-[A-Za-z0-9?][[:space:]]+)\[?[A-Z0-9]+([,_-]+[A-Z0-9]+)?(\.\.+)?\]? ]]; do
            line=${line/"${BASH_REMATCH[0]}"/"${BASH_REMATCH[1]}"};
        done;
        __parse_options "${line// or /, }";
    done
}
_parse_usage ()
{
    eval local cmd="$(quote "$1")";
    local line match option i char;
    {
        case $cmd in
            -)
                cat
            ;;
            *)
                LC_ALL=C "$(dequote "$cmd")" ${2:---usage} 2>&1
            ;;
        esac
    } | while read -r line; do
        while [[ $line =~ \[[[:space:]]*(-[^]]+)[[:space:]]*\] ]]; do
            match=${BASH_REMATCH[0]};
            option=${BASH_REMATCH[1]};
            case $option in
                -?(\[)+([a-zA-Z0-9?]))
                    for ((i = 1; i < ${#option}; i++))
                    do
                        char=${option:i:1};
                        [[ $char != '[' ]] && printf '%s\n' -$char;
                    done
                ;;
                *)
                    __parse_options "$option"
                ;;
            esac;
            line=${line#*"$match"};
        done;
    done
}
_pci_ids ()
{
    COMPREPLY+=($(compgen -W         "$(PATH="$PATH:/sbin" lspci -n | awk '{print $3}')" -- "$cur"))
}
_pgids ()
{
    COMPREPLY=($(compgen -W '$(command ps axo pgid=)' -- "$cur"))
}
_pids ()
{
    COMPREPLY=($(compgen -W '$(command ps axo pid=)' -- "$cur"))
}
_pnames ()
{
    local -a procs;
    if [[ ${1-} == -s ]]; then
        procs=($(command ps axo comm | command sed -e 1d));
    else
        local line i=-1 ifs=$IFS;
        IFS='
';
        local -a psout=($(command ps axo command=));
        IFS=$ifs;
        for line in "${psout[@]}";
        do
            if ((i == -1)); then
                if [[ $line =~ ^(.*[[:space:]])COMMAND([[:space:]]|$) ]]; then
                    i=${#BASH_REMATCH[1]};
                else
                    break;
                fi;
            else
                line=${line:i};
                line=${line%% *};
                procs+=($line);
            fi;
        done;
        if ((i == -1)); then
            for line in "${psout[@]}";
            do
                if [[ $line =~ ^[[(](.+)[])]$ ]]; then
                    procs+=(${BASH_REMATCH[1]});
                else
                    line=${line%% *};
                    line=${line##@(*/|-)};
                    procs+=($line);
                fi;
            done;
        fi;
    fi;
    COMPREPLY=($(compgen -X "<defunct>" -W '${procs[@]}' -- "$cur"))
}
_quote_readline_by_ref ()
{
    if [ -z "$1" ]; then
        printf -v $2 %s "$1";
    else
        if [[ $1 == \'* ]]; then
            printf -v $2 %s "${1:1}";
        else
            if [[ $1 == \~* ]]; then
                printf -v $2 \~%q "${1:1}";
            else
                printf -v $2 %q "$1";
            fi;
        fi;
    fi;
    [[ ${!2} == \$* ]] && eval $2=${!2}
}
_realcommand ()
{
    type -P "$1" > /dev/null && {
        if type -p realpath > /dev/null; then
            realpath "$(type -P "$1")";
        else
            if type -p greadlink > /dev/null; then
                greadlink -f "$(type -P "$1")";
            else
                if type -p readlink > /dev/null; then
                    readlink -f "$(type -P "$1")";
                else
                    type -P "$1";
                fi;
            fi;
        fi
    }
}
_rl_enabled ()
{
    [[ "$(bind -v)" == *$1+([[:space:]])on* ]]
}
_root_command ()
{
    local PATH=$PATH:/sbin:/usr/sbin:/usr/local/sbin;
    local root_command=$1;
    _command
}
_service ()
{
    local cur prev words cword;
    _init_completion || return;
    ((cword > 2)) && return;
    if [[ $cword -eq 1 && $prev == ?(*/)service ]]; then
        _services;
        [[ -e /etc/mandrake-release ]] && _xinetd_services;
    else
        local sysvdirs;
        _sysvdirs;
        COMPREPLY=($(compgen -W '`command sed -e "y/|/ /" \
            -ne "s/^.*\(U\|msg_u\)sage.*{\(.*\)}.*$/\2/p" \
            ${sysvdirs[0]}/${prev##*/} 2>/dev/null` start stop' -- "$cur"));
    fi
}
_services ()
{
    local sysvdirs;
    _sysvdirs;
    local IFS='
' reset=$(shopt -p nullglob);
    shopt -s nullglob;
    COMPREPLY=($(printf '%s\n' ${sysvdirs[0]}/!($_backup_glob|functions|README)));
    $reset;
    COMPREPLY+=($({
        systemctl list-units --full --all ||
            systemctl list-unit-files
    } 2>/dev/null |
        awk '$1 ~ /\.service$/ { sub("\\.service$", "", $1); print $1 }'));
    if [[ -x /sbin/upstart-udev-bridge ]]; then
        COMPREPLY+=($(initctl list 2>/dev/null | cut -d' ' -f1));
    fi;
    COMPREPLY=($(compgen -W '${COMPREPLY[@]#${sysvdirs[0]}/}' -- "$cur"))
}
_shells ()
{
    local shell rest;
    while read -r shell rest; do
        [[ $shell == /* && $shell == "$cur"* ]] && COMPREPLY+=($shell);
    done 2> /dev/null < /etc/shells
}
_signals ()
{
    local -a sigs=($(compgen -P "${1-}" -A signal "SIG${cur#${1-}}"));
    COMPREPLY+=("${sigs[@]/#${1-}SIG/${1-}}")
}
_split_longopt ()
{
    if [[ $cur == --?*=* ]]; then
        prev="${cur%%?(\\)=*}";
        cur="${cur#*=}";
        return 0;
    fi;
    return 1
}
_sysvdirs ()
{
    sysvdirs=();
    [[ -d /etc/rc.d/init.d ]] && sysvdirs+=(/etc/rc.d/init.d);
    [[ -d /etc/init.d ]] && sysvdirs+=(/etc/init.d);
    [[ -f /etc/slackware-version ]] && sysvdirs=(/etc/rc.d);
    return 0
}
_terms ()
{
    COMPREPLY+=($(compgen -W "$({
        command sed -ne 's/^\([^[:space:]#|]\{2,\}\)|.*/\1/p' /etc/termcap
        {
            toe -a || toe
        } | awk '{ print $1 }'
        find /{etc,lib,usr/lib,usr/share}/terminfo/? -type f -maxdepth 1 |
            awk -F/ '{ print $NF }'
    } 2>/dev/null)" -- "$cur"))
}
_tilde ()
{
    local result=0;
    if [[ ${1-} == \~* && $1 != */* ]]; then
        COMPREPLY=($(compgen -P '~' -u -- "${1#\~}"));
        result=${#COMPREPLY[@]};
        ((result > 0)) && compopt -o filenames 2> /dev/null;
    fi;
    return $result
}
_uids ()
{
    if type getent &> /dev/null; then
        COMPREPLY=($(compgen -W '$(getent passwd | cut -d: -f3)' -- "$cur"));
    else
        if type perl &> /dev/null; then
            COMPREPLY=($(compgen -W '$(perl -e '"'"'while (($uid) = (getpwent)[2]) { print $uid . "\n" }'"'"')' -- "$cur"));
        else
            COMPREPLY=($(compgen -W '$(cut -d: -f3 /etc/passwd)' -- "$cur"));
        fi;
    fi
}
_upvar ()
{
    echo "bash_completion: $FUNCNAME: deprecated function," "use _upvars instead" 1>&2;
    if unset -v "$1"; then
        if (($# == 2)); then
            eval $1=\"\$2\";
        else
            eval $1=\(\"\$"{@:2}"\"\);
        fi;
    fi
}
_upvars ()
{
    if ! (($#)); then
        echo "bash_completion: $FUNCNAME: usage: $FUNCNAME" "[-v varname value] | [-aN varname [value ...]] ..." 1>&2;
        return 2;
    fi;
    while (($#)); do
        case $1 in
            -a*)
                [[ -n ${1#-a} ]] || {
                    echo "bash_completion: $FUNCNAME:" "\`$1': missing number specifier" 1>&2;
                    return 1
                };
                printf %d "${1#-a}" &> /dev/null || {
                    echo bash_completion: "$FUNCNAME: \`$1': invalid number specifier" 1>&2;
                    return 1
                };
                [[ -n "$2" ]] && unset -v "$2" && eval $2=\(\"\$"{@:3:${1#-a}}"\"\) && shift $((${1#-a} + 2)) || {
                    echo bash_completion: "$FUNCNAME: \`$1${2+ }$2': missing argument(s)" 1>&2;
                    return 1
                }
            ;;
            -v)
                [[ -n "$2" ]] && unset -v "$2" && eval $2=\"\$3\" && shift 3 || {
                    echo "bash_completion: $FUNCNAME: $1:" "missing argument(s)" 1>&2;
                    return 1
                }
            ;;
            *)
                echo "bash_completion: $FUNCNAME: $1: invalid option" 1>&2;
                return 1
            ;;
        esac;
    done
}
_usb_ids ()
{
    COMPREPLY+=($(compgen -W         "$(PATH="$PATH:/sbin" lsusb | awk '{print $6}')" -- "$cur"))
}
_user_at_host ()
{
    local cur prev words cword;
    _init_completion -n : || return;
    if [[ $cur == *@* ]]; then
        _known_hosts_real "$cur";
    else
        COMPREPLY=($(compgen -u -S @ -- "$cur"));
        compopt -o nospace;
    fi
}
_usergroup ()
{
    if [[ $cur == *\\\\* || $cur == *:*:* ]]; then
        return;
    else
        if [[ $cur == *\\:* ]]; then
            local prefix;
            prefix=${cur%%*([^:])};
            prefix=${prefix//\\/};
            local mycur="${cur#*[:]}";
            if [[ ${1-} == -u ]]; then
                _allowed_groups "$mycur";
            else
                local IFS='
';
                COMPREPLY=($(compgen -g -- "$mycur"));
            fi;
            COMPREPLY=($(compgen -P "$prefix" -W "${COMPREPLY[@]}"));
        else
            if [[ $cur == *:* ]]; then
                local mycur="${cur#*:}";
                if [[ ${1-} == -u ]]; then
                    _allowed_groups "$mycur";
                else
                    local IFS='
';
                    COMPREPLY=($(compgen -g -- "$mycur"));
                fi;
            else
                if [[ ${1-} == -u ]]; then
                    _allowed_users "$cur";
                else
                    local IFS='
';
                    COMPREPLY=($(compgen -u -- "$cur"));
                fi;
            fi;
        fi;
    fi
}
_userland ()
{
    local userland=$(uname -s);
    [[ $userland == @(Linux|GNU/*) ]] && userland=GNU;
    [[ $userland == "$1" ]]
}
_variable_assignments ()
{
    local cur=${1-};
    if [[ $cur =~ ^([A-Za-z_][A-Za-z0-9_]*)=(.*)$ ]]; then
        prev=${BASH_REMATCH[1]};
        cur=${BASH_REMATCH[2]};
    else
        return 1;
    fi;
    case $prev in
        TZ)
            cur=/usr/share/zoneinfo/$cur;
            _filedir;
            for i in "${!COMPREPLY[@]}";
            do
                if [[ ${COMPREPLY[i]} == *.tab ]]; then
                    unset 'COMPREPLY[i]';
                    continue;
                else
                    if [[ -d ${COMPREPLY[i]} ]]; then
                        COMPREPLY[i]+=/;
                        compopt -o nospace;
                    fi;
                fi;
                COMPREPLY[i]=${COMPREPLY[i]#/usr/share/zoneinfo/};
            done
        ;;
        TERM)
            _terms
        ;;
        LANG | LC_*)
            COMPREPLY=($(compgen -W '$(locale -a 2>/dev/null)'                 -- "$cur"))
        ;;
        *)
            _variables && return 0;
            _filedir
        ;;
    esac;
    return 0
}
_variables ()
{
    if [[ $cur =~ ^(\$(\{[!#]?)?)([A-Za-z0-9_]*)$ ]]; then
        if [[ $cur == '${'* ]]; then
            local arrs vars;
            vars=($(compgen -A variable -P ${BASH_REMATCH[1]} -S '}' -- ${BASH_REMATCH[3]}));
            arrs=($(compgen -A arrayvar -P ${BASH_REMATCH[1]} -S '[' -- ${BASH_REMATCH[3]}));
            if ((${#vars[@]} == 1 && ${#arrs[@]} != 0)); then
                compopt -o nospace;
                COMPREPLY+=(${arrs[*]});
            else
                COMPREPLY+=(${vars[*]});
            fi;
        else
            COMPREPLY+=($(compgen -A variable -P '$' -- "${BASH_REMATCH[3]}"));
        fi;
        return 0;
    else
        if [[ $cur =~ ^(\$\{[#!]?)([A-Za-z0-9_]*)\[([^]]*)$ ]]; then
            local IFS='
';
            COMPREPLY+=($(compgen -W '$(printf %s\\n "${!'${BASH_REMATCH[2]}'[@]}")'             -P "${BASH_REMATCH[1]}${BASH_REMATCH[2]}[" -S ']}' -- "${BASH_REMATCH[3]}"));
            if [[ ${BASH_REMATCH[3]} == [@*] ]]; then
                COMPREPLY+=("${BASH_REMATCH[1]}${BASH_REMATCH[2]}[${BASH_REMATCH[3]}]}");
            fi;
            __ltrim_colon_completions "$cur";
            return 0;
        else
            if [[ $cur =~ ^\$\{[#!]?[A-Za-z0-9_]*\[.*\]$ ]]; then
                COMPREPLY+=("$cur}");
                __ltrim_colon_completions "$cur";
                return 0;
            fi;
        fi;
    fi;
    return 1
}
_xfunc ()
{
    set -- "$@";
    local srcfile=$1;
    shift;
    declare -F $1 &> /dev/null || __load_completion "$srcfile";
    "$@"
}
_xinetd_services ()
{
    local xinetddir=${BASHCOMP_XINETDDIR:-/etc/xinetd.d};
    if [[ -d $xinetddir ]]; then
        local IFS='
' reset=$(shopt -p nullglob);
        shopt -s nullglob;
        local -a svcs=($(printf '%s\n' $xinetddir/!($_backup_glob)));
        $reset;
        ((!${#svcs[@]})) || COMPREPLY+=($(compgen -W '${svcs[@]#$xinetddir/}' -- "${cur-}"));
    fi
}
command_not_found_handle ()
{
    if [ -x /usr/lib/command-not-found ]; then
        /usr/lib/command-not-found -- "$1";
        return $?;
    else
        if [ -x /usr/share/command-not-found/command-not-found ]; then
            /usr/share/command-not-found/command-not-found -- "$1";
            return $?;
        else
            printf "%s: command not found\n" "$1" 1>&2;
            return 127;
        fi;
    fi
}
dequote ()
{
    eval printf %s "$1" 2> /dev/null
}
gawklibpath_append ()
{
    [ -z "$AWKLIBPATH" ] && AWKLIBPATH=`gawk 'BEGIN {print ENVIRON["AWKLIBPATH"]}'`;
    export AWKLIBPATH="$AWKLIBPATH:$*"
}
gawklibpath_default ()
{
    unset AWKLIBPATH;
    export AWKLIBPATH=`gawk 'BEGIN {print ENVIRON["AWKLIBPATH"]}'`
}
gawklibpath_prepend ()
{
    [ -z "$AWKLIBPATH" ] && AWKLIBPATH=`gawk 'BEGIN {print ENVIRON["AWKLIBPATH"]}'`;
    export AWKLIBPATH="$*:$AWKLIBPATH"
}
gawkpath_append ()
{
    [ -z "$AWKPATH" ] && AWKPATH=`gawk 'BEGIN {print ENVIRON["AWKPATH"]}'`;
    export AWKPATH="$AWKPATH:$*"
}
gawkpath_default ()
{
    unset AWKPATH;
    export AWKPATH=`gawk 'BEGIN {print ENVIRON["AWKPATH"]}'`
}
gawkpath_prepend ()
{
    [ -z "$AWKPATH" ] && AWKPATH=`gawk 'BEGIN {print ENVIRON["AWKPATH"]}'`;
    export AWKPATH="$*:$AWKPATH"
}
quote ()
{
    local quoted=${1//\'/\'\\\'\'};
    printf "'%s'" "$quoted"
}
quote_readline ()
{
    local ret;
    _quote_readline_by_ref "$1" ret;
    printf %s "$ret"
}
mfm@wv01:/home/mfm/weathervane/configFiles/kubernetes$ kubectl describe node
Name:               wv01
Roles:              control-plane
Labels:             beta.kubernetes.io/arch=amd64
                    beta.kubernetes.io/os=linux
                    kubernetes.io/arch=amd64
                    kubernetes.io/hostname=wv01
                    kubernetes.io/os=linux
                    node-role.kubernetes.io/control-plane=
                    node.kubernetes.io/exclude-from-external-load-balancers=
Annotations:        csi.volume.kubernetes.io/nodeid: {"csi.tigera.io":"wv01"}
                    kubeadm.alpha.kubernetes.io/cri-socket: unix:///var/run/containerd/containerd.sock
                    node.alpha.kubernetes.io/ttl: 0
                    projectcalico.org/IPv4Address: 139.178.83.133/31
                    projectcalico.org/IPv4VXLANTunnelAddr: 192.168.0.0
                    volumes.kubernetes.io/controller-managed-attach-detach: true
CreationTimestamp:  Thu, 25 Aug 2022 18:10:45 +0000
Taints:             <none>
Unschedulable:      false
Lease:
  HolderIdentity:  wv01
  AcquireTime:     <unset>
  RenewTime:       Thu, 25 Aug 2022 21:16:00 +0000
Conditions:
  Type                 Status  LastHeartbeatTime                 LastTransitionTime                Reason                       Message
  ----                 ------  -----------------                 ------------------                ------                       -------
  NetworkUnavailable   False   Thu, 25 Aug 2022 18:14:56 +0000   Thu, 25 Aug 2022 18:14:56 +0000   CalicoIsUp                   Calico is running on this node
  MemoryPressure       False   Thu, 25 Aug 2022 21:13:54 +0000   Thu, 25 Aug 2022 18:10:43 +0000   KubeletHasSufficientMemory   kubelet has sufficient memory available
  DiskPressure         False   Thu, 25 Aug 2022 21:13:54 +0000   Thu, 25 Aug 2022 18:10:43 +0000   KubeletHasNoDiskPressure     kubelet has no disk pressure
  PIDPressure          False   Thu, 25 Aug 2022 21:13:54 +0000   Thu, 25 Aug 2022 18:10:43 +0000   KubeletHasSufficientPID      kubelet has sufficient PID available
  Ready                True    Thu, 25 Aug 2022 21:13:54 +0000   Thu, 25 Aug 2022 18:15:03 +0000   KubeletReady                 kubelet is posting ready status. AppArmor enabled
Addresses:
  InternalIP:  139.178.83.133
  Hostname:    wv01
Capacity:
  cpu:                48
  ephemeral-storage:  228591256Ki
  hugepages-1Gi:      0
  hugepages-2Mi:      0
  memory:             65435488Ki
  pods:               110
Allocatable:
  cpu:                48
  ephemeral-storage:  210669701181
  hugepages-1Gi:      0
  hugepages-2Mi:      0
  memory:             65333088Ki
  pods:               110
System Info:
  Machine ID:                 ea99fd43fcbd4e2281309a738b8072d1
  System UUID:                4c4c4544-0053-3610-804c-c6c04f4d4833
  Boot ID:                    9922dc3e-2baf-44dd-991b-d0ed80adc302
  Kernel Version:             5.15.0-46-generic
  OS Image:                   Ubuntu 22.04.1 LTS
  Operating System:           linux
  Architecture:               amd64
  Container Runtime Version:  containerd://1.6.7
  Kubelet Version:            v1.25.0
  Kube-Proxy Version:         v1.25.0
PodCIDR:                      192.168.0.0/24
PodCIDRs:                     192.168.0.0/24
Non-terminated Pods:          (14 in total)
  Namespace                   Name                                        CPU Requests  CPU Limits  Memory Requests  Memory Limits  Age
  ---------                   ----                                        ------------  ----------  ---------------  -------------  ---
  calico-apiserver            calico-apiserver-84df5b8b66-4czjs           0 (0%)        0 (0%)      0 (0%)           0 (0%)         3h
  calico-apiserver            calico-apiserver-84df5b8b66-n6zfz           0 (0%)        0 (0%)      0 (0%)           0 (0%)         3h
  calico-system               calico-kube-controllers-795d7b8659-bbk9v    0 (0%)        0 (0%)      0 (0%)           0 (0%)         3h1m
  calico-system               calico-node-547n4                           0 (0%)        0 (0%)      0 (0%)           0 (0%)         3h1m
  calico-system               calico-typha-6c888675bd-mlrtg               0 (0%)        0 (0%)      0 (0%)           0 (0%)         3h1m
  calico-system               csi-node-driver-wpvcc                       0 (0%)        0 (0%)      0 (0%)           0 (0%)         3h1m
  kube-system                 coredns-565d847f94-grqzg                    100m (0%)     0 (0%)      70Mi (0%)        170Mi (0%)     3h5m
  kube-system                 coredns-565d847f94-z96nk                    100m (0%)     0 (0%)      70Mi (0%)        170Mi (0%)     3h5m
  kube-system                 etcd-wv01                                   100m (0%)     0 (0%)      100Mi (0%)       0 (0%)         3h5m
  kube-system                 kube-apiserver-wv01                         250m (0%)     0 (0%)      0 (0%)           0 (0%)         3h5m
  kube-system                 kube-controller-manager-wv01                200m (0%)     0 (0%)      0 (0%)           0 (0%)         3h5m
  kube-system                 kube-proxy-9c27k                            0 (0%)        0 (0%)      0 (0%)           0 (0%)         3h5m
  kube-system                 kube-scheduler-wv01                         100m (0%)     0 (0%)      0 (0%)           0 (0%)         3h5m
  tigera-operator             tigera-operator-8699df55d6-dxsfq            0 (0%)        0 (0%)      0 (0%)           0 (0%)         3h1m
Allocated resources:
  (Total limits may be over 100 percent, i.e., overcommitted.)
  Resource           Requests    Limits
  --------           --------    ------
  cpu                850m (1%)   0 (0%)
  memory             240Mi (0%)  340Mi (0%)
  ephemeral-storage  0 (0%)      0 (0%)
  hugepages-1Gi      0 (0%)      0 (0%)
  hugepages-2Mi      0 (0%)      0 (0%)
Events:              <none>
mfm@wv01:/home/mfm/weathervane/configFiles/kubernetes$ history
    1  cd weathervane/
    2  cd configFiles/kubernetes/
    3  ll
    4  grep 8080 *
    5  who
    6  jobs
    7  ps -a
    8  who
    9  history
   10  set
   11  kubectl describe node
   12  history
mfm@wv01:/home/mfm/weathervane/configFiles/kubernetes$
mfm@wv01:/home/mfm/weathervane/configFiles/kubernetes$ cat ~/u2204
sudo apt update
sudo apt install -y ca-certificates curl gnupg lsb-release
curl -fsSL https://download.docker.com/linux/ubuntu/gpg | sudo gpg --dearmor -o /usr/share/keyrings/docker-archive-keyring.gpg
echo "deb [arch=$(dpkg --print-architecture) signed-by=/usr/share/keyrings/docker-archive-keyring.gpg] https://download.docker.com/linux/ubuntu $(lsb_release -cs) stable" | sudo tee /etc/apt/sources.list.d/docker.list
sudo apt update
sudo apt install -y containerd.io
wget https://github.com/opencontainers/runc/releases/download/v1.1.1/runc.amd64
sudo install -m 755 runc.amd64 /usr/local/sbin/runc
sudo mkdir -p /etc/containerd/
containerd config default | sudo tee /etc/containerd/config.toml
sudo sed -i 's/SystemdCgroup \= false/SystemdCgroup \= true/g' /etc/containerd/config.toml
sudo sed -i 's/^disabled_plugins \=/\#disabled_plugins \=/g' /etc/containerd/config.toml
sudo systemctl restart containerd
sudo ufw allow 6443/tcp
sudo ufw allow 2379/tcp
sudo ufw allow 2380/tcp
sudo ufw allow 10250/tcp
sudo ufw allow 10257/tcp
sudo ufw allow 10259/tcp
sudo ufw reload
sudo ufw allow 10250/tcp
sudo ufw allow 30000:32767/tcp
sudo ufw reload
cat <<EOF | sudo tee /etc/modules-load.d/k8s.conf
br_netfilter
EOF

cat <<EOF | sudo tee /etc/sysctl.d/k8s.conf
net.bridge.bridge-nf-call-ip6tables = 1
net.bridge.bridge-nf-call-iptables = 1
net.ipv4.ip_forward = 1
EOF

sudo sysctl --system
sudo swapoff -a
sudo vi /etc/fstab  # comment out swap line
sudo cat /etc/fstab
sudo modprobe br_netfilter
sudo sysctl net.bridge.bridge-nf-call-iptables=1
sudo apt update
sudo apt install -y apt-transport-https ca-certificates curl
sudo curl -fsSLo /usr/share/keyrings/kubernetes-archive-keyring.gpg https://packages.cloud.google.com/apt/doc/apt-key.gpg
echo "deb [signed-by=/usr/share/keyrings/kubernetes-archive-keyring.gpg] https://apt.kubernetes.io/ kubernetes-xenial main" | sudo tee /etc/apt/sources.list.d/kubernetes.list
sudo apt update
sudo apt install -y kubelet kubeadm kubectl
