Microsoft Windows [Version 10.0.19044.1826]
(c) Microsoft Corporation. All rights reserved.

C:\Users\mikmoran>ssh root@139.178.85.161
The authenticity of host '139.178.85.161 (139.178.85.161)' can't be established.
ECDSA key fingerprint is SHA256:kkhvtvdwepQGWzJfR9uCZeJFxn6s+ezHA2ApLd0WmOI.
Are you sure you want to continue connecting (yes/no/[fingerprint])? yes
Warning: Permanently added '139.178.85.161' (ECDSA) to the list of known hosts.
Welcome to Ubuntu 22.04.1 LTS (GNU/Linux 5.15.0-46-generic x86_64)

 * Documentation:  https://help.ubuntu.com
 * Management:     https://landscape.canonical.com
 * Support:        https://ubuntu.com/advantage

  System information as of Fri Aug 26 20:44:22 UTC 2022

  System load:            0.04296875
  Usage of /:             1.3% of 217.51GB
  Memory usage:           2%
  Swap usage:             0%
  Processes:              550
  Users logged in:        0
  IPv4 address for bond0: 139.178.85.161
  IPv6 address for bond0: 2604:1380:4641:3b00::19

0 updates can be applied immediately.


The list of available updates is more than a week old.
To check for new updates run: sudo apt update


The programs included with the Ubuntu system are free software;
the exact distribution terms for each program are described in the
individual files in /usr/share/doc/*/copyright.

Ubuntu comes with ABSOLUTELY NO WARRANTY, to the extent permitted by
applicable law.

root@wv02:~# snap install multipass
multipass 1.10.1 from Canonicalâœ“ installed
root@wv02:~# multipass launch -c 4 -d 50G -m 8G -n node1
Launched: node1
root@wv02:~# multipass launch -c 4 -d 50G -m 8G -n node2
Launched: node2
root@wv02:~# multipass launch -c 4 -d 50G -m 8G -n node3
Launched: node3
root@wv02:~# multipass info --all
Name:           node1
State:          Running
IPv4:           10.4.171.131
Release:        Ubuntu 20.04.4 LTS
Image hash:     77f2f05e39e5 (Ubuntu 20.04 LTS)
Load:           0.30 0.10 0.03
Disk usage:     1.4G out of 48.3G
Memory usage:   189.7M out of 7.8G
Mounts:         --

Name:           node2
State:          Running
IPv4:           10.4.171.65
Release:        Ubuntu 20.04.4 LTS
Image hash:     77f2f05e39e5 (Ubuntu 20.04 LTS)
Load:           0.16 0.06 0.02
Disk usage:     1.4G out of 48.3G
Memory usage:   185.3M out of 7.8G
Mounts:         --

Name:           node3
State:          Running
IPv4:           10.4.171.181
Release:        Ubuntu 20.04.4 LTS
Image hash:     77f2f05e39e5 (Ubuntu 20.04 LTS)
Load:           0.81 0.20 0.07
Disk usage:     1.4G out of 48.3G
Memory usage:   193.7M out of 7.8G
Mounts:         --
root@wv02:~# df .
Filesystem     1K-blocks     Used Available Use% Mounted on
/dev/sda3      228077240 10250360 206215052   5% /
root@wv02:~# multipass shell node1
Welcome to Ubuntu 20.04.4 LTS (GNU/Linux 5.4.0-125-generic x86_64)

 * Documentation:  https://help.ubuntu.com
 * Management:     https://landscape.canonical.com
 * Support:        https://ubuntu.com/advantage

  System information as of Fri Aug 26 20:58:25 UTC 2022

  System load:  0.0               Processes:             143
  Usage of /:   2.8% of 48.27GB   Users logged in:       0
  Memory usage: 3%                IPv4 address for ens3: 10.4.171.131
  Swap usage:   0%


0 updates can be applied immediately.

New release '22.04.1 LTS' available.
Run 'do-release-upgrade' to upgrade to it.


To run a command as administrator (user "root"), use "sudo <command>".
See "man sudo_root" for details.

ubuntu@node1:~$ which git
/usr/bin/git
ubuntu@node1:~$ uname -a
Linux node1 5.4.0-125-generic #141-Ubuntu SMP Wed Aug 10 13:42:03 UTC 2022 x86_64 x86_64 x86_64 GNU/Linux
ubuntu@node1:~$ uname -m
x86_64
ubuntu@node1:~$ df .
Filesystem     1K-blocks    Used Available Use% Mounted on
/dev/sda1       50620216 1427236  49176596   3% /
ubuntu@node1:~$
ubuntu@node1:~$
ubuntu@node1:~$
ubuntu@node1:~$
ubuntu@node1:~$ which vi
/usr/bin/vi
ubuntu@node1:~$ git clone http://github.com/mike-moran-amd/my_python.git
Cloning into 'my_python'...
warning: redirecting to https://github.com/mike-moran-amd/my_python.git/
remote: Enumerating objects: 661, done.
remote: Counting objects: 100% (304/304), done.
remote: Compressing objects: 100% (215/215), done.
remote: Total 661 (delta 184), reused 200 (delta 85), pack-reused 357
Receiving objects: 100% (661/661), 373.87 KiB | 3.67 MiB/s, done.
Resolving deltas: 100% (368/368), done.
ubuntu@node1:~$ cd my_python/
ubuntu@node1:~/my_python$ which python3
/usr/bin/python3
ubuntu@node1:~/my_python$ vi doit22
ubuntu@node1:~/my_python$ . doit22
Hit:1 http://archive.ubuntu.com/ubuntu focal InRelease
Get:2 http://archive.ubuntu.com/ubuntu focal-updates InRelease [114 kB]
Get:3 http://security.ubuntu.com/ubuntu focal-security InRelease [114 kB]
Get:4 http://archive.ubuntu.com/ubuntu focal-backports InRelease [108 kB]
Get:5 http://security.ubuntu.com/ubuntu focal-security/main amd64 Packages [1682 kB]
Get:6 http://archive.ubuntu.com/ubuntu focal/universe amd64 Packages [8628 kB]
Get:7 http://security.ubuntu.com/ubuntu focal-security/main Translation-en [284 kB]
Get:8 http://security.ubuntu.com/ubuntu focal-security/main amd64 c-n-f Metadata [11.0 kB]
Get:9 http://security.ubuntu.com/ubuntu focal-security/restricted amd64 Packages [1147 kB]
Get:10 http://security.ubuntu.com/ubuntu focal-security/restricted Translation-en [163 kB]
Get:11 http://security.ubuntu.com/ubuntu focal-security/universe amd64 Packages [715 kB]
Get:12 http://security.ubuntu.com/ubuntu focal-security/universe Translation-en [130 kB]
Get:13 http://security.ubuntu.com/ubuntu focal-security/universe amd64 c-n-f Metadata [14.8 kB]
Get:14 http://security.ubuntu.com/ubuntu focal-security/multiverse amd64 Packages [22.2 kB]
Get:15 http://security.ubuntu.com/ubuntu focal-security/multiverse Translation-en [5376 B]
Get:16 http://security.ubuntu.com/ubuntu focal-security/multiverse amd64 c-n-f Metadata [508 B]
Get:17 http://archive.ubuntu.com/ubuntu focal/universe Translation-en [5124 kB]
Get:18 http://archive.ubuntu.com/ubuntu focal/universe amd64 c-n-f Metadata [265 kB]
Get:19 http://archive.ubuntu.com/ubuntu focal/multiverse amd64 Packages [144 kB]
Get:20 http://archive.ubuntu.com/ubuntu focal/multiverse Translation-en [104 kB]
Get:21 http://archive.ubuntu.com/ubuntu focal/multiverse amd64 c-n-f Metadata [9136 B]
Get:22 http://archive.ubuntu.com/ubuntu focal-updates/main amd64 Packages [2049 kB]
Get:23 http://archive.ubuntu.com/ubuntu focal-updates/main Translation-en [366 kB]
Get:24 http://archive.ubuntu.com/ubuntu focal-updates/main amd64 c-n-f Metadata [15.8 kB]
Get:25 http://archive.ubuntu.com/ubuntu focal-updates/restricted amd64 Packages [1233 kB]
Get:26 http://archive.ubuntu.com/ubuntu focal-updates/restricted Translation-en [175 kB]
Get:27 http://archive.ubuntu.com/ubuntu focal-updates/universe amd64 Packages [941 kB]
Get:28 http://archive.ubuntu.com/ubuntu focal-updates/universe Translation-en [213 kB]
Get:29 http://archive.ubuntu.com/ubuntu focal-updates/universe amd64 c-n-f Metadata [21.2 kB]
Get:30 http://archive.ubuntu.com/ubuntu focal-updates/multiverse amd64 Packages [24.4 kB]
Get:31 http://archive.ubuntu.com/ubuntu focal-updates/multiverse Translation-en [7336 B]
Get:32 http://archive.ubuntu.com/ubuntu focal-updates/multiverse amd64 c-n-f Metadata [588 B]
Get:33 http://archive.ubuntu.com/ubuntu focal-backports/main amd64 Packages [45.6 kB]
Get:34 http://archive.ubuntu.com/ubuntu focal-backports/main Translation-en [16.3 kB]
Get:35 http://archive.ubuntu.com/ubuntu focal-backports/main amd64 c-n-f Metadata [1420 B]
Get:36 http://archive.ubuntu.com/ubuntu focal-backports/restricted amd64 c-n-f Metadata [116 B]
Get:37 http://archive.ubuntu.com/ubuntu focal-backports/universe amd64 Packages [23.9 kB]
Get:38 http://archive.ubuntu.com/ubuntu focal-backports/universe Translation-en [16.0 kB]
Get:39 http://archive.ubuntu.com/ubuntu focal-backports/universe amd64 c-n-f Metadata [860 B]
Get:40 http://archive.ubuntu.com/ubuntu focal-backports/multiverse amd64 c-n-f Metadata [116 B]
Fetched 23.9 MB in 4s (6118 kB/s)
Reading package lists... Done
Building dependency tree
Reading state information... Done
6 packages can be upgraded. Run 'apt list --upgradable' to see them.
Reading package lists... Done
Building dependency tree
Reading state information... Done
lsb-release is already the newest version (11.1.0ubuntu2).
lsb-release set to manually installed.
ca-certificates is already the newest version (20211016~20.04.1).
ca-certificates set to manually installed.
curl is already the newest version (7.68.0-1ubuntu2.12).
curl set to manually installed.
gnupg is already the newest version (2.2.19-3ubuntu2.2).
gnupg set to manually installed.
0 upgraded, 0 newly installed, 0 to remove and 6 not upgraded.
deb [arch=amd64 signed-by=/usr/share/keyrings/docker-archive-keyring.gpg] https://download.docker.com/linux/ubuntu focal stable
Hit:1 http://archive.ubuntu.com/ubuntu focal InRelease
Get:2 https://download.docker.com/linux/ubuntu focal InRelease [57.7 kB]
Hit:3 http://archive.ubuntu.com/ubuntu focal-updates InRelease
Hit:4 http://archive.ubuntu.com/ubuntu focal-backports InRelease
Get:5 https://download.docker.com/linux/ubuntu focal/stable amd64 Packages [17.9 kB]
Hit:6 http://security.ubuntu.com/ubuntu focal-security InRelease
Fetched 75.6 kB in 0s (216 kB/s)
Reading package lists... Done
Building dependency tree
Reading state information... Done
6 packages can be upgraded. Run 'apt list --upgradable' to see them.
Reading package lists... Done
Building dependency tree
Reading state information... Done
The following NEW packages will be installed:
  containerd.io
0 upgraded, 1 newly installed, 0 to remove and 6 not upgraded.
Need to get 28.1 MB of archives.
After this operation, 127 MB of additional disk space will be used.
Get:1 https://download.docker.com/linux/ubuntu focal/stable amd64 containerd.io amd64 1.6.8-1 [28.1 MB]
Fetched 28.1 MB in 0s (127 MB/s)
Selecting previously unselected package containerd.io.
(Reading database ... 63818 files and directories currently installed.)
Preparing to unpack .../containerd.io_1.6.8-1_amd64.deb ...
Unpacking containerd.io (1.6.8-1) ...
Setting up containerd.io (1.6.8-1) ...
Created symlink /etc/systemd/system/multi-user.target.wants/containerd.service â†’ /lib/systemd/system/containerd.service.
Processing triggers for man-db (2.9.1-1) ...
--2022-08-26 21:14:17--  https://github.com/opencontainers/runc/releases/download/v1.1.1/runc.amd64
Resolving github.com (github.com)... 140.82.112.3
Connecting to github.com (github.com)|140.82.112.3|:443... connected.
HTTP request sent, awaiting response... 302 Found
Location: https://objects.githubusercontent.com/github-production-release-asset-2e65be/36960321/decb03b0-76a4-4ee7-bd06-4e3a548d9f87?X-Amz-Algorithm=AWS4-HMAC-SHA256&X-Amz-Credential=AKIAIWNJYAX4CSVEH53A%2F20220826%2Fus-east-1%2Fs3%2Faws4_request&X-Amz-Date=20220826T211417Z&X-Amz-Expires=300&X-Amz-Signature=b31362f86e4abed9c64f853c019aa6b380615d8318f44fc2f91f08c99b74ffad&X-Amz-SignedHeaders=host&actor_id=0&key_id=0&repo_id=36960321&response-content-disposition=attachment%3B%20filename%3Drunc.amd64&response-content-type=application%2Foctet-stream [following]
--2022-08-26 21:14:17--  https://objects.githubusercontent.com/github-production-release-asset-2e65be/36960321/decb03b0-76a4-4ee7-bd06-4e3a548d9f87?X-Amz-Algorithm=AWS4-HMAC-SHA256&X-Amz-Credential=AKIAIWNJYAX4CSVEH53A%2F20220826%2Fus-east-1%2Fs3%2Faws4_request&X-Amz-Date=20220826T211417Z&X-Amz-Expires=300&X-Amz-Signature=b31362f86e4abed9c64f853c019aa6b380615d8318f44fc2f91f08c99b74ffad&X-Amz-SignedHeaders=host&actor_id=0&key_id=0&repo_id=36960321&response-content-disposition=attachment%3B%20filename%3Drunc.amd64&response-content-type=application%2Foctet-stream
Resolving objects.githubusercontent.com (objects.githubusercontent.com)... 185.199.111.133, 185.199.108.133, 185.199.109.133, ...
Connecting to objects.githubusercontent.com (objects.githubusercontent.com)|185.199.111.133|:443... connected.
HTTP request sent, awaiting response... 200 OK
Length: 9415040 (9.0M) [application/octet-stream]
Saving to: â€˜runc.amd64â€™

runc.amd64                                100%[====================================================================================>]   8.98M  55.5MB/s    in 0.2s

2022-08-26 21:14:17 (55.5 MB/s) - â€˜runc.amd64â€™ saved [9415040/9415040]

disabled_plugins = []
imports = []
oom_score = 0
plugin_dir = ""
required_plugins = []
root = "/var/lib/containerd"
state = "/run/containerd"
temp = ""
version = 2

[cgroup]
  path = ""

[debug]
  address = ""
  format = ""
  gid = 0
  level = ""
  uid = 0

[grpc]
  address = "/run/containerd/containerd.sock"
  gid = 0
  max_recv_message_size = 16777216
  max_send_message_size = 16777216
  tcp_address = ""
  tcp_tls_ca = ""
  tcp_tls_cert = ""
  tcp_tls_key = ""
  uid = 0

[metrics]
  address = ""
  grpc_histogram = false

[plugins]

  [plugins."io.containerd.gc.v1.scheduler"]
    deletion_threshold = 0
    mutation_threshold = 100
    pause_threshold = 0.02
    schedule_delay = "0s"
    startup_delay = "100ms"

  [plugins."io.containerd.grpc.v1.cri"]
    device_ownership_from_security_context = false
    disable_apparmor = false
    disable_cgroup = false
    disable_hugetlb_controller = true
    disable_proc_mount = false
    disable_tcp_service = true
    enable_selinux = false
    enable_tls_streaming = false
    enable_unprivileged_icmp = false
    enable_unprivileged_ports = false
    ignore_image_defined_volumes = false
    max_concurrent_downloads = 3
    max_container_log_line_size = 16384
    netns_mounts_under_state_dir = false
    restrict_oom_score_adj = false
    sandbox_image = "k8s.gcr.io/pause:3.6"
    selinux_category_range = 1024
    stats_collect_period = 10
    stream_idle_timeout = "4h0m0s"
    stream_server_address = "127.0.0.1"
    stream_server_port = "0"
    systemd_cgroup = false
    tolerate_missing_hugetlb_controller = true
    unset_seccomp_profile = ""

    [plugins."io.containerd.grpc.v1.cri".cni]
      bin_dir = "/opt/cni/bin"
      conf_dir = "/etc/cni/net.d"
      conf_template = ""
      ip_pref = ""
      max_conf_num = 1

    [plugins."io.containerd.grpc.v1.cri".containerd]
      default_runtime_name = "runc"
      disable_snapshot_annotations = true
      discard_unpacked_layers = false
      ignore_rdt_not_enabled_errors = false
      no_pivot = false
      snapshotter = "overlayfs"

      [plugins."io.containerd.grpc.v1.cri".containerd.default_runtime]
        base_runtime_spec = ""
        cni_conf_dir = ""
        cni_max_conf_num = 0
        container_annotations = []
        pod_annotations = []
        privileged_without_host_devices = false
        runtime_engine = ""
        runtime_path = ""
        runtime_root = ""
        runtime_type = ""

        [plugins."io.containerd.grpc.v1.cri".containerd.default_runtime.options]

      [plugins."io.containerd.grpc.v1.cri".containerd.runtimes]

        [plugins."io.containerd.grpc.v1.cri".containerd.runtimes.runc]
          base_runtime_spec = ""
          cni_conf_dir = ""
          cni_max_conf_num = 0
          container_annotations = []
          pod_annotations = []
          privileged_without_host_devices = false
          runtime_engine = ""
          runtime_path = ""
          runtime_root = ""
          runtime_type = "io.containerd.runc.v2"

          [plugins."io.containerd.grpc.v1.cri".containerd.runtimes.runc.options]
            BinaryName = ""
            CriuImagePath = ""
            CriuPath = ""
            CriuWorkPath = ""
            IoGid = 0
            IoUid = 0
            NoNewKeyring = false
            NoPivotRoot = false
            Root = ""
            ShimCgroup = ""
            SystemdCgroup = false

      [plugins."io.containerd.grpc.v1.cri".containerd.untrusted_workload_runtime]
        base_runtime_spec = ""
        cni_conf_dir = ""
        cni_max_conf_num = 0
        container_annotations = []
        pod_annotations = []
        privileged_without_host_devices = false
        runtime_engine = ""
        runtime_path = ""
        runtime_root = ""
        runtime_type = ""

        [plugins."io.containerd.grpc.v1.cri".containerd.untrusted_workload_runtime.options]

    [plugins."io.containerd.grpc.v1.cri".image_decryption]
      key_model = "node"

    [plugins."io.containerd.grpc.v1.cri".registry]
      config_path = ""

      [plugins."io.containerd.grpc.v1.cri".registry.auths]

      [plugins."io.containerd.grpc.v1.cri".registry.configs]

      [plugins."io.containerd.grpc.v1.cri".registry.headers]

      [plugins."io.containerd.grpc.v1.cri".registry.mirrors]

    [plugins."io.containerd.grpc.v1.cri".x509_key_pair_streaming]
      tls_cert_file = ""
      tls_key_file = ""

  [plugins."io.containerd.internal.v1.opt"]
    path = "/opt/containerd"

  [plugins."io.containerd.internal.v1.restart"]
    interval = "10s"

  [plugins."io.containerd.internal.v1.tracing"]
    sampling_ratio = 1.0
    service_name = "containerd"

  [plugins."io.containerd.metadata.v1.bolt"]
    content_sharing_policy = "shared"

  [plugins."io.containerd.monitor.v1.cgroups"]
    no_prometheus = false

  [plugins."io.containerd.runtime.v1.linux"]
    no_shim = false
    runtime = "runc"
    runtime_root = ""
    shim = "containerd-shim"
    shim_debug = false

  [plugins."io.containerd.runtime.v2.task"]
    platforms = ["linux/amd64"]
    sched_core = false

  [plugins."io.containerd.service.v1.diff-service"]
    default = ["walking"]

  [plugins."io.containerd.service.v1.tasks-service"]
    rdt_config_file = ""

  [plugins."io.containerd.snapshotter.v1.aufs"]
    root_path = ""

  [plugins."io.containerd.snapshotter.v1.btrfs"]
    root_path = ""

  [plugins."io.containerd.snapshotter.v1.devmapper"]
    async_remove = false
    base_image_size = ""
    discard_blocks = false
    fs_options = ""
    fs_type = ""
    pool_name = ""
    root_path = ""

  [plugins."io.containerd.snapshotter.v1.native"]
    root_path = ""

  [plugins."io.containerd.snapshotter.v1.overlayfs"]
    root_path = ""
    upperdir_label = false

  [plugins."io.containerd.snapshotter.v1.zfs"]
    root_path = ""

  [plugins."io.containerd.tracing.processor.v1.otlp"]
    endpoint = ""
    insecure = false
    protocol = ""

[proxy_plugins]

[stream_processors]

  [stream_processors."io.containerd.ocicrypt.decoder.v1.tar"]
    accepts = ["application/vnd.oci.image.layer.v1.tar+encrypted"]
    args = ["--decryption-keys-path", "/etc/containerd/ocicrypt/keys"]
    env = ["OCICRYPT_KEYPROVIDER_CONFIG=/etc/containerd/ocicrypt/ocicrypt_keyprovider.conf"]
    path = "ctd-decoder"
    returns = "application/vnd.oci.image.layer.v1.tar"

  [stream_processors."io.containerd.ocicrypt.decoder.v1.tar.gzip"]
    accepts = ["application/vnd.oci.image.layer.v1.tar+gzip+encrypted"]
    args = ["--decryption-keys-path", "/etc/containerd/ocicrypt/keys"]
    env = ["OCICRYPT_KEYPROVIDER_CONFIG=/etc/containerd/ocicrypt/ocicrypt_keyprovider.conf"]
    path = "ctd-decoder"
    returns = "application/vnd.oci.image.layer.v1.tar+gzip"

[timeouts]
  "io.containerd.timeout.bolt.open" = "0s"
  "io.containerd.timeout.shim.cleanup" = "5s"
  "io.containerd.timeout.shim.load" = "5s"
  "io.containerd.timeout.shim.shutdown" = "3s"
  "io.containerd.timeout.task.state" = "2s"

[ttrpc]
  address = ""
  gid = 0
  uid = 0
Rules updated
Rules updated (v6)
Rules updated
Rules updated (v6)
Rules updated
Rules updated (v6)
Rules updated
Rules updated (v6)
Rules updated
Rules updated (v6)
Rules updated
Rules updated (v6)
Firewall not enabled (skipping reload)
Skipping adding existing rule
Skipping adding existing rule (v6)
Rules updated
Rules updated (v6)
Firewall not enabled (skipping reload)
br_netfilter
net.bridge.bridge-nf-call-ip6tables = 1
net.bridge.bridge-nf-call-iptables = 1
net.ipv4.ip_forward = 1
* Applying /etc/sysctl.d/10-console-messages.conf ...
kernel.printk = 4 4 1 7
* Applying /etc/sysctl.d/10-ipv6-privacy.conf ...
net.ipv6.conf.all.use_tempaddr = 2
net.ipv6.conf.default.use_tempaddr = 2
* Applying /etc/sysctl.d/10-kernel-hardening.conf ...
kernel.kptr_restrict = 1
* Applying /etc/sysctl.d/10-link-restrictions.conf ...
fs.protected_hardlinks = 1
fs.protected_symlinks = 1
* Applying /etc/sysctl.d/10-magic-sysrq.conf ...
kernel.sysrq = 176
* Applying /etc/sysctl.d/10-network-security.conf ...
net.ipv4.conf.default.rp_filter = 2
net.ipv4.conf.all.rp_filter = 2
* Applying /etc/sysctl.d/10-ptrace.conf ...
kernel.yama.ptrace_scope = 1
* Applying /etc/sysctl.d/10-zeropage.conf ...
vm.mmap_min_addr = 65536
* Applying /usr/lib/sysctl.d/50-default.conf ...
net.ipv4.conf.default.promote_secondaries = 1
sysctl: setting key "net.ipv4.conf.all.promote_secondaries": Invalid argument
net.ipv4.ping_group_range = 0 2147483647
net.core.default_qdisc = fq_codel
fs.protected_regular = 1
fs.protected_fifos = 1
* Applying /usr/lib/sysctl.d/50-pid-max.conf ...
kernel.pid_max = 4194304
* Applying /etc/sysctl.d/99-cloudimg-ipv6.conf ...
net.ipv6.conf.all.use_tempaddr = 0
net.ipv6.conf.default.use_tempaddr = 0
* Applying /etc/sysctl.d/99-sysctl.conf ...
* Applying /etc/sysctl.d/k8s.conf ...
net.ipv4.ip_forward = 1
* Applying /usr/lib/sysctl.d/protect-links.conf ...
fs.protected_fifos = 1
fs.protected_hardlinks = 1
fs.protected_regular = 2
fs.protected_symlinks = 1
* Applying /etc/sysctl.conf ...
LABEL=cloudimg-rootfs   /        ext4   defaults        0 1
#LABEL=UEFI     /boot/efi       vfat    umask=0077      0 1
net.bridge.bridge-nf-call-iptables = 1
Hit:1 https://download.docker.com/linux/ubuntu focal InRelease
Hit:2 http://archive.ubuntu.com/ubuntu focal InRelease
Hit:3 http://archive.ubuntu.com/ubuntu focal-updates InRelease
Hit:4 http://archive.ubuntu.com/ubuntu focal-backports InRelease
Hit:5 http://security.ubuntu.com/ubuntu focal-security InRelease
Reading package lists... Done
Building dependency tree
Reading state information... Done
6 packages can be upgraded. Run 'apt list --upgradable' to see them.
Reading package lists... Done
Building dependency tree
Reading state information... Done
ca-certificates is already the newest version (20211016~20.04.1).
curl is already the newest version (7.68.0-1ubuntu2.12).
The following NEW packages will be installed:
  apt-transport-https
0 upgraded, 1 newly installed, 0 to remove and 6 not upgraded.
Need to get 1704 B of archives.
After this operation, 162 kB of additional disk space will be used.
Get:1 http://archive.ubuntu.com/ubuntu focal-updates/universe amd64 apt-transport-https all 2.0.9 [1704 B]
Fetched 1704 B in 0s (4104 B/s)
Selecting previously unselected package apt-transport-https.
(Reading database ... 63834 files and directories currently installed.)
Preparing to unpack .../apt-transport-https_2.0.9_all.deb ...
Unpacking apt-transport-https (2.0.9) ...
Setting up apt-transport-https (2.0.9) ...
deb [signed-by=/usr/share/keyrings/kubernetes-archive-keyring.gpg] https://apt.kubernetes.io/ kubernetes-xenial main
Hit:1 https://download.docker.com/linux/ubuntu focal InRelease
Hit:2 http://security.ubuntu.com/ubuntu focal-security InRelease
Hit:3 http://archive.ubuntu.com/ubuntu focal InRelease
Hit:4 http://archive.ubuntu.com/ubuntu focal-updates InRelease
Hit:5 http://archive.ubuntu.com/ubuntu focal-backports InRelease
Get:6 https://packages.cloud.google.com/apt kubernetes-xenial InRelease [9383 B]
Get:7 https://packages.cloud.google.com/apt kubernetes-xenial/main amd64 Packages [58.4 kB]
Fetched 67.8 kB in 1s (68.3 kB/s)
Reading package lists... Done
Building dependency tree
Reading state information... Done
6 packages can be upgraded. Run 'apt list --upgradable' to see them.
Reading package lists... Done
Building dependency tree
Reading state information... Done
The following additional packages will be installed:
  conntrack cri-tools ebtables kubernetes-cni socat
Suggested packages:
  nftables
The following NEW packages will be installed:
  conntrack cri-tools ebtables kubeadm kubectl kubelet kubernetes-cni socat
0 upgraded, 8 newly installed, 0 to remove and 6 not upgraded.
Need to get 75.9 MB of archives.
After this operation, 310 MB of additional disk space will be used.
Get:4 http://archive.ubuntu.com/ubuntu focal/main amd64 conntrack amd64 1:1.4.5-2 [30.3 kB]
Get:1 https://packages.cloud.google.com/apt kubernetes-xenial/main amd64 cri-tools amd64 1.24.2-00 [12.3 MB]
Get:7 http://archive.ubuntu.com/ubuntu focal/main amd64 ebtables amd64 2.0.11-3build1 [80.3 kB]
Get:8 http://archive.ubuntu.com/ubuntu focal/main amd64 socat amd64 1.7.3.3-2 [323 kB]
Get:2 https://packages.cloud.google.com/apt kubernetes-xenial/main amd64 kubernetes-cni amd64 0.8.7-00 [25.0 MB]
Get:3 https://packages.cloud.google.com/apt kubernetes-xenial/main amd64 kubelet amd64 1.25.0-00 [19.5 MB]
Get:5 https://packages.cloud.google.com/apt kubernetes-xenial/main amd64 kubectl amd64 1.25.0-00 [9500 kB]
Get:6 https://packages.cloud.google.com/apt kubernetes-xenial/main amd64 kubeadm amd64 1.25.0-00 [9213 kB]
Fetched 75.9 MB in 2s (49.2 MB/s)
Selecting previously unselected package conntrack.
(Reading database ... 63838 files and directories currently installed.)
Preparing to unpack .../0-conntrack_1%3a1.4.5-2_amd64.deb ...
Unpacking conntrack (1:1.4.5-2) ...
Selecting previously unselected package cri-tools.
Preparing to unpack .../1-cri-tools_1.24.2-00_amd64.deb ...
Unpacking cri-tools (1.24.2-00) ...
Selecting previously unselected package ebtables.
Preparing to unpack .../2-ebtables_2.0.11-3build1_amd64.deb ...
Unpacking ebtables (2.0.11-3build1) ...
Selecting previously unselected package kubernetes-cni.
Preparing to unpack .../3-kubernetes-cni_0.8.7-00_amd64.deb ...
Unpacking kubernetes-cni (0.8.7-00) ...
Selecting previously unselected package socat.
Preparing to unpack .../4-socat_1.7.3.3-2_amd64.deb ...
Unpacking socat (1.7.3.3-2) ...
Selecting previously unselected package kubelet.
Preparing to unpack .../5-kubelet_1.25.0-00_amd64.deb ...
Unpacking kubelet (1.25.0-00) ...
Selecting previously unselected package kubectl.
Preparing to unpack .../6-kubectl_1.25.0-00_amd64.deb ...
Unpacking kubectl (1.25.0-00) ...
Selecting previously unselected package kubeadm.
Preparing to unpack .../7-kubeadm_1.25.0-00_amd64.deb ...
Unpacking kubeadm (1.25.0-00) ...
Setting up conntrack (1:1.4.5-2) ...
Setting up kubectl (1.25.0-00) ...
Setting up ebtables (2.0.11-3build1) ...
Setting up socat (1.7.3.3-2) ...
Setting up cri-tools (1.24.2-00) ...
Setting up kubernetes-cni (0.8.7-00) ...
Setting up kubelet (1.25.0-00) ...
Created symlink /etc/systemd/system/multi-user.target.wants/kubelet.service â†’ /lib/systemd/system/kubelet.service.
Setting up kubeadm (1.25.0-00) ...
Processing triggers for man-db (2.9.1-1) ...
ubuntu@node1:~/my_python$ exit
logout
root@wv02:~# df .
Filesystem     1K-blocks     Used Available Use% Mounted on
/dev/sda3      228077240 11102924 205362488   6% /
root@wv02:~#
root@wv02:~# multipass shell node2
Welcome to Ubuntu 20.04.4 LTS (GNU/Linux 5.4.0-125-generic x86_64)

 * Documentation:  https://help.ubuntu.com
 * Management:     https://landscape.canonical.com
 * Support:        https://ubuntu.com/advantage

  System information as of Fri Aug 26 21:22:17 UTC 2022

  System load:  0.0               Processes:             142
  Usage of /:   2.8% of 48.27GB   Users logged in:       0
  Memory usage: 3%                IPv4 address for ens3: 10.4.171.65
  Swap usage:   0%


0 updates can be applied immediately.

New release '22.04.1 LTS' available.
Run 'do-release-upgrade' to upgrade to it.


To run a command as administrator (user "root"), use "sudo <command>".
See "man sudo_root" for details.

ubuntu@node2:~$ vi doit22
ubuntu@node2:~$ . doit22
Get:1 http://security.ubuntu.com/ubuntu focal-security InRelease [114 kB]
Get:2 http://security.ubuntu.com/ubuntu focal-security/main amd64 Packages [1682 kB]
Hit:3 http://archive.ubuntu.com/ubuntu focal InRelease
Get:4 http://archive.ubuntu.com/ubuntu focal-updates InRelease [114 kB]
Get:5 http://security.ubuntu.com/ubuntu focal-security/main Translation-en [284 kB]
Get:6 http://security.ubuntu.com/ubuntu focal-security/main amd64 c-n-f Metadata [11.0 kB]
Get:7 http://security.ubuntu.com/ubuntu focal-security/restricted amd64 Packages [1147 kB]
Get:8 http://security.ubuntu.com/ubuntu focal-security/restricted Translation-en [163 kB]
Get:9 http://security.ubuntu.com/ubuntu focal-security/universe amd64 Packages [715 kB]
Get:10 http://security.ubuntu.com/ubuntu focal-security/universe Translation-en [130 kB]
Get:11 http://security.ubuntu.com/ubuntu focal-security/universe amd64 c-n-f Metadata [14.8 kB]
Get:12 http://security.ubuntu.com/ubuntu focal-security/multiverse amd64 Packages [22.2 kB]
Get:13 http://security.ubuntu.com/ubuntu focal-security/multiverse Translation-en [5376 B]
Get:14 http://security.ubuntu.com/ubuntu focal-security/multiverse amd64 c-n-f Metadata [508 B]
Get:15 http://archive.ubuntu.com/ubuntu focal-backports InRelease [108 kB]
Get:16 http://archive.ubuntu.com/ubuntu focal/universe amd64 Packages [8628 kB]
Get:17 http://archive.ubuntu.com/ubuntu focal/universe Translation-en [5124 kB]
Get:18 http://archive.ubuntu.com/ubuntu focal/universe amd64 c-n-f Metadata [265 kB]
Get:19 http://archive.ubuntu.com/ubuntu focal/multiverse amd64 Packages [144 kB]
Get:20 http://archive.ubuntu.com/ubuntu focal/multiverse Translation-en [104 kB]
Get:21 http://archive.ubuntu.com/ubuntu focal/multiverse amd64 c-n-f Metadata [9136 B]
Get:22 http://archive.ubuntu.com/ubuntu focal-updates/main amd64 Packages [2049 kB]
Get:23 http://archive.ubuntu.com/ubuntu focal-updates/main Translation-en [366 kB]
Get:24 http://archive.ubuntu.com/ubuntu focal-updates/main amd64 c-n-f Metadata [15.8 kB]
Get:25 http://archive.ubuntu.com/ubuntu focal-updates/restricted amd64 Packages [1233 kB]
Get:26 http://archive.ubuntu.com/ubuntu focal-updates/restricted Translation-en [175 kB]
Get:27 http://archive.ubuntu.com/ubuntu focal-updates/universe amd64 Packages [941 kB]
Get:28 http://archive.ubuntu.com/ubuntu focal-updates/universe Translation-en [213 kB]
Get:29 http://archive.ubuntu.com/ubuntu focal-updates/universe amd64 c-n-f Metadata [21.2 kB]
Get:30 http://archive.ubuntu.com/ubuntu focal-updates/multiverse amd64 Packages [24.4 kB]
Get:31 http://archive.ubuntu.com/ubuntu focal-updates/multiverse Translation-en [7336 B]
Get:32 http://archive.ubuntu.com/ubuntu focal-updates/multiverse amd64 c-n-f Metadata [588 B]
Get:33 http://archive.ubuntu.com/ubuntu focal-backports/main amd64 Packages [45.6 kB]
Get:34 http://archive.ubuntu.com/ubuntu focal-backports/main Translation-en [16.3 kB]
Get:35 http://archive.ubuntu.com/ubuntu focal-backports/main amd64 c-n-f Metadata [1420 B]
Get:36 http://archive.ubuntu.com/ubuntu focal-backports/restricted amd64 c-n-f Metadata [116 B]
Get:37 http://archive.ubuntu.com/ubuntu focal-backports/universe amd64 Packages [23.9 kB]
Get:38 http://archive.ubuntu.com/ubuntu focal-backports/universe Translation-en [16.0 kB]
Get:39 http://archive.ubuntu.com/ubuntu focal-backports/universe amd64 c-n-f Metadata [860 B]
Get:40 http://archive.ubuntu.com/ubuntu focal-backports/multiverse amd64 c-n-f Metadata [116 B]
Fetched 23.9 MB in 4s (6159 kB/s)
Reading package lists... Done
Building dependency tree
Reading state information... Done
6 packages can be upgraded. Run 'apt list --upgradable' to see them.
Reading package lists... Done
Building dependency tree
Reading state information... Done
lsb-release is already the newest version (11.1.0ubuntu2).
lsb-release set to manually installed.
ca-certificates is already the newest version (20211016~20.04.1).
ca-certificates set to manually installed.
curl is already the newest version (7.68.0-1ubuntu2.12).
curl set to manually installed.
gnupg is already the newest version (2.2.19-3ubuntu2.2).
gnupg set to manually installed.
0 upgraded, 0 newly installed, 0 to remove and 6 not upgraded.
deb [arch=amd64 signed-by=/usr/share/keyrings/docker-archive-keyring.gpg] https://download.docker.com/linux/ubuntu focal stable
Get:1 https://download.docker.com/linux/ubuntu focal InRelease [57.7 kB]
Get:2 https://download.docker.com/linux/ubuntu focal/stable amd64 Packages [17.9 kB]
Hit:3 http://archive.ubuntu.com/ubuntu focal InRelease
Hit:4 http://archive.ubuntu.com/ubuntu focal-updates InRelease
Hit:5 http://archive.ubuntu.com/ubuntu focal-backports InRelease
Hit:6 http://security.ubuntu.com/ubuntu focal-security InRelease
Fetched 75.6 kB in 0s (249 kB/s)
Reading package lists... Done
Building dependency tree
Reading state information... Done
6 packages can be upgraded. Run 'apt list --upgradable' to see them.
Reading package lists... Done
Building dependency tree
Reading state information... Done
The following NEW packages will be installed:
  containerd.io
0 upgraded, 1 newly installed, 0 to remove and 6 not upgraded.
Need to get 28.1 MB of archives.
After this operation, 127 MB of additional disk space will be used.
Get:1 https://download.docker.com/linux/ubuntu focal/stable amd64 containerd.io amd64 1.6.8-1 [28.1 MB]
Fetched 28.1 MB in 1s (30.7 MB/s)
Selecting previously unselected package containerd.io.
(Reading database ... 63818 files and directories currently installed.)
Preparing to unpack .../containerd.io_1.6.8-1_amd64.deb ...
Unpacking containerd.io (1.6.8-1) ...
Setting up containerd.io (1.6.8-1) ...
Created symlink /etc/systemd/system/multi-user.target.wants/containerd.service â†’ /lib/systemd/system/containerd.service.
Processing triggers for man-db (2.9.1-1) ...
--2022-08-26 21:22:45--  https://github.com/opencontainers/runc/releases/download/v1.1.1/runc.amd64
Resolving github.com (github.com)... 140.82.114.3
Connecting to github.com (github.com)|140.82.114.3|:443... connected.
HTTP request sent, awaiting response... 302 Found
Location: https://objects.githubusercontent.com/github-production-release-asset-2e65be/36960321/decb03b0-76a4-4ee7-bd06-4e3a548d9f87?X-Amz-Algorithm=AWS4-HMAC-SHA256&X-Amz-Credential=AKIAIWNJYAX4CSVEH53A%2F20220826%2Fus-east-1%2Fs3%2Faws4_request&X-Amz-Date=20220826T212245Z&X-Amz-Expires=300&X-Amz-Signature=3d1256aa664c83ab1b16724fe65c4ee57c862abb7a7b9a9fd9cac75592e3541c&X-Amz-SignedHeaders=host&actor_id=0&key_id=0&repo_id=36960321&response-content-disposition=attachment%3B%20filename%3Drunc.amd64&response-content-type=application%2Foctet-stream [following]
--2022-08-26 21:22:45--  https://objects.githubusercontent.com/github-production-release-asset-2e65be/36960321/decb03b0-76a4-4ee7-bd06-4e3a548d9f87?X-Amz-Algorithm=AWS4-HMAC-SHA256&X-Amz-Credential=AKIAIWNJYAX4CSVEH53A%2F20220826%2Fus-east-1%2Fs3%2Faws4_request&X-Amz-Date=20220826T212245Z&X-Amz-Expires=300&X-Amz-Signature=3d1256aa664c83ab1b16724fe65c4ee57c862abb7a7b9a9fd9cac75592e3541c&X-Amz-SignedHeaders=host&actor_id=0&key_id=0&repo_id=36960321&response-content-disposition=attachment%3B%20filename%3Drunc.amd64&response-content-type=application%2Foctet-stream
Resolving objects.githubusercontent.com (objects.githubusercontent.com)... 185.199.110.133, 185.199.109.133, 185.199.108.133, ...
Connecting to objects.githubusercontent.com (objects.githubusercontent.com)|185.199.110.133|:443... connected.
HTTP request sent, awaiting response... 200 OK
Length: 9415040 (9.0M) [application/octet-stream]
Saving to: â€˜runc.amd64â€™

runc.amd64                                100%[====================================================================================>]   8.98M  --.-KB/s    in 0.03s

2022-08-26 21:22:45 (352 MB/s) - â€˜runc.amd64â€™ saved [9415040/9415040]

disabled_plugins = []
imports = []
oom_score = 0
plugin_dir = ""
required_plugins = []
root = "/var/lib/containerd"
state = "/run/containerd"
temp = ""
version = 2

[cgroup]
  path = ""

[debug]
  address = ""
  format = ""
  gid = 0
  level = ""
  uid = 0

[grpc]
  address = "/run/containerd/containerd.sock"
  gid = 0
  max_recv_message_size = 16777216
  max_send_message_size = 16777216
  tcp_address = ""
  tcp_tls_ca = ""
  tcp_tls_cert = ""
  tcp_tls_key = ""
  uid = 0

[metrics]
  address = ""
  grpc_histogram = false

[plugins]

  [plugins."io.containerd.gc.v1.scheduler"]
    deletion_threshold = 0
    mutation_threshold = 100
    pause_threshold = 0.02
    schedule_delay = "0s"
    startup_delay = "100ms"

  [plugins."io.containerd.grpc.v1.cri"]
    device_ownership_from_security_context = false
    disable_apparmor = false
    disable_cgroup = false
    disable_hugetlb_controller = true
    disable_proc_mount = false
    disable_tcp_service = true
    enable_selinux = false
    enable_tls_streaming = false
    enable_unprivileged_icmp = false
    enable_unprivileged_ports = false
    ignore_image_defined_volumes = false
    max_concurrent_downloads = 3
    max_container_log_line_size = 16384
    netns_mounts_under_state_dir = false
    restrict_oom_score_adj = false
    sandbox_image = "k8s.gcr.io/pause:3.6"
    selinux_category_range = 1024
    stats_collect_period = 10
    stream_idle_timeout = "4h0m0s"
    stream_server_address = "127.0.0.1"
    stream_server_port = "0"
    systemd_cgroup = false
    tolerate_missing_hugetlb_controller = true
    unset_seccomp_profile = ""

    [plugins."io.containerd.grpc.v1.cri".cni]
      bin_dir = "/opt/cni/bin"
      conf_dir = "/etc/cni/net.d"
      conf_template = ""
      ip_pref = ""
      max_conf_num = 1

    [plugins."io.containerd.grpc.v1.cri".containerd]
      default_runtime_name = "runc"
      disable_snapshot_annotations = true
      discard_unpacked_layers = false
      ignore_rdt_not_enabled_errors = false
      no_pivot = false
      snapshotter = "overlayfs"

      [plugins."io.containerd.grpc.v1.cri".containerd.default_runtime]
        base_runtime_spec = ""
        cni_conf_dir = ""
        cni_max_conf_num = 0
        container_annotations = []
        pod_annotations = []
        privileged_without_host_devices = false
        runtime_engine = ""
        runtime_path = ""
        runtime_root = ""
        runtime_type = ""

        [plugins."io.containerd.grpc.v1.cri".containerd.default_runtime.options]

      [plugins."io.containerd.grpc.v1.cri".containerd.runtimes]

        [plugins."io.containerd.grpc.v1.cri".containerd.runtimes.runc]
          base_runtime_spec = ""
          cni_conf_dir = ""
          cni_max_conf_num = 0
          container_annotations = []
          pod_annotations = []
          privileged_without_host_devices = false
          runtime_engine = ""
          runtime_path = ""
          runtime_root = ""
          runtime_type = "io.containerd.runc.v2"

          [plugins."io.containerd.grpc.v1.cri".containerd.runtimes.runc.options]
            BinaryName = ""
            CriuImagePath = ""
            CriuPath = ""
            CriuWorkPath = ""
            IoGid = 0
            IoUid = 0
            NoNewKeyring = false
            NoPivotRoot = false
            Root = ""
            ShimCgroup = ""
            SystemdCgroup = false

      [plugins."io.containerd.grpc.v1.cri".containerd.untrusted_workload_runtime]
        base_runtime_spec = ""
        cni_conf_dir = ""
        cni_max_conf_num = 0
        container_annotations = []
        pod_annotations = []
        privileged_without_host_devices = false
        runtime_engine = ""
        runtime_path = ""
        runtime_root = ""
        runtime_type = ""

        [plugins."io.containerd.grpc.v1.cri".containerd.untrusted_workload_runtime.options]

    [plugins."io.containerd.grpc.v1.cri".image_decryption]
      key_model = "node"

    [plugins."io.containerd.grpc.v1.cri".registry]
      config_path = ""

      [plugins."io.containerd.grpc.v1.cri".registry.auths]

      [plugins."io.containerd.grpc.v1.cri".registry.configs]

      [plugins."io.containerd.grpc.v1.cri".registry.headers]

      [plugins."io.containerd.grpc.v1.cri".registry.mirrors]

    [plugins."io.containerd.grpc.v1.cri".x509_key_pair_streaming]
      tls_cert_file = ""
      tls_key_file = ""

  [plugins."io.containerd.internal.v1.opt"]
    path = "/opt/containerd"

  [plugins."io.containerd.internal.v1.restart"]
    interval = "10s"

  [plugins."io.containerd.internal.v1.tracing"]
    sampling_ratio = 1.0
    service_name = "containerd"

  [plugins."io.containerd.metadata.v1.bolt"]
    content_sharing_policy = "shared"

  [plugins."io.containerd.monitor.v1.cgroups"]
    no_prometheus = false

  [plugins."io.containerd.runtime.v1.linux"]
    no_shim = false
    runtime = "runc"
    runtime_root = ""
    shim = "containerd-shim"
    shim_debug = false

  [plugins."io.containerd.runtime.v2.task"]
    platforms = ["linux/amd64"]
    sched_core = false

  [plugins."io.containerd.service.v1.diff-service"]
    default = ["walking"]

  [plugins."io.containerd.service.v1.tasks-service"]
    rdt_config_file = ""

  [plugins."io.containerd.snapshotter.v1.aufs"]
    root_path = ""

  [plugins."io.containerd.snapshotter.v1.btrfs"]
    root_path = ""

  [plugins."io.containerd.snapshotter.v1.devmapper"]
    async_remove = false
    base_image_size = ""
    discard_blocks = false
    fs_options = ""
    fs_type = ""
    pool_name = ""
    root_path = ""

  [plugins."io.containerd.snapshotter.v1.native"]
    root_path = ""

  [plugins."io.containerd.snapshotter.v1.overlayfs"]
    root_path = ""
    upperdir_label = false

  [plugins."io.containerd.snapshotter.v1.zfs"]
    root_path = ""

  [plugins."io.containerd.tracing.processor.v1.otlp"]
    endpoint = ""
    insecure = false
    protocol = ""

[proxy_plugins]

[stream_processors]

  [stream_processors."io.containerd.ocicrypt.decoder.v1.tar"]
    accepts = ["application/vnd.oci.image.layer.v1.tar+encrypted"]
    args = ["--decryption-keys-path", "/etc/containerd/ocicrypt/keys"]
    env = ["OCICRYPT_KEYPROVIDER_CONFIG=/etc/containerd/ocicrypt/ocicrypt_keyprovider.conf"]
    path = "ctd-decoder"
    returns = "application/vnd.oci.image.layer.v1.tar"

  [stream_processors."io.containerd.ocicrypt.decoder.v1.tar.gzip"]
    accepts = ["application/vnd.oci.image.layer.v1.tar+gzip+encrypted"]
    args = ["--decryption-keys-path", "/etc/containerd/ocicrypt/keys"]
    env = ["OCICRYPT_KEYPROVIDER_CONFIG=/etc/containerd/ocicrypt/ocicrypt_keyprovider.conf"]
    path = "ctd-decoder"
    returns = "application/vnd.oci.image.layer.v1.tar+gzip"

[timeouts]
  "io.containerd.timeout.bolt.open" = "0s"
  "io.containerd.timeout.shim.cleanup" = "5s"
  "io.containerd.timeout.shim.load" = "5s"
  "io.containerd.timeout.shim.shutdown" = "3s"
  "io.containerd.timeout.task.state" = "2s"

[ttrpc]
  address = ""
  gid = 0
  uid = 0
Rules updated
Rules updated (v6)
Rules updated
Rules updated (v6)
Rules updated
Rules updated (v6)
Rules updated
Rules updated (v6)
Rules updated
Rules updated (v6)
Rules updated
Rules updated (v6)
Firewall not enabled (skipping reload)
Skipping adding existing rule
Skipping adding existing rule (v6)
Rules updated
Rules updated (v6)
Firewall not enabled (skipping reload)
br_netfilter
net.bridge.bridge-nf-call-ip6tables = 1
net.bridge.bridge-nf-call-iptables = 1
net.ipv4.ip_forward = 1
* Applying /etc/sysctl.d/10-console-messages.conf ...
kernel.printk = 4 4 1 7
* Applying /etc/sysctl.d/10-ipv6-privacy.conf ...
net.ipv6.conf.all.use_tempaddr = 2
net.ipv6.conf.default.use_tempaddr = 2
* Applying /etc/sysctl.d/10-kernel-hardening.conf ...
kernel.kptr_restrict = 1
* Applying /etc/sysctl.d/10-link-restrictions.conf ...
fs.protected_hardlinks = 1
fs.protected_symlinks = 1
* Applying /etc/sysctl.d/10-magic-sysrq.conf ...
kernel.sysrq = 176
* Applying /etc/sysctl.d/10-network-security.conf ...
net.ipv4.conf.default.rp_filter = 2
net.ipv4.conf.all.rp_filter = 2
* Applying /etc/sysctl.d/10-ptrace.conf ...
kernel.yama.ptrace_scope = 1
* Applying /etc/sysctl.d/10-zeropage.conf ...
vm.mmap_min_addr = 65536
* Applying /usr/lib/sysctl.d/50-default.conf ...
net.ipv4.conf.default.promote_secondaries = 1
sysctl: setting key "net.ipv4.conf.all.promote_secondaries": Invalid argument
net.ipv4.ping_group_range = 0 2147483647
net.core.default_qdisc = fq_codel
fs.protected_regular = 1
fs.protected_fifos = 1
* Applying /usr/lib/sysctl.d/50-pid-max.conf ...
kernel.pid_max = 4194304
* Applying /etc/sysctl.d/99-cloudimg-ipv6.conf ...
net.ipv6.conf.all.use_tempaddr = 0
net.ipv6.conf.default.use_tempaddr = 0
* Applying /etc/sysctl.d/99-sysctl.conf ...
* Applying /etc/sysctl.d/k8s.conf ...
net.ipv4.ip_forward = 1
* Applying /usr/lib/sysctl.d/protect-links.conf ...
fs.protected_fifos = 1
fs.protected_hardlinks = 1
fs.protected_regular = 2
fs.protected_symlinks = 1
* Applying /etc/sysctl.conf ...
LABEL=cloudimg-rootfs   /        ext4   defaults        0 1
LABEL=UEFI      /boot/efi       vfat    umask=0077      0 1
LABEL=cloudimg-rootfs   /        ext4   defaults        0 1
LABEL=UEFI      /boot/efi       vfat    umask=0077      0 1
net.bridge.bridge-nf-call-iptables = 1
Hit:1 https://download.docker.com/linux/ubuntu focal InRelease
Hit:2 http://archive.ubuntu.com/ubuntu focal InRelease
Hit:3 http://archive.ubuntu.com/ubuntu focal-updates InRelease
Hit:4 http://archive.ubuntu.com/ubuntu focal-backports InRelease
Hit:5 http://security.ubuntu.com/ubuntu focal-security InRelease
Reading package lists... Done
Building dependency tree
Reading state information... Done
6 packages can be upgraded. Run 'apt list --upgradable' to see them.
Reading package lists... Done
Building dependency tree
Reading state information... Done
ca-certificates is already the newest version (20211016~20.04.1).
curl is already the newest version (7.68.0-1ubuntu2.12).
The following NEW packages will be installed:
  apt-transport-https
0 upgraded, 1 newly installed, 0 to remove and 6 not upgraded.
Need to get 1704 B of archives.
After this operation, 162 kB of additional disk space will be used.
Get:1 http://archive.ubuntu.com/ubuntu focal-updates/universe amd64 apt-transport-https all 2.0.9 [1704 B]
Fetched 1704 B in 0s (17.7 kB/s)
Selecting previously unselected package apt-transport-https.
(Reading database ... 63834 files and directories currently installed.)
Preparing to unpack .../apt-transport-https_2.0.9_all.deb ...
Unpacking apt-transport-https (2.0.9) ...
Setting up apt-transport-https (2.0.9) ...
deb [signed-by=/usr/share/keyrings/kubernetes-archive-keyring.gpg] https://apt.kubernetes.io/ kubernetes-xenial main
Hit:1 https://download.docker.com/linux/ubuntu focal InRelease
Hit:2 http://archive.ubuntu.com/ubuntu focal InRelease
Hit:3 http://archive.ubuntu.com/ubuntu focal-updates InRelease
Hit:4 http://archive.ubuntu.com/ubuntu focal-backports InRelease
Hit:5 http://security.ubuntu.com/ubuntu focal-security InRelease
Get:6 https://packages.cloud.google.com/apt kubernetes-xenial InRelease [9383 B]
Get:7 https://packages.cloud.google.com/apt kubernetes-xenial/main amd64 Packages [58.4 kB]
Fetched 67.8 kB in 1s (129 kB/s)
Reading package lists... Done
Building dependency tree
Reading state information... Done
6 packages can be upgraded. Run 'apt list --upgradable' to see them.
Reading package lists... Done
Building dependency tree
Reading state information... Done
The following additional packages will be installed:
  conntrack cri-tools ebtables kubernetes-cni socat
Suggested packages:
  nftables
The following NEW packages will be installed:
  conntrack cri-tools ebtables kubeadm kubectl kubelet kubernetes-cni socat
0 upgraded, 8 newly installed, 0 to remove and 6 not upgraded.
Need to get 75.9 MB of archives.
After this operation, 310 MB of additional disk space will be used.
Get:1 http://archive.ubuntu.com/ubuntu focal/main amd64 conntrack amd64 1:1.4.5-2 [30.3 kB]
Get:2 https://packages.cloud.google.com/apt kubernetes-xenial/main amd64 cri-tools amd64 1.24.2-00 [12.3 MB]
Get:7 http://archive.ubuntu.com/ubuntu focal/main amd64 ebtables amd64 2.0.11-3build1 [80.3 kB]
Get:8 http://archive.ubuntu.com/ubuntu focal/main amd64 socat amd64 1.7.3.3-2 [323 kB]
Get:3 https://packages.cloud.google.com/apt kubernetes-xenial/main amd64 kubernetes-cni amd64 0.8.7-00 [25.0 MB]
Get:4 https://packages.cloud.google.com/apt kubernetes-xenial/main amd64 kubelet amd64 1.25.0-00 [19.5 MB]
Get:5 https://packages.cloud.google.com/apt kubernetes-xenial/main amd64 kubectl amd64 1.25.0-00 [9500 kB]
Get:6 https://packages.cloud.google.com/apt kubernetes-xenial/main amd64 kubeadm amd64 1.25.0-00 [9213 kB]
Fetched 75.9 MB in 1s (62.6 MB/s)
Selecting previously unselected package conntrack.
(Reading database ... 63838 files and directories currently installed.)
Preparing to unpack .../0-conntrack_1%3a1.4.5-2_amd64.deb ...
Unpacking conntrack (1:1.4.5-2) ...
Selecting previously unselected package cri-tools.
Preparing to unpack .../1-cri-tools_1.24.2-00_amd64.deb ...
Unpacking cri-tools (1.24.2-00) ...
Selecting previously unselected package ebtables.
Preparing to unpack .../2-ebtables_2.0.11-3build1_amd64.deb ...
Unpacking ebtables (2.0.11-3build1) ...
Selecting previously unselected package kubernetes-cni.
Preparing to unpack .../3-kubernetes-cni_0.8.7-00_amd64.deb ...
Unpacking kubernetes-cni (0.8.7-00) ...
Selecting previously unselected package socat.
Preparing to unpack .../4-socat_1.7.3.3-2_amd64.deb ...
Unpacking socat (1.7.3.3-2) ...
Selecting previously unselected package kubelet.
Preparing to unpack .../5-kubelet_1.25.0-00_amd64.deb ...
Unpacking kubelet (1.25.0-00) ...
Selecting previously unselected package kubectl.
Preparing to unpack .../6-kubectl_1.25.0-00_amd64.deb ...
Unpacking kubectl (1.25.0-00) ...
Selecting previously unselected package kubeadm.
Preparing to unpack .../7-kubeadm_1.25.0-00_amd64.deb ...
Unpacking kubeadm (1.25.0-00) ...
Setting up conntrack (1:1.4.5-2) ...
Setting up kubectl (1.25.0-00) ...
Setting up ebtables (2.0.11-3build1) ...
Setting up socat (1.7.3.3-2) ...
Setting up cri-tools (1.24.2-00) ...
Setting up kubernetes-cni (0.8.7-00) ...
Setting up kubelet (1.25.0-00) ...
Created symlink /etc/systemd/system/multi-user.target.wants/kubelet.service â†’ /lib/systemd/system/kubelet.service.
Setting up kubeadm (1.25.0-00) ...
Processing triggers for man-db (2.9.1-1) ...
ubuntu@node2:~$ exit
logout
root@wv02:~# multipass shell node1
Welcome to Ubuntu 20.04.4 LTS (GNU/Linux 5.4.0-125-generic x86_64)

 * Documentation:  https://help.ubuntu.com
 * Management:     https://landscape.canonical.com
 * Support:        https://ubuntu.com/advantage

  System information as of Fri Aug 26 21:23:45 UTC 2022

  System load:  0.08              Processes:             145
  Usage of /:   4.0% of 48.27GB   Users logged in:       0
  Memory usage: 3%                IPv4 address for ens3: 10.4.171.131
  Swap usage:   0%


6 updates can be applied immediately.
To see these additional updates run: apt list --upgradable

New release '22.04.1 LTS' available.
Run 'do-release-upgrade' to upgrade to it.


Last login: Fri Aug 26 20:58:25 2022 from 10.4.171.1
ubuntu@node1:~$ sudo vi /etc/fstab
ubuntu@node1:~$ ubuntu@node1:~$ exit
logout
root@wv02:~# exit
logout
Connection to 139.178.85.161 closed.

C:\Users\mikmoran>ssh root@139.178.85.161
Welcome to Ubuntu 22.04.1 LTS (GNU/Linux 5.15.0-46-generic x86_64)

 * Documentation:  https://help.ubuntu.com
 * Management:     https://landscape.canonical.com
 * Support:        https://ubuntu.com/advantage

  System information as of Fri Aug 26 21:24:59 UTC 2022

  System load:                0.1455078125
  Usage of /:                 5.2% of 217.51GB
  Memory usage:               10%
  Swap usage:                 0%
  Processes:                  509
  Users logged in:            0
  IPv4 address for bond0:     139.178.85.161
  IPv6 address for bond0:     2604:1380:4641:3b00::19
  IPv4 address for mpqemubr0: 10.4.171.1

 * Super-optimized for small spaces - read how we shrank the memory
   footprint of MicroK8s to make it the smallest full K8s around.

   https://ubuntu.com/blog/microk8s-memory-optimisation

0 updates can be applied immediately.


The list of available updates is more than a week old.
To check for new updates run: sudo apt update

Last login: Fri Aug 26 20:44:22 2022 from 70.112.73.191
root@wv02:~# multipass shell node3
Welcome to Ubuntu 20.04.4 LTS (GNU/Linux 5.4.0-125-generic x86_64)

 * Documentation:  https://help.ubuntu.com
 * Management:     https://landscape.canonical.com
 * Support:        https://ubuntu.com/advantage

  System information as of Fri Aug 26 21:25:13 UTC 2022

  System load:  0.0               Processes:             141
  Usage of /:   2.8% of 48.27GB   Users logged in:       0
  Memory usage: 3%                IPv4 address for ens3: 10.4.171.181
  Swap usage:   0%


0 updates can be applied immediately.

New release '22.04.1 LTS' available.
Run 'do-release-upgrade' to upgrade to it.


To run a command as administrator (user "root"), use "sudo <command>".
See "man sudo_root" for details.

ubuntu@node3:~$ vi doit22
ubuntu@node3:~$ ubuntu@node3:~$ . doit22
Hit:1 http://archive.ubuntu.com/ubuntu focal InRelease
Get:2 http://security.ubuntu.com/ubuntu focal-security InRelease [114 kB]
Get:3 http://archive.ubuntu.com/ubuntu focal-updates InRelease [114 kB]
Get:4 http://archive.ubuntu.com/ubuntu focal-backports InRelease [108 kB]
Get:5 http://security.ubuntu.com/ubuntu focal-security/main amd64 Packages [1682 kB]
Get:6 http://archive.ubuntu.com/ubuntu focal/universe amd64 Packages [8628 kB]
Get:7 http://security.ubuntu.com/ubuntu focal-security/main Translation-en [284 kB]
Get:8 http://security.ubuntu.com/ubuntu focal-security/main amd64 c-n-f Metadata [11.0 kB]
Get:9 http://security.ubuntu.com/ubuntu focal-security/restricted amd64 Packages [1147 kB]
Get:10 http://security.ubuntu.com/ubuntu focal-security/restricted Translation-en [163 kB]
Get:11 http://security.ubuntu.com/ubuntu focal-security/universe amd64 Packages [715 kB]
Get:12 http://security.ubuntu.com/ubuntu focal-security/universe Translation-en [130 kB]
Get:13 http://security.ubuntu.com/ubuntu focal-security/universe amd64 c-n-f Metadata [14.8 kB]
Get:14 http://security.ubuntu.com/ubuntu focal-security/multiverse amd64 Packages [22.2 kB]
Get:15 http://security.ubuntu.com/ubuntu focal-security/multiverse Translation-en [5376 B]
Get:16 http://security.ubuntu.com/ubuntu focal-security/multiverse amd64 c-n-f Metadata [508 B]
Get:17 http://archive.ubuntu.com/ubuntu focal/universe Translation-en [5124 kB]
Get:18 http://archive.ubuntu.com/ubuntu focal/universe amd64 c-n-f Metadata [265 kB]
Get:19 http://archive.ubuntu.com/ubuntu focal/multiverse amd64 Packages [144 kB]
Get:20 http://archive.ubuntu.com/ubuntu focal/multiverse Translation-en [104 kB]
Get:21 http://archive.ubuntu.com/ubuntu focal/multiverse amd64 c-n-f Metadata [9136 B]
Get:22 http://archive.ubuntu.com/ubuntu focal-updates/main amd64 Packages [2049 kB]
Get:23 http://archive.ubuntu.com/ubuntu focal-updates/main Translation-en [366 kB]
Get:24 http://archive.ubuntu.com/ubuntu focal-updates/main amd64 c-n-f Metadata [15.8 kB]
Get:25 http://archive.ubuntu.com/ubuntu focal-updates/restricted amd64 Packages [1233 kB]
Get:26 http://archive.ubuntu.com/ubuntu focal-updates/restricted Translation-en [175 kB]
Get:27 http://archive.ubuntu.com/ubuntu focal-updates/universe amd64 Packages [941 kB]
Get:28 http://archive.ubuntu.com/ubuntu focal-updates/universe Translation-en [213 kB]
Get:29 http://archive.ubuntu.com/ubuntu focal-updates/universe amd64 c-n-f Metadata [21.2 kB]
Get:30 http://archive.ubuntu.com/ubuntu focal-updates/multiverse amd64 Packages [24.4 kB]
Get:31 http://archive.ubuntu.com/ubuntu focal-updates/multiverse Translation-en [7336 B]
Get:32 http://archive.ubuntu.com/ubuntu focal-updates/multiverse amd64 c-n-f Metadata [588 B]
Get:33 http://archive.ubuntu.com/ubuntu focal-backports/main amd64 Packages [45.6 kB]
Get:34 http://archive.ubuntu.com/ubuntu focal-backports/main Translation-en [16.3 kB]
Get:35 http://archive.ubuntu.com/ubuntu focal-backports/main amd64 c-n-f Metadata [1420 B]
Get:36 http://archive.ubuntu.com/ubuntu focal-backports/restricted amd64 c-n-f Metadata [116 B]
Get:37 http://archive.ubuntu.com/ubuntu focal-backports/universe amd64 Packages [23.9 kB]
Get:38 http://archive.ubuntu.com/ubuntu focal-backports/universe Translation-en [16.0 kB]
Get:39 http://archive.ubuntu.com/ubuntu focal-backports/universe amd64 c-n-f Metadata [860 B]
Get:40 http://archive.ubuntu.com/ubuntu focal-backports/multiverse amd64 c-n-f Metadata [116 B]
Fetched 23.9 MB in 3s (7781 kB/s)
Reading package lists... Done
Building dependency tree
Reading state information... Done
6 packages can be upgraded. Run 'apt list --upgradable' to see them.
Reading package lists... Done
Building dependency tree
Reading state information... Done
lsb-release is already the newest version (11.1.0ubuntu2).
lsb-release set to manually installed.
ca-certificates is already the newest version (20211016~20.04.1).
ca-certificates set to manually installed.
curl is already the newest version (7.68.0-1ubuntu2.12).
curl set to manually installed.
gnupg is already the newest version (2.2.19-3ubuntu2.2).
gnupg set to manually installed.
0 upgraded, 0 newly installed, 0 to remove and 6 not upgraded.
deb [arch=amd64 signed-by=/usr/share/keyrings/docker-archive-keyring.gpg] https://download.docker.com/linux/ubuntu focal stable
Get:1 https://download.docker.com/linux/ubuntu focal InRelease [57.7 kB]
Get:2 https://download.docker.com/linux/ubuntu focal/stable amd64 Packages [17.9 kB]
Hit:3 http://archive.ubuntu.com/ubuntu focal InRelease
Hit:4 http://archive.ubuntu.com/ubuntu focal-updates InRelease
Hit:5 http://archive.ubuntu.com/ubuntu focal-backports InRelease
Hit:6 http://security.ubuntu.com/ubuntu focal-security InRelease
Fetched 75.6 kB in 0s (233 kB/s)
Reading package lists... Done
Building dependency tree
Reading state information... Done
6 packages can be upgraded. Run 'apt list --upgradable' to see them.
Reading package lists... Done
Building dependency tree
Reading state information... Done
The following NEW packages will be installed:
  containerd.io
0 upgraded, 1 newly installed, 0 to remove and 6 not upgraded.
Need to get 28.1 MB of archives.
After this operation, 127 MB of additional disk space will be used.
Get:1 https://download.docker.com/linux/ubuntu focal/stable amd64 containerd.io amd64 1.6.8-1 [28.1 MB]
Fetched 28.1 MB in 1s (30.3 MB/s)
Selecting previously unselected package containerd.io.
(Reading database ... 63818 files and directories currently installed.)
Preparing to unpack .../containerd.io_1.6.8-1_amd64.deb ...
Unpacking containerd.io (1.6.8-1) ...
Setting up containerd.io (1.6.8-1) ...
Created symlink /etc/systemd/system/multi-user.target.wants/containerd.service â†’ /lib/systemd/system/containerd.service.
Processing triggers for man-db (2.9.1-1) ...
--2022-08-26 21:25:55--  https://github.com/opencontainers/runc/releases/download/v1.1.1/runc.amd64
Resolving github.com (github.com)... 140.82.114.3
Connecting to github.com (github.com)|140.82.114.3|:443... connected.
HTTP request sent, awaiting response... 302 Found
Location: https://objects.githubusercontent.com/github-production-release-asset-2e65be/36960321/decb03b0-76a4-4ee7-bd06-4e3a548d9f87?X-Amz-Algorithm=AWS4-HMAC-SHA256&X-Amz-Credential=AKIAIWNJYAX4CSVEH53A%2F20220826%2Fus-east-1%2Fs3%2Faws4_request&X-Amz-Date=20220826T212555Z&X-Amz-Expires=300&X-Amz-Signature=628fc69617c9435afd38251cbe60b65612942d103dcee40cf26cbc08ee94c646&X-Amz-SignedHeaders=host&actor_id=0&key_id=0&repo_id=36960321&response-content-disposition=attachment%3B%20filename%3Drunc.amd64&response-content-type=application%2Foctet-stream [following]
--2022-08-26 21:25:55--  https://objects.githubusercontent.com/github-production-release-asset-2e65be/36960321/decb03b0-76a4-4ee7-bd06-4e3a548d9f87?X-Amz-Algorithm=AWS4-HMAC-SHA256&X-Amz-Credential=AKIAIWNJYAX4CSVEH53A%2F20220826%2Fus-east-1%2Fs3%2Faws4_request&X-Amz-Date=20220826T212555Z&X-Amz-Expires=300&X-Amz-Signature=628fc69617c9435afd38251cbe60b65612942d103dcee40cf26cbc08ee94c646&X-Amz-SignedHeaders=host&actor_id=0&key_id=0&repo_id=36960321&response-content-disposition=attachment%3B%20filename%3Drunc.amd64&response-content-type=application%2Foctet-stream
Resolving objects.githubusercontent.com (objects.githubusercontent.com)... 185.199.111.133, 185.199.109.133, 185.199.110.133, ...
Connecting to objects.githubusercontent.com (objects.githubusercontent.com)|185.199.111.133|:443... connected.
HTTP request sent, awaiting response... 200 OK
Length: 9415040 (9.0M) [application/octet-stream]
Saving to: â€˜runc.amd64â€™

runc.amd64                                100%[====================================================================================>]   8.98M  47.8MB/s    in 0.2s

2022-08-26 21:25:55 (47.8 MB/s) - â€˜runc.amd64â€™ saved [9415040/9415040]

disabled_plugins = []
imports = []
oom_score = 0
plugin_dir = ""
required_plugins = []
root = "/var/lib/containerd"
state = "/run/containerd"
temp = ""
version = 2

[cgroup]
  path = ""

[debug]
  address = ""
  format = ""
  gid = 0
  level = ""
  uid = 0

[grpc]
  address = "/run/containerd/containerd.sock"
  gid = 0
  max_recv_message_size = 16777216
  max_send_message_size = 16777216
  tcp_address = ""
  tcp_tls_ca = ""
  tcp_tls_cert = ""
  tcp_tls_key = ""
  uid = 0

[metrics]
  address = ""
  grpc_histogram = false

[plugins]

  [plugins."io.containerd.gc.v1.scheduler"]
    deletion_threshold = 0
    mutation_threshold = 100
    pause_threshold = 0.02
    schedule_delay = "0s"
    startup_delay = "100ms"

  [plugins."io.containerd.grpc.v1.cri"]
    device_ownership_from_security_context = false
    disable_apparmor = false
    disable_cgroup = false
    disable_hugetlb_controller = true
    disable_proc_mount = false
    disable_tcp_service = true
    enable_selinux = false
    enable_tls_streaming = false
    enable_unprivileged_icmp = false
    enable_unprivileged_ports = false
    ignore_image_defined_volumes = false
    max_concurrent_downloads = 3
    max_container_log_line_size = 16384
    netns_mounts_under_state_dir = false
    restrict_oom_score_adj = false
    sandbox_image = "k8s.gcr.io/pause:3.6"
    selinux_category_range = 1024
    stats_collect_period = 10
    stream_idle_timeout = "4h0m0s"
    stream_server_address = "127.0.0.1"
    stream_server_port = "0"
    systemd_cgroup = false
    tolerate_missing_hugetlb_controller = true
    unset_seccomp_profile = ""

    [plugins."io.containerd.grpc.v1.cri".cni]
      bin_dir = "/opt/cni/bin"
      conf_dir = "/etc/cni/net.d"
      conf_template = ""
      ip_pref = ""
      max_conf_num = 1

    [plugins."io.containerd.grpc.v1.cri".containerd]
      default_runtime_name = "runc"
      disable_snapshot_annotations = true
      discard_unpacked_layers = false
      ignore_rdt_not_enabled_errors = false
      no_pivot = false
      snapshotter = "overlayfs"

      [plugins."io.containerd.grpc.v1.cri".containerd.default_runtime]
        base_runtime_spec = ""
        cni_conf_dir = ""
        cni_max_conf_num = 0
        container_annotations = []
        pod_annotations = []
        privileged_without_host_devices = false
        runtime_engine = ""
        runtime_path = ""
        runtime_root = ""
        runtime_type = ""

        [plugins."io.containerd.grpc.v1.cri".containerd.default_runtime.options]

      [plugins."io.containerd.grpc.v1.cri".containerd.runtimes]

        [plugins."io.containerd.grpc.v1.cri".containerd.runtimes.runc]
          base_runtime_spec = ""
          cni_conf_dir = ""
          cni_max_conf_num = 0
          container_annotations = []
          pod_annotations = []
          privileged_without_host_devices = false
          runtime_engine = ""
          runtime_path = ""
          runtime_root = ""
          runtime_type = "io.containerd.runc.v2"

          [plugins."io.containerd.grpc.v1.cri".containerd.runtimes.runc.options]
            BinaryName = ""
            CriuImagePath = ""
            CriuPath = ""
            CriuWorkPath = ""
            IoGid = 0
            IoUid = 0
            NoNewKeyring = false
            NoPivotRoot = false
            Root = ""
            ShimCgroup = ""
            SystemdCgroup = false

      [plugins."io.containerd.grpc.v1.cri".containerd.untrusted_workload_runtime]
        base_runtime_spec = ""
        cni_conf_dir = ""
        cni_max_conf_num = 0
        container_annotations = []
        pod_annotations = []
        privileged_without_host_devices = false
        runtime_engine = ""
        runtime_path = ""
        runtime_root = ""
        runtime_type = ""

        [plugins."io.containerd.grpc.v1.cri".containerd.untrusted_workload_runtime.options]

    [plugins."io.containerd.grpc.v1.cri".image_decryption]
      key_model = "node"

    [plugins."io.containerd.grpc.v1.cri".registry]
      config_path = ""

      [plugins."io.containerd.grpc.v1.cri".registry.auths]

      [plugins."io.containerd.grpc.v1.cri".registry.configs]

      [plugins."io.containerd.grpc.v1.cri".registry.headers]

      [plugins."io.containerd.grpc.v1.cri".registry.mirrors]

    [plugins."io.containerd.grpc.v1.cri".x509_key_pair_streaming]
      tls_cert_file = ""
      tls_key_file = ""

  [plugins."io.containerd.internal.v1.opt"]
    path = "/opt/containerd"

  [plugins."io.containerd.internal.v1.restart"]
    interval = "10s"

  [plugins."io.containerd.internal.v1.tracing"]
    sampling_ratio = 1.0
    service_name = "containerd"

  [plugins."io.containerd.metadata.v1.bolt"]
    content_sharing_policy = "shared"

  [plugins."io.containerd.monitor.v1.cgroups"]
    no_prometheus = false

  [plugins."io.containerd.runtime.v1.linux"]
    no_shim = false
    runtime = "runc"
    runtime_root = ""
    shim = "containerd-shim"
    shim_debug = false

  [plugins."io.containerd.runtime.v2.task"]
    platforms = ["linux/amd64"]
    sched_core = false

  [plugins."io.containerd.service.v1.diff-service"]
    default = ["walking"]

  [plugins."io.containerd.service.v1.tasks-service"]
    rdt_config_file = ""

  [plugins."io.containerd.snapshotter.v1.aufs"]
    root_path = ""

  [plugins."io.containerd.snapshotter.v1.btrfs"]
    root_path = ""

  [plugins."io.containerd.snapshotter.v1.devmapper"]
    async_remove = false
    base_image_size = ""
    discard_blocks = false
    fs_options = ""
    fs_type = ""
    pool_name = ""
    root_path = ""

  [plugins."io.containerd.snapshotter.v1.native"]
    root_path = ""

  [plugins."io.containerd.snapshotter.v1.overlayfs"]
    root_path = ""
    upperdir_label = false

  [plugins."io.containerd.snapshotter.v1.zfs"]
    root_path = ""

  [plugins."io.containerd.tracing.processor.v1.otlp"]
    endpoint = ""
    insecure = false
    protocol = ""

[proxy_plugins]

[stream_processors]

  [stream_processors."io.containerd.ocicrypt.decoder.v1.tar"]
    accepts = ["application/vnd.oci.image.layer.v1.tar+encrypted"]
    args = ["--decryption-keys-path", "/etc/containerd/ocicrypt/keys"]
    env = ["OCICRYPT_KEYPROVIDER_CONFIG=/etc/containerd/ocicrypt/ocicrypt_keyprovider.conf"]
    path = "ctd-decoder"
    returns = "application/vnd.oci.image.layer.v1.tar"

  [stream_processors."io.containerd.ocicrypt.decoder.v1.tar.gzip"]
    accepts = ["application/vnd.oci.image.layer.v1.tar+gzip+encrypted"]
    args = ["--decryption-keys-path", "/etc/containerd/ocicrypt/keys"]
    env = ["OCICRYPT_KEYPROVIDER_CONFIG=/etc/containerd/ocicrypt/ocicrypt_keyprovider.conf"]
    path = "ctd-decoder"
    returns = "application/vnd.oci.image.layer.v1.tar+gzip"

[timeouts]
  "io.containerd.timeout.bolt.open" = "0s"
  "io.containerd.timeout.shim.cleanup" = "5s"
  "io.containerd.timeout.shim.load" = "5s"
  "io.containerd.timeout.shim.shutdown" = "3s"
  "io.containerd.timeout.task.state" = "2s"

[ttrpc]
  address = ""
  gid = 0
  uid = 0
Rules updated
Rules updated (v6)
Rules updated
Rules updated (v6)
Rules updated
Rules updated (v6)
Rules updated
Rules updated (v6)
Rules updated
Rules updated (v6)
Rules updated
Rules updated (v6)
Firewall not enabled (skipping reload)
Skipping adding existing rule
Skipping adding existing rule (v6)
Rules updated
Rules updated (v6)
Firewall not enabled (skipping reload)
br_netfilter
net.bridge.bridge-nf-call-ip6tables = 1
net.bridge.bridge-nf-call-iptables = 1
net.ipv4.ip_forward = 1
* Applying /etc/sysctl.d/10-console-messages.conf ...
kernel.printk = 4 4 1 7
* Applying /etc/sysctl.d/10-ipv6-privacy.conf ...
net.ipv6.conf.all.use_tempaddr = 2
net.ipv6.conf.default.use_tempaddr = 2
* Applying /etc/sysctl.d/10-kernel-hardening.conf ...
kernel.kptr_restrict = 1
* Applying /etc/sysctl.d/10-link-restrictions.conf ...
fs.protected_hardlinks = 1
fs.protected_symlinks = 1
* Applying /etc/sysctl.d/10-magic-sysrq.conf ...
kernel.sysrq = 176
* Applying /etc/sysctl.d/10-network-security.conf ...
net.ipv4.conf.default.rp_filter = 2
net.ipv4.conf.all.rp_filter = 2
* Applying /etc/sysctl.d/10-ptrace.conf ...
kernel.yama.ptrace_scope = 1
* Applying /etc/sysctl.d/10-zeropage.conf ...
vm.mmap_min_addr = 65536
* Applying /usr/lib/sysctl.d/50-default.conf ...
net.ipv4.conf.default.promote_secondaries = 1
sysctl: setting key "net.ipv4.conf.all.promote_secondaries": Invalid argument
net.ipv4.ping_group_range = 0 2147483647
net.core.default_qdisc = fq_codel
fs.protected_regular = 1
fs.protected_fifos = 1
* Applying /usr/lib/sysctl.d/50-pid-max.conf ...
kernel.pid_max = 4194304
* Applying /etc/sysctl.d/99-cloudimg-ipv6.conf ...
net.ipv6.conf.all.use_tempaddr = 0
net.ipv6.conf.default.use_tempaddr = 0
* Applying /etc/sysctl.d/99-sysctl.conf ...
* Applying /etc/sysctl.d/k8s.conf ...
net.ipv4.ip_forward = 1
* Applying /usr/lib/sysctl.d/protect-links.conf ...
fs.protected_fifos = 1
fs.protected_hardlinks = 1
fs.protected_regular = 2
fs.protected_symlinks = 1
* Applying /etc/sysctl.conf ...
LABEL=cloudimg-rootfs   /        ext4   defaults        0 1
LABEL=UEFI      /boot/efi       vfat    umask=0077      0 1
net.bridge.bridge-nf-call-iptables = 1
Hit:1 https://download.docker.com/linux/ubuntu focal InRelease
Hit:2 http://archive.ubuntu.com/ubuntu focal InRelease
Hit:3 http://archive.ubuntu.com/ubuntu focal-updates InRelease
Hit:4 http://archive.ubuntu.com/ubuntu focal-backports InRelease
Hit:5 http://security.ubuntu.com/ubuntu focal-security InRelease
Reading package lists... Done
Building dependency tree
Reading state information... Done
6 packages can be upgraded. Run 'apt list --upgradable' to see them.
Reading package lists... Done
Building dependency tree
Reading state information... Done
ca-certificates is already the newest version (20211016~20.04.1).
curl is already the newest version (7.68.0-1ubuntu2.12).
The following NEW packages will be installed:
  apt-transport-https
0 upgraded, 1 newly installed, 0 to remove and 6 not upgraded.
Need to get 1704 B of archives.
After this operation, 162 kB of additional disk space will be used.
Get:1 http://archive.ubuntu.com/ubuntu focal-updates/universe amd64 apt-transport-https all 2.0.9 [1704 B]
Fetched 1704 B in 0s (17.8 kB/s)
Selecting previously unselected package apt-transport-https.
(Reading database ... 63834 files and directories currently installed.)
Preparing to unpack .../apt-transport-https_2.0.9_all.deb ...
Unpacking apt-transport-https (2.0.9) ...
Setting up apt-transport-https (2.0.9) ...
deb [signed-by=/usr/share/keyrings/kubernetes-archive-keyring.gpg] https://apt.kubernetes.io/ kubernetes-xenial main
Hit:1 https://download.docker.com/linux/ubuntu focal InRelease
Hit:3 http://archive.ubuntu.com/ubuntu focal InRelease
Hit:4 http://archive.ubuntu.com/ubuntu focal-updates InRelease
Hit:5 http://archive.ubuntu.com/ubuntu focal-backports InRelease
Get:2 https://packages.cloud.google.com/apt kubernetes-xenial InRelease [9383 B]
Hit:6 http://security.ubuntu.com/ubuntu focal-security InRelease
Get:7 https://packages.cloud.google.com/apt kubernetes-xenial/main amd64 Packages [58.4 kB]
Fetched 67.8 kB in 0s (184 kB/s)
Reading package lists... Done
Building dependency tree
Reading state information... Done
6 packages can be upgraded. Run 'apt list --upgradable' to see them.
Reading package lists... Done
Building dependency tree
Reading state information... Done
The following additional packages will be installed:
  conntrack cri-tools ebtables kubernetes-cni socat
Suggested packages:
  nftables
The following NEW packages will be installed:
  conntrack cri-tools ebtables kubeadm kubectl kubelet kubernetes-cni socat
0 upgraded, 8 newly installed, 0 to remove and 6 not upgraded.
Need to get 75.9 MB of archives.
After this operation, 310 MB of additional disk space will be used.
Get:3 http://archive.ubuntu.com/ubuntu focal/main amd64 conntrack amd64 1:1.4.5-2 [30.3 kB]
Get:1 https://packages.cloud.google.com/apt kubernetes-xenial/main amd64 cri-tools amd64 1.24.2-00 [12.3 MB]
Get:7 http://archive.ubuntu.com/ubuntu focal/main amd64 ebtables amd64 2.0.11-3build1 [80.3 kB]
Get:8 http://archive.ubuntu.com/ubuntu focal/main amd64 socat amd64 1.7.3.3-2 [323 kB]
Get:2 https://packages.cloud.google.com/apt kubernetes-xenial/main amd64 kubernetes-cni amd64 0.8.7-00 [25.0 MB]
Get:4 https://packages.cloud.google.com/apt kubernetes-xenial/main amd64 kubelet amd64 1.25.0-00 [19.5 MB]
Get:5 https://packages.cloud.google.com/apt kubernetes-xenial/main amd64 kubectl amd64 1.25.0-00 [9500 kB]
Get:6 https://packages.cloud.google.com/apt kubernetes-xenial/main amd64 kubeadm amd64 1.25.0-00 [9213 kB]
Fetched 75.9 MB in 1s (63.8 MB/s)
Selecting previously unselected package conntrack.
(Reading database ... 63838 files and directories currently installed.)
Preparing to unpack .../0-conntrack_1%3a1.4.5-2_amd64.deb ...
Unpacking conntrack (1:1.4.5-2) ...
Selecting previously unselected package cri-tools.
Preparing to unpack .../1-cri-tools_1.24.2-00_amd64.deb ...
Unpacking cri-tools (1.24.2-00) ...
Selecting previously unselected package ebtables.
Preparing to unpack .../2-ebtables_2.0.11-3build1_amd64.deb ...
Unpacking ebtables (2.0.11-3build1) ...
Selecting previously unselected package kubernetes-cni.
Preparing to unpack .../3-kubernetes-cni_0.8.7-00_amd64.deb ...
Unpacking kubernetes-cni (0.8.7-00) ...
Selecting previously unselected package socat.
Preparing to unpack .../4-socat_1.7.3.3-2_amd64.deb ...
Unpacking socat (1.7.3.3-2) ...
Selecting previously unselected package kubelet.
Preparing to unpack .../5-kubelet_1.25.0-00_amd64.deb ...
Unpacking kubelet (1.25.0-00) ...
Selecting previously unselected package kubectl.
Preparing to unpack .../6-kubectl_1.25.0-00_amd64.deb ...
Unpacking kubectl (1.25.0-00) ...
Selecting previously unselected package kubeadm.
Preparing to unpack .../7-kubeadm_1.25.0-00_amd64.deb ...
Unpacking kubeadm (1.25.0-00) ...
Setting up conntrack (1:1.4.5-2) ...
Setting up kubectl (1.25.0-00) ...
Setting up ebtables (2.0.11-3build1) ...
Setting up socat (1.7.3.3-2) ...
Setting up cri-tools (1.24.2-00) ...
Setting up kubernetes-cni (0.8.7-00) ...
Setting up kubelet (1.25.0-00) ...
Created symlink /etc/systemd/system/multi-user.target.wants/kubelet.service â†’ /lib/systemd/system/kubelet.service.
Setting up kubeadm (1.25.0-00) ...
Processing triggers for man-db (2.9.1-1) ...
ubuntu@node3:~$ exit
logout
root@wv02:~# who
root     pts/0        2022-08-26 21:24 (70.112.73.191)
root@wv02:~# l
snap/
root@wv02:~# ll
total 32
drwx------  5 root root 4096 Aug 26 21:24 ./
drwxr-xr-x 19 root root 4096 Aug 26 20:41 ../
-rw-------  1 root root  257 Aug 26 21:24 .bash_history
-rw-r--r--  1 root root 3106 Oct 15  2021 .bashrc
drwx------  2 root root 4096 Aug 26 20:44 .cache/
-rw-r--r--  1 root root  161 Jul  9  2019 .profile
drwx------  2 root root 4096 Aug 26 20:41 .ssh/
drwx------  4 root root 4096 Aug 26 20:45 snap/
root@wv02:~#
root@wv02:~#
