Microsoft Windows [Version 10.0.19044.1645]
(c) Microsoft Corporation. All rights reserved.

C:\Users\mikmoran>ssh root@139.178.83.207
@@@@@@@@@@@@@@@@@@@@@@@@@@@@@@@@@@@@@@@@@@@@@@@@@@@@@@@@@@@
@    WARNING: REMOTE HOST IDENTIFICATION HAS CHANGED!     @
@@@@@@@@@@@@@@@@@@@@@@@@@@@@@@@@@@@@@@@@@@@@@@@@@@@@@@@@@@@
IT IS POSSIBLE THAT SOMEONE IS DOING SOMETHING NASTY!
Someone could be eavesdropping on you right now (man-in-the-middle attack)!
It is also possible that a host key has just been changed.
The fingerprint for the ECDSA key sent by the remote host is
SHA256:kU/AL9+8ZBe/a/Plad6+XMhSQC9mNUJ7Lyt4wGmBbs8.
Please contact your system administrator.
Add correct host key in C:\\Users\\mikmoran/.ssh/known_hosts to get rid of this message.
Offending ECDSA key in C:\\Users\\mikmoran/.ssh/known_hosts:3
ECDSA host key for 139.178.83.207 has changed and you have requested strict checking.
Host key verification failed.

C:\Users\mikmoran>cd .ssh

C:\Users\mikmoran\.ssh>ls
'ls' is not recognized as an internal or external command,
operable program or batch file.

C:\Users\mikmoran\.ssh>dir
 Volume in drive C is Windows
 Volume Serial Number is 0A63-B7D4

 Directory of C:\Users\mikmoran\.ssh

05/20/2022  03:08 PM    <DIR>          .
05/20/2022  03:08 PM    <DIR>          ..
05/24/2022  01:16 PM                75 config
02/11/2022  04:22 PM             2,622 id_rsa
02/11/2022  04:22 PM               582 id_rsa.pub
05/24/2022  10:39 AM               529 known_hosts
05/10/2022  12:42 PM            10,459 old_known_hosts
02/11/2022  04:22 PM             2,622 orig_id_rsa
02/11/2022  04:22 PM               582 orig_id_rsa.pub
               7 File(s)         17,471 bytes
               2 Dir(s)  223,799,975,936 bytes free

C:\Users\mikmoran\.ssh>del known_hosts

C:\Users\mikmoran\.ssh>cd ..

C:\Users\mikmoran>ssh root@139.178.83.207
The authenticity of host '139.178.83.207 (139.178.83.207)' can't be established.
ECDSA key fingerprint is SHA256:kU/AL9+8ZBe/a/Plad6+XMhSQC9mNUJ7Lyt4wGmBbs8.
Are you sure you want to continue connecting (yes/no/[fingerprint])? yes
Warning: Permanently added '139.178.83.207' (ECDSA) to the list of known hosts.
Welcome to Ubuntu 20.04.4 LTS (GNU/Linux 5.13.0-41-generic x86_64)

 * Documentation:  https://help.ubuntu.com
 * Management:     https://landscape.canonical.com
 * Support:        https://ubuntu.com/advantage

  System information as of Wed May 25 16:26:01 UTC 2022

  System load:            0.1
  Usage of /:             1.5% of 218.06GB
  Memory usage:           0%
  Swap usage:             0%
  Processes:              405
  Users logged in:        0
  IPv4 address for bond0: 139.178.83.207
  IPv6 address for bond0: 2604:1380:4641:3b00::d

8 updates can be applied immediately.
8 of these updates are standard security updates.
To see these additional updates run: apt list --upgradable

Your Hardware Enablement Stack (HWE) is supported until April 2025.


The programs included with the Ubuntu system are free software;
the exact distribution terms for each program are described in the
individual files in /usr/share/doc/*/copyright.

Ubuntu comes with ABSOLUTELY NO WARRANTY, to the extent permitted by
applicable law.

root@mm16:~# uname -a
Linux mm16 5.13.0-41-generic #46~20.04.1-Ubuntu SMP Wed Apr 20 13:16:21 UTC 2022 x86_64 x86_64 x86_64 GNU/Linux
root@mm16:~# apt install apt install hwloc
Reading package lists... Done
Building dependency tree
Reading state information... Done
E: Unable to locate package install
root@mm16:~# apt update
Get:1 http://security.ubuntu.com/ubuntu focal-security InRelease [114 kB]
Hit:2 http://archive.ubuntu.com/ubuntu focal InRelease
Get:3 http://archive.ubuntu.com/ubuntu focal-updates InRelease [114 kB]
Get:4 http://security.ubuntu.com/ubuntu focal-security/main amd64 Packages [1471 kB]
Get:5 http://archive.ubuntu.com/ubuntu focal-backports InRelease [108 kB]
Get:6 http://archive.ubuntu.com/ubuntu focal-updates/main amd64 Packages [1811 kB]
Get:7 http://security.ubuntu.com/ubuntu focal-security/main Translation-en [252 kB]
Get:8 http://security.ubuntu.com/ubuntu focal-security/main amd64 c-n-f Metadata [10.2 kB]
Get:9 http://security.ubuntu.com/ubuntu focal-security/restricted amd64 Packages [934 kB]
Get:10 http://security.ubuntu.com/ubuntu focal-security/restricted Translation-en [133 kB]
Get:11 http://security.ubuntu.com/ubuntu focal-security/universe amd64 Packages [703 kB]
Get:12 http://security.ubuntu.com/ubuntu focal-security/universe Translation-en [126 kB]
Get:13 http://security.ubuntu.com/ubuntu focal-security/universe amd64 c-n-f Metadata [14.4 kB]
Get:14 http://archive.ubuntu.com/ubuntu focal-updates/main Translation-en [333 kB]
Get:15 http://archive.ubuntu.com/ubuntu focal-updates/main amd64 c-n-f Metadata [15.2 kB]
Get:16 http://archive.ubuntu.com/ubuntu focal-updates/restricted amd64 Packages [995 kB]
Get:17 http://archive.ubuntu.com/ubuntu focal-updates/restricted Translation-en [142 kB]
Get:18 http://archive.ubuntu.com/ubuntu focal-updates/universe amd64 Packages [924 kB]
Get:19 http://archive.ubuntu.com/ubuntu focal-updates/universe Translation-en [207 kB]
Get:20 http://archive.ubuntu.com/ubuntu focal-updates/universe amd64 c-n-f Metadata [20.7 kB]
Get:21 http://archive.ubuntu.com/ubuntu focal-backports/main amd64 Packages [44.5 kB]
Get:22 http://archive.ubuntu.com/ubuntu focal-backports/universe amd64 Packages [23.6 kB]
Fetched 8496 kB in 3s (2894 kB/s)
Reading package lists... Done
Building dependency tree
Reading state information... Done
7 packages can be upgraded. Run 'apt list --upgradable' to see them.
root@mm16:~# apt install ~hwloc
Reading package lists... Done
Building dependency tree
Reading state information... Done
E: input:0-6: error: Unknown short pattern
   ~hwloc
   ^^^^^^
E: Unable to locate package ~hwloc
root@mm16:~# apt install hwloc
Reading package lists... Done
Building dependency tree
Reading state information... Done
The following additional packages will be installed:
  fontconfig-config fonts-dejavu-core libcairo2 libfontconfig1 libhwloc-plugins libhwloc15 libpciaccess0 libpixman-1-0
  libxcb-render0 libxcb-shm0 libxnvctrl0 libxrender1 ocl-icd-libopencl1
Suggested packages:
  libhwloc-contrib-plugins opencl-icd
The following NEW packages will be installed:
  fontconfig-config fonts-dejavu-core hwloc libcairo2 libfontconfig1 libhwloc-plugins libhwloc15 libpciaccess0
  libpixman-1-0 libxcb-render0 libxcb-shm0 libxnvctrl0 libxrender1 ocl-icd-libopencl1
0 upgraded, 14 newly installed, 0 to remove and 7 not upgraded.
Need to get 2415 kB of archives.
After this operation, 7101 kB of additional disk space will be used.
Do you want to continue? [Y/n] y
Get:1 http://archive.ubuntu.com/ubuntu focal/main amd64 fonts-dejavu-core all 2.37-1 [1041 kB]
Get:2 http://archive.ubuntu.com/ubuntu focal/main amd64 fontconfig-config all 2.13.1-2ubuntu3 [28.8 kB]
Get:3 http://archive.ubuntu.com/ubuntu focal/main amd64 libfontconfig1 amd64 2.13.1-2ubuntu3 [114 kB]
Get:4 http://archive.ubuntu.com/ubuntu focal/main amd64 libpixman-1-0 amd64 0.38.4-0ubuntu1 [227 kB]
Get:5 http://archive.ubuntu.com/ubuntu focal/main amd64 libxcb-render0 amd64 1.14-2 [14.8 kB]
Get:6 http://archive.ubuntu.com/ubuntu focal/main amd64 libxcb-shm0 amd64 1.14-2 [5584 B]
Get:7 http://archive.ubuntu.com/ubuntu focal/main amd64 libxrender1 amd64 1:0.9.10-1 [18.7 kB]
Get:8 http://archive.ubuntu.com/ubuntu focal/main amd64 libcairo2 amd64 1.16.0-4ubuntu1 [583 kB]
Get:9 http://archive.ubuntu.com/ubuntu focal/universe amd64 libhwloc15 amd64 2.1.0+dfsg-4 [134 kB]
Get:10 http://archive.ubuntu.com/ubuntu focal/main amd64 libpciaccess0 amd64 0.16-0ubuntu1 [17.9 kB]
Get:11 http://archive.ubuntu.com/ubuntu focal-updates/main amd64 libxnvctrl0 amd64 470.57.01-0ubuntu0.20.04.3 [10.9 kB]
Get:12 http://archive.ubuntu.com/ubuntu focal/universe amd64 hwloc amd64 2.1.0+dfsg-4 [174 kB]
Get:13 http://archive.ubuntu.com/ubuntu focal/main amd64 ocl-icd-libopencl1 amd64 2.2.11-1ubuntu1 [30.3 kB]
Get:14 http://archive.ubuntu.com/ubuntu focal/universe amd64 libhwloc-plugins amd64 2.1.0+dfsg-4 [14.4 kB]
Fetched 2415 kB in 2s (1291 kB/s)
Selecting previously unselected package fonts-dejavu-core.
(Reading database ... 102121 files and directories currently installed.)
Preparing to unpack .../00-fonts-dejavu-core_2.37-1_all.deb ...
Unpacking fonts-dejavu-core (2.37-1) ...
Selecting previously unselected package fontconfig-config.
Preparing to unpack .../01-fontconfig-config_2.13.1-2ubuntu3_all.deb ...
Unpacking fontconfig-config (2.13.1-2ubuntu3) ...
Selecting previously unselected package libfontconfig1:amd64.
Preparing to unpack .../02-libfontconfig1_2.13.1-2ubuntu3_amd64.deb ...
Unpacking libfontconfig1:amd64 (2.13.1-2ubuntu3) ...
Selecting previously unselected package libpixman-1-0:amd64.
Preparing to unpack .../03-libpixman-1-0_0.38.4-0ubuntu1_amd64.deb ...
Unpacking libpixman-1-0:amd64 (0.38.4-0ubuntu1) ...
Selecting previously unselected package libxcb-render0:amd64.
Preparing to unpack .../04-libxcb-render0_1.14-2_amd64.deb ...
Unpacking libxcb-render0:amd64 (1.14-2) ...
Selecting previously unselected package libxcb-shm0:amd64.
Preparing to unpack .../05-libxcb-shm0_1.14-2_amd64.deb ...
Unpacking libxcb-shm0:amd64 (1.14-2) ...
Selecting previously unselected package libxrender1:amd64.
Preparing to unpack .../06-libxrender1_1%3a0.9.10-1_amd64.deb ...
Unpacking libxrender1:amd64 (1:0.9.10-1) ...
Selecting previously unselected package libcairo2:amd64.
Preparing to unpack .../07-libcairo2_1.16.0-4ubuntu1_amd64.deb ...
Unpacking libcairo2:amd64 (1.16.0-4ubuntu1) ...
Selecting previously unselected package libhwloc15:amd64.
Preparing to unpack .../08-libhwloc15_2.1.0+dfsg-4_amd64.deb ...
Unpacking libhwloc15:amd64 (2.1.0+dfsg-4) ...
Selecting previously unselected package libpciaccess0:amd64.
Preparing to unpack .../09-libpciaccess0_0.16-0ubuntu1_amd64.deb ...
Unpacking libpciaccess0:amd64 (0.16-0ubuntu1) ...
Selecting previously unselected package libxnvctrl0:amd64.
Preparing to unpack .../10-libxnvctrl0_470.57.01-0ubuntu0.20.04.3_amd64.deb ...
Unpacking libxnvctrl0:amd64 (470.57.01-0ubuntu0.20.04.3) ...
Selecting previously unselected package hwloc.
Preparing to unpack .../11-hwloc_2.1.0+dfsg-4_amd64.deb ...
Unpacking hwloc (2.1.0+dfsg-4) ...
Selecting previously unselected package ocl-icd-libopencl1:amd64.
Preparing to unpack .../12-ocl-icd-libopencl1_2.2.11-1ubuntu1_amd64.deb ...
Unpacking ocl-icd-libopencl1:amd64 (2.2.11-1ubuntu1) ...
Selecting previously unselected package libhwloc-plugins:amd64.
Preparing to unpack .../13-libhwloc-plugins_2.1.0+dfsg-4_amd64.deb ...
Unpacking libhwloc-plugins:amd64 (2.1.0+dfsg-4) ...
Setting up libpixman-1-0:amd64 (0.38.4-0ubuntu1) ...
Setting up libpciaccess0:amd64 (0.16-0ubuntu1) ...
Setting up libxrender1:amd64 (1:0.9.10-1) ...
Setting up libxcb-render0:amd64 (1.14-2) ...
Setting up libxcb-shm0:amd64 (1.14-2) ...
Setting up libxnvctrl0:amd64 (470.57.01-0ubuntu0.20.04.3) ...
Setting up libhwloc15:amd64 (2.1.0+dfsg-4) ...
Setting up fonts-dejavu-core (2.37-1) ...
Setting up ocl-icd-libopencl1:amd64 (2.2.11-1ubuntu1) ...
Setting up fontconfig-config (2.13.1-2ubuntu3) ...
Setting up libhwloc-plugins:amd64 (2.1.0+dfsg-4) ...
Setting up libfontconfig1:amd64 (2.13.1-2ubuntu3) ...
Setting up libcairo2:amd64 (1.16.0-4ubuntu1) ...
Setting up hwloc (2.1.0+dfsg-4) ...
Processing triggers for libc-bin (2.31-0ubuntu9.9) ...
Processing triggers for man-db (2.9.1-1) ...
Processing triggers for mime-support (3.64ubuntu1) ...
root@mm16:~# lstopo
Machine (251GB total)
  Package L#0
    NUMANode L#0 (P#0 251GB)
    L3 L#0 (16MB)
      L2 L#0 (512KB) + L1d L#0 (32KB) + L1i L#0 (32KB) + Core L#0 + PU L#0 (P#0)
      L2 L#1 (512KB) + L1d L#1 (32KB) + L1i L#1 (32KB) + Core L#1 + PU L#1 (P#1)
      L2 L#2 (512KB) + L1d L#2 (32KB) + L1i L#2 (32KB) + Core L#2 + PU L#2 (P#2)
      L2 L#3 (512KB) + L1d L#3 (32KB) + L1i L#3 (32KB) + Core L#3 + PU L#3 (P#3)
    L3 L#1 (16MB)
      L2 L#4 (512KB) + L1d L#4 (32KB) + L1i L#4 (32KB) + Core L#4 + PU L#4 (P#4)
      L2 L#5 (512KB) + L1d L#5 (32KB) + L1i L#5 (32KB) + Core L#5 + PU L#5 (P#5)
      L2 L#6 (512KB) + L1d L#6 (32KB) + L1i L#6 (32KB) + Core L#6 + PU L#6 (P#6)
      L2 L#7 (512KB) + L1d L#7 (32KB) + L1i L#7 (32KB) + Core L#7 + PU L#7 (P#7)
    L3 L#2 (16MB)
      L2 L#8 (512KB) + L1d L#8 (32KB) + L1i L#8 (32KB) + Core L#8 + PU L#8 (P#8)
      L2 L#9 (512KB) + L1d L#9 (32KB) + L1i L#9 (32KB) + Core L#9 + PU L#9 (P#9)
      L2 L#10 (512KB) + L1d L#10 (32KB) + L1i L#10 (32KB) + Core L#10 + PU L#10 (P#10)
      L2 L#11 (512KB) + L1d L#11 (32KB) + L1i L#11 (32KB) + Core L#11 + PU L#11 (P#11)
    L3 L#3 (16MB)
      L2 L#12 (512KB) + L1d L#12 (32KB) + L1i L#12 (32KB) + Core L#12 + PU L#12 (P#12)
      L2 L#13 (512KB) + L1d L#13 (32KB) + L1i L#13 (32KB) + Core L#13 + PU L#13 (P#13)
      L2 L#14 (512KB) + L1d L#14 (32KB) + L1i L#14 (32KB) + Core L#14 + PU L#14 (P#14)
      L2 L#15 (512KB) + L1d L#15 (32KB) + L1i L#15 (32KB) + Core L#15 + PU L#15 (P#15)
    L3 L#4 (16MB)
      L2 L#16 (512KB) + L1d L#16 (32KB) + L1i L#16 (32KB) + Core L#16 + PU L#16 (P#16)
      L2 L#17 (512KB) + L1d L#17 (32KB) + L1i L#17 (32KB) + Core L#17 + PU L#17 (P#17)
      L2 L#18 (512KB) + L1d L#18 (32KB) + L1i L#18 (32KB) + Core L#18 + PU L#18 (P#18)
      L2 L#19 (512KB) + L1d L#19 (32KB) + L1i L#19 (32KB) + Core L#19 + PU L#19 (P#19)
    L3 L#5 (16MB)
      L2 L#20 (512KB) + L1d L#20 (32KB) + L1i L#20 (32KB) + Core L#20 + PU L#20 (P#20)
      L2 L#21 (512KB) + L1d L#21 (32KB) + L1i L#21 (32KB) + Core L#21 + PU L#21 (P#21)
      L2 L#22 (512KB) + L1d L#22 (32KB) + L1i L#22 (32KB) + Core L#22 + PU L#22 (P#22)
      L2 L#23 (512KB) + L1d L#23 (32KB) + L1i L#23 (32KB) + Core L#23 + PU L#23 (P#23)
    L3 L#6 (16MB)
      L2 L#24 (512KB) + L1d L#24 (32KB) + L1i L#24 (32KB) + Core L#24 + PU L#24 (P#24)
      L2 L#25 (512KB) + L1d L#25 (32KB) + L1i L#25 (32KB) + Core L#25 + PU L#25 (P#25)
      L2 L#26 (512KB) + L1d L#26 (32KB) + L1i L#26 (32KB) + Core L#26 + PU L#26 (P#26)
      L2 L#27 (512KB) + L1d L#27 (32KB) + L1i L#27 (32KB) + Core L#27 + PU L#27 (P#27)
    L3 L#7 (16MB)
      L2 L#28 (512KB) + L1d L#28 (32KB) + L1i L#28 (32KB) + Core L#28 + PU L#28 (P#28)
      L2 L#29 (512KB) + L1d L#29 (32KB) + L1i L#29 (32KB) + Core L#29 + PU L#29 (P#29)
      L2 L#30 (512KB) + L1d L#30 (32KB) + L1i L#30 (32KB) + Core L#30 + PU L#30 (P#30)
      L2 L#31 (512KB) + L1d L#31 (32KB) + L1i L#31 (32KB) + Core L#31 + PU L#31 (P#31)
  HostBridge
    PCIBridge
      PCI 01:00.0 (SAS)
        Block(Disk) "sda"
  HostBridge
    PCIBridge
      PCI 41:00.0 (Ethernet)
        Net "ens3f0"
      PCI 41:00.1 (Ethernet)
        Net "ens3f1"
    PCIBridge
      PCI 45:00.0 (NVMExp)
        Block(Disk) "nvme0n1"
    PCIBridge
      PCI 46:00.0 (NVMExp)
        Block(Disk) "nvme1n1"
  HostBridge
    PCIBridge
      PCI c3:00.0 (SATA)
        Block(Disk) "sdb"
        Block(Disk) "sdc"
    PCIBridge
      PCIBridge
        PCI c2:00.0 (VGA)
root@mm16:~# cat /proc/cpuinfo
processor       : 0
vendor_id       : AuthenticAMD
cpu family      : 23
model           : 49
model name      : AMD EPYC 7502P 32-Core Processor
stepping        : 0
microcode       : 0x8301052
cpu MHz         : 2495.404
cache size      : 512 KB
physical id     : 0
siblings        : 32
core id         : 0
cpu cores       : 32
apicid          : 0
initial apicid  : 0
fpu             : yes
fpu_exception   : yes
cpuid level     : 16
wp              : yes
flags           : fpu vme de pse tsc msr pae mce cx8 apic sep mtrr pge mca cmov pat pse36 clflush mmx fxsr sse sse2 ht syscall nx mmxext fxsr_opt pdpe1gb rdtscp lm constant_tsc rep_good nopl nonstop_tsc cpuid extd_apicid aperfmperf pni pclmulqdq monitor ssse3 fma cx16 sse4_1 sse4_2 movbe popcnt aes xsave avx f16c rdrand lahf_lm cmp_legacy svm extapic cr8_legacy abm sse4a misalignsse 3dnowprefetch osvw ibs skinit wdt tce topoext perfctr_core perfctr_nb bpext perfctr_llc mwaitx cpb cat_l3 cdp_l3 hw_pstate ssbd mba ibrs ibpb stibp vmmcall fsgsbase bmi1 avx2 smep bmi2 cqm rdt_a rdseed adx smap clflushopt clwb sha_ni xsaveopt xsavec xgetbv1 xsaves cqm_llc cqm_occup_llc cqm_mbm_total cqm_mbm_local clzero irperf xsaveerptr rdpru wbnoinvd amd_ppin arat npt lbrv svm_lock nrip_save tsc_scale vmcb_clean flushbyasid decodeassists pausefilter pfthreshold avic v_vmsave_vmload vgif v_spec_ctrl umip rdpid overflow_recov succor smca sme sev sev_es
bugs            : sysret_ss_attrs spectre_v1 spectre_v2 spec_store_bypass
bogomips        : 4990.80
TLB size        : 3072 4K pages
clflush size    : 64
cache_alignment : 64
address sizes   : 43 bits physical, 48 bits virtual
power management: ts ttp tm hwpstate cpb eff_freq_ro [13] [14]

processor       : 1
vendor_id       : AuthenticAMD
cpu family      : 23
model           : 49
model name      : AMD EPYC 7502P 32-Core Processor
stepping        : 0
microcode       : 0x8301052
cpu MHz         : 2495.404
cache size      : 512 KB
physical id     : 0
siblings        : 32
core id         : 1
cpu cores       : 32
apicid          : 1
initial apicid  : 1
fpu             : yes
fpu_exception   : yes
cpuid level     : 16
wp              : yes
flags           : fpu vme de pse tsc msr pae mce cx8 apic sep mtrr pge mca cmov pat pse36 clflush mmx fxsr sse sse2 ht syscall nx mmxext fxsr_opt pdpe1gb rdtscp lm constant_tsc rep_good nopl nonstop_tsc cpuid extd_apicid aperfmperf pni pclmulqdq monitor ssse3 fma cx16 sse4_1 sse4_2 movbe popcnt aes xsave avx f16c rdrand lahf_lm cmp_legacy svm extapic cr8_legacy abm sse4a misalignsse 3dnowprefetch osvw ibs skinit wdt tce topoext perfctr_core perfctr_nb bpext perfctr_llc mwaitx cpb cat_l3 cdp_l3 hw_pstate ssbd mba ibrs ibpb stibp vmmcall fsgsbase bmi1 avx2 smep bmi2 cqm rdt_a rdseed adx smap clflushopt clwb sha_ni xsaveopt xsavec xgetbv1 xsaves cqm_llc cqm_occup_llc cqm_mbm_total cqm_mbm_local clzero irperf xsaveerptr rdpru wbnoinvd amd_ppin arat npt lbrv svm_lock nrip_save tsc_scale vmcb_clean flushbyasid decodeassists pausefilter pfthreshold avic v_vmsave_vmload vgif v_spec_ctrl umip rdpid overflow_recov succor smca sme sev sev_es
bugs            : sysret_ss_attrs spectre_v1 spectre_v2 spec_store_bypass
bogomips        : 4990.80
TLB size        : 3072 4K pages
clflush size    : 64
cache_alignment : 64
address sizes   : 43 bits physical, 48 bits virtual
power management: ts ttp tm hwpstate cpb eff_freq_ro [13] [14]

processor       : 2
vendor_id       : AuthenticAMD
cpu family      : 23
model           : 49
model name      : AMD EPYC 7502P 32-Core Processor
stepping        : 0
microcode       : 0x8301052
cpu MHz         : 2495.404
cache size      : 512 KB
physical id     : 0
siblings        : 32
core id         : 2
cpu cores       : 32
apicid          : 2
initial apicid  : 2
fpu             : yes
fpu_exception   : yes
cpuid level     : 16
wp              : yes
flags           : fpu vme de pse tsc msr pae mce cx8 apic sep mtrr pge mca cmov pat pse36 clflush mmx fxsr sse sse2 ht syscall nx mmxext fxsr_opt pdpe1gb rdtscp lm constant_tsc rep_good nopl nonstop_tsc cpuid extd_apicid aperfmperf pni pclmulqdq monitor ssse3 fma cx16 sse4_1 sse4_2 movbe popcnt aes xsave avx f16c rdrand lahf_lm cmp_legacy svm extapic cr8_legacy abm sse4a misalignsse 3dnowprefetch osvw ibs skinit wdt tce topoext perfctr_core perfctr_nb bpext perfctr_llc mwaitx cpb cat_l3 cdp_l3 hw_pstate ssbd mba ibrs ibpb stibp vmmcall fsgsbase bmi1 avx2 smep bmi2 cqm rdt_a rdseed adx smap clflushopt clwb sha_ni xsaveopt xsavec xgetbv1 xsaves cqm_llc cqm_occup_llc cqm_mbm_total cqm_mbm_local clzero irperf xsaveerptr rdpru wbnoinvd amd_ppin arat npt lbrv svm_lock nrip_save tsc_scale vmcb_clean flushbyasid decodeassists pausefilter pfthreshold avic v_vmsave_vmload vgif v_spec_ctrl umip rdpid overflow_recov succor smca sme sev sev_es
bugs            : sysret_ss_attrs spectre_v1 spectre_v2 spec_store_bypass
bogomips        : 4990.80
TLB size        : 3072 4K pages
clflush size    : 64
cache_alignment : 64
address sizes   : 43 bits physical, 48 bits virtual
power management: ts ttp tm hwpstate cpb eff_freq_ro [13] [14]

processor       : 3
vendor_id       : AuthenticAMD
cpu family      : 23
model           : 49
model name      : AMD EPYC 7502P 32-Core Processor
stepping        : 0
microcode       : 0x8301052
cpu MHz         : 2495.404
cache size      : 512 KB
physical id     : 0
siblings        : 32
core id         : 3
cpu cores       : 32
apicid          : 3
initial apicid  : 3
fpu             : yes
fpu_exception   : yes
cpuid level     : 16
wp              : yes
flags           : fpu vme de pse tsc msr pae mce cx8 apic sep mtrr pge mca cmov pat pse36 clflush mmx fxsr sse sse2 ht syscall nx mmxext fxsr_opt pdpe1gb rdtscp lm constant_tsc rep_good nopl nonstop_tsc cpuid extd_apicid aperfmperf pni pclmulqdq monitor ssse3 fma cx16 sse4_1 sse4_2 movbe popcnt aes xsave avx f16c rdrand lahf_lm cmp_legacy svm extapic cr8_legacy abm sse4a misalignsse 3dnowprefetch osvw ibs skinit wdt tce topoext perfctr_core perfctr_nb bpext perfctr_llc mwaitx cpb cat_l3 cdp_l3 hw_pstate ssbd mba ibrs ibpb stibp vmmcall fsgsbase bmi1 avx2 smep bmi2 cqm rdt_a rdseed adx smap clflushopt clwb sha_ni xsaveopt xsavec xgetbv1 xsaves cqm_llc cqm_occup_llc cqm_mbm_total cqm_mbm_local clzero irperf xsaveerptr rdpru wbnoinvd amd_ppin arat npt lbrv svm_lock nrip_save tsc_scale vmcb_clean flushbyasid decodeassists pausefilter pfthreshold avic v_vmsave_vmload vgif v_spec_ctrl umip rdpid overflow_recov succor smca sme sev sev_es
bugs            : sysret_ss_attrs spectre_v1 spectre_v2 spec_store_bypass
bogomips        : 4990.80
TLB size        : 3072 4K pages
clflush size    : 64
cache_alignment : 64
address sizes   : 43 bits physical, 48 bits virtual
power management: ts ttp tm hwpstate cpb eff_freq_ro [13] [14]

processor       : 4
vendor_id       : AuthenticAMD
cpu family      : 23
model           : 49
model name      : AMD EPYC 7502P 32-Core Processor
stepping        : 0
microcode       : 0x8301052
cpu MHz         : 2495.404
cache size      : 512 KB
physical id     : 0
siblings        : 32
core id         : 4
cpu cores       : 32
apicid          : 4
initial apicid  : 4
fpu             : yes
fpu_exception   : yes
cpuid level     : 16
wp              : yes
flags           : fpu vme de pse tsc msr pae mce cx8 apic sep mtrr pge mca cmov pat pse36 clflush mmx fxsr sse sse2 ht syscall nx mmxext fxsr_opt pdpe1gb rdtscp lm constant_tsc rep_good nopl nonstop_tsc cpuid extd_apicid aperfmperf pni pclmulqdq monitor ssse3 fma cx16 sse4_1 sse4_2 movbe popcnt aes xsave avx f16c rdrand lahf_lm cmp_legacy svm extapic cr8_legacy abm sse4a misalignsse 3dnowprefetch osvw ibs skinit wdt tce topoext perfctr_core perfctr_nb bpext perfctr_llc mwaitx cpb cat_l3 cdp_l3 hw_pstate ssbd mba ibrs ibpb stibp vmmcall fsgsbase bmi1 avx2 smep bmi2 cqm rdt_a rdseed adx smap clflushopt clwb sha_ni xsaveopt xsavec xgetbv1 xsaves cqm_llc cqm_occup_llc cqm_mbm_total cqm_mbm_local clzero irperf xsaveerptr rdpru wbnoinvd amd_ppin arat npt lbrv svm_lock nrip_save tsc_scale vmcb_clean flushbyasid decodeassists pausefilter pfthreshold avic v_vmsave_vmload vgif v_spec_ctrl umip rdpid overflow_recov succor smca sme sev sev_es
bugs            : sysret_ss_attrs spectre_v1 spectre_v2 spec_store_bypass
bogomips        : 4990.80
TLB size        : 3072 4K pages
clflush size    : 64
cache_alignment : 64
address sizes   : 43 bits physical, 48 bits virtual
power management: ts ttp tm hwpstate cpb eff_freq_ro [13] [14]

processor       : 5
vendor_id       : AuthenticAMD
cpu family      : 23
model           : 49
model name      : AMD EPYC 7502P 32-Core Processor
stepping        : 0
microcode       : 0x8301052
cpu MHz         : 2495.404
cache size      : 512 KB
physical id     : 0
siblings        : 32
core id         : 5
cpu cores       : 32
apicid          : 5
initial apicid  : 5
fpu             : yes
fpu_exception   : yes
cpuid level     : 16
wp              : yes
flags           : fpu vme de pse tsc msr pae mce cx8 apic sep mtrr pge mca cmov pat pse36 clflush mmx fxsr sse sse2 ht syscall nx mmxext fxsr_opt pdpe1gb rdtscp lm constant_tsc rep_good nopl nonstop_tsc cpuid extd_apicid aperfmperf pni pclmulqdq monitor ssse3 fma cx16 sse4_1 sse4_2 movbe popcnt aes xsave avx f16c rdrand lahf_lm cmp_legacy svm extapic cr8_legacy abm sse4a misalignsse 3dnowprefetch osvw ibs skinit wdt tce topoext perfctr_core perfctr_nb bpext perfctr_llc mwaitx cpb cat_l3 cdp_l3 hw_pstate ssbd mba ibrs ibpb stibp vmmcall fsgsbase bmi1 avx2 smep bmi2 cqm rdt_a rdseed adx smap clflushopt clwb sha_ni xsaveopt xsavec xgetbv1 xsaves cqm_llc cqm_occup_llc cqm_mbm_total cqm_mbm_local clzero irperf xsaveerptr rdpru wbnoinvd amd_ppin arat npt lbrv svm_lock nrip_save tsc_scale vmcb_clean flushbyasid decodeassists pausefilter pfthreshold avic v_vmsave_vmload vgif v_spec_ctrl umip rdpid overflow_recov succor smca sme sev sev_es
bugs            : sysret_ss_attrs spectre_v1 spectre_v2 spec_store_bypass
bogomips        : 4990.80
TLB size        : 3072 4K pages
clflush size    : 64
cache_alignment : 64
address sizes   : 43 bits physical, 48 bits virtual
power management: ts ttp tm hwpstate cpb eff_freq_ro [13] [14]

processor       : 6
vendor_id       : AuthenticAMD
cpu family      : 23
model           : 49
model name      : AMD EPYC 7502P 32-Core Processor
stepping        : 0
microcode       : 0x8301052
cpu MHz         : 2495.404
cache size      : 512 KB
physical id     : 0
siblings        : 32
core id         : 6
cpu cores       : 32
apicid          : 6
initial apicid  : 6
fpu             : yes
fpu_exception   : yes
cpuid level     : 16
wp              : yes
flags           : fpu vme de pse tsc msr pae mce cx8 apic sep mtrr pge mca cmov pat pse36 clflush mmx fxsr sse sse2 ht syscall nx mmxext fxsr_opt pdpe1gb rdtscp lm constant_tsc rep_good nopl nonstop_tsc cpuid extd_apicid aperfmperf pni pclmulqdq monitor ssse3 fma cx16 sse4_1 sse4_2 movbe popcnt aes xsave avx f16c rdrand lahf_lm cmp_legacy svm extapic cr8_legacy abm sse4a misalignsse 3dnowprefetch osvw ibs skinit wdt tce topoext perfctr_core perfctr_nb bpext perfctr_llc mwaitx cpb cat_l3 cdp_l3 hw_pstate ssbd mba ibrs ibpb stibp vmmcall fsgsbase bmi1 avx2 smep bmi2 cqm rdt_a rdseed adx smap clflushopt clwb sha_ni xsaveopt xsavec xgetbv1 xsaves cqm_llc cqm_occup_llc cqm_mbm_total cqm_mbm_local clzero irperf xsaveerptr rdpru wbnoinvd amd_ppin arat npt lbrv svm_lock nrip_save tsc_scale vmcb_clean flushbyasid decodeassists pausefilter pfthreshold avic v_vmsave_vmload vgif v_spec_ctrl umip rdpid overflow_recov succor smca sme sev sev_es
bugs            : sysret_ss_attrs spectre_v1 spectre_v2 spec_store_bypass
bogomips        : 4990.80
TLB size        : 3072 4K pages
clflush size    : 64
cache_alignment : 64
address sizes   : 43 bits physical, 48 bits virtual
power management: ts ttp tm hwpstate cpb eff_freq_ro [13] [14]

processor       : 7
vendor_id       : AuthenticAMD
cpu family      : 23
model           : 49
model name      : AMD EPYC 7502P 32-Core Processor
stepping        : 0
microcode       : 0x8301052
cpu MHz         : 2495.404
cache size      : 512 KB
physical id     : 0
siblings        : 32
core id         : 7
cpu cores       : 32
apicid          : 7
initial apicid  : 7
fpu             : yes
fpu_exception   : yes
cpuid level     : 16
wp              : yes
flags           : fpu vme de pse tsc msr pae mce cx8 apic sep mtrr pge mca cmov pat pse36 clflush mmx fxsr sse sse2 ht syscall nx mmxext fxsr_opt pdpe1gb rdtscp lm constant_tsc rep_good nopl nonstop_tsc cpuid extd_apicid aperfmperf pni pclmulqdq monitor ssse3 fma cx16 sse4_1 sse4_2 movbe popcnt aes xsave avx f16c rdrand lahf_lm cmp_legacy svm extapic cr8_legacy abm sse4a misalignsse 3dnowprefetch osvw ibs skinit wdt tce topoext perfctr_core perfctr_nb bpext perfctr_llc mwaitx cpb cat_l3 cdp_l3 hw_pstate ssbd mba ibrs ibpb stibp vmmcall fsgsbase bmi1 avx2 smep bmi2 cqm rdt_a rdseed adx smap clflushopt clwb sha_ni xsaveopt xsavec xgetbv1 xsaves cqm_llc cqm_occup_llc cqm_mbm_total cqm_mbm_local clzero irperf xsaveerptr rdpru wbnoinvd amd_ppin arat npt lbrv svm_lock nrip_save tsc_scale vmcb_clean flushbyasid decodeassists pausefilter pfthreshold avic v_vmsave_vmload vgif v_spec_ctrl umip rdpid overflow_recov succor smca sme sev sev_es
bugs            : sysret_ss_attrs spectre_v1 spectre_v2 spec_store_bypass
bogomips        : 4990.80
TLB size        : 3072 4K pages
clflush size    : 64
cache_alignment : 64
address sizes   : 43 bits physical, 48 bits virtual
power management: ts ttp tm hwpstate cpb eff_freq_ro [13] [14]

processor       : 8
vendor_id       : AuthenticAMD
cpu family      : 23
model           : 49
model name      : AMD EPYC 7502P 32-Core Processor
stepping        : 0
microcode       : 0x8301052
cpu MHz         : 2495.404
cache size      : 512 KB
physical id     : 0
siblings        : 32
core id         : 8
cpu cores       : 32
apicid          : 8
initial apicid  : 8
fpu             : yes
fpu_exception   : yes
cpuid level     : 16
wp              : yes
flags           : fpu vme de pse tsc msr pae mce cx8 apic sep mtrr pge mca cmov pat pse36 clflush mmx fxsr sse sse2 ht syscall nx mmxext fxsr_opt pdpe1gb rdtscp lm constant_tsc rep_good nopl nonstop_tsc cpuid extd_apicid aperfmperf pni pclmulqdq monitor ssse3 fma cx16 sse4_1 sse4_2 movbe popcnt aes xsave avx f16c rdrand lahf_lm cmp_legacy svm extapic cr8_legacy abm sse4a misalignsse 3dnowprefetch osvw ibs skinit wdt tce topoext perfctr_core perfctr_nb bpext perfctr_llc mwaitx cpb cat_l3 cdp_l3 hw_pstate ssbd mba ibrs ibpb stibp vmmcall fsgsbase bmi1 avx2 smep bmi2 cqm rdt_a rdseed adx smap clflushopt clwb sha_ni xsaveopt xsavec xgetbv1 xsaves cqm_llc cqm_occup_llc cqm_mbm_total cqm_mbm_local clzero irperf xsaveerptr rdpru wbnoinvd amd_ppin arat npt lbrv svm_lock nrip_save tsc_scale vmcb_clean flushbyasid decodeassists pausefilter pfthreshold avic v_vmsave_vmload vgif v_spec_ctrl umip rdpid overflow_recov succor smca sme sev sev_es
bugs            : sysret_ss_attrs spectre_v1 spectre_v2 spec_store_bypass
bogomips        : 4990.80
TLB size        : 3072 4K pages
clflush size    : 64
cache_alignment : 64
address sizes   : 43 bits physical, 48 bits virtual
power management: ts ttp tm hwpstate cpb eff_freq_ro [13] [14]

processor       : 9
vendor_id       : AuthenticAMD
cpu family      : 23
model           : 49
model name      : AMD EPYC 7502P 32-Core Processor
stepping        : 0
microcode       : 0x8301052
cpu MHz         : 2495.404
cache size      : 512 KB
physical id     : 0
siblings        : 32
core id         : 9
cpu cores       : 32
apicid          : 9
initial apicid  : 9
fpu             : yes
fpu_exception   : yes
cpuid level     : 16
wp              : yes
flags           : fpu vme de pse tsc msr pae mce cx8 apic sep mtrr pge mca cmov pat pse36 clflush mmx fxsr sse sse2 ht syscall nx mmxext fxsr_opt pdpe1gb rdtscp lm constant_tsc rep_good nopl nonstop_tsc cpuid extd_apicid aperfmperf pni pclmulqdq monitor ssse3 fma cx16 sse4_1 sse4_2 movbe popcnt aes xsave avx f16c rdrand lahf_lm cmp_legacy svm extapic cr8_legacy abm sse4a misalignsse 3dnowprefetch osvw ibs skinit wdt tce topoext perfctr_core perfctr_nb bpext perfctr_llc mwaitx cpb cat_l3 cdp_l3 hw_pstate ssbd mba ibrs ibpb stibp vmmcall fsgsbase bmi1 avx2 smep bmi2 cqm rdt_a rdseed adx smap clflushopt clwb sha_ni xsaveopt xsavec xgetbv1 xsaves cqm_llc cqm_occup_llc cqm_mbm_total cqm_mbm_local clzero irperf xsaveerptr rdpru wbnoinvd amd_ppin arat npt lbrv svm_lock nrip_save tsc_scale vmcb_clean flushbyasid decodeassists pausefilter pfthreshold avic v_vmsave_vmload vgif v_spec_ctrl umip rdpid overflow_recov succor smca sme sev sev_es
bugs            : sysret_ss_attrs spectre_v1 spectre_v2 spec_store_bypass
bogomips        : 4990.80
TLB size        : 3072 4K pages
clflush size    : 64
cache_alignment : 64
address sizes   : 43 bits physical, 48 bits virtual
power management: ts ttp tm hwpstate cpb eff_freq_ro [13] [14]

processor       : 10
vendor_id       : AuthenticAMD
cpu family      : 23
model           : 49
model name      : AMD EPYC 7502P 32-Core Processor
stepping        : 0
microcode       : 0x8301052
cpu MHz         : 2495.404
cache size      : 512 KB
physical id     : 0
siblings        : 32
core id         : 10
cpu cores       : 32
apicid          : 10
initial apicid  : 10
fpu             : yes
fpu_exception   : yes
cpuid level     : 16
wp              : yes
flags           : fpu vme de pse tsc msr pae mce cx8 apic sep mtrr pge mca cmov pat pse36 clflush mmx fxsr sse sse2 ht syscall nx mmxext fxsr_opt pdpe1gb rdtscp lm constant_tsc rep_good nopl nonstop_tsc cpuid extd_apicid aperfmperf pni pclmulqdq monitor ssse3 fma cx16 sse4_1 sse4_2 movbe popcnt aes xsave avx f16c rdrand lahf_lm cmp_legacy svm extapic cr8_legacy abm sse4a misalignsse 3dnowprefetch osvw ibs skinit wdt tce topoext perfctr_core perfctr_nb bpext perfctr_llc mwaitx cpb cat_l3 cdp_l3 hw_pstate ssbd mba ibrs ibpb stibp vmmcall fsgsbase bmi1 avx2 smep bmi2 cqm rdt_a rdseed adx smap clflushopt clwb sha_ni xsaveopt xsavec xgetbv1 xsaves cqm_llc cqm_occup_llc cqm_mbm_total cqm_mbm_local clzero irperf xsaveerptr rdpru wbnoinvd amd_ppin arat npt lbrv svm_lock nrip_save tsc_scale vmcb_clean flushbyasid decodeassists pausefilter pfthreshold avic v_vmsave_vmload vgif v_spec_ctrl umip rdpid overflow_recov succor smca sme sev sev_es
bugs            : sysret_ss_attrs spectre_v1 spectre_v2 spec_store_bypass
bogomips        : 4990.80
TLB size        : 3072 4K pages
clflush size    : 64
cache_alignment : 64
address sizes   : 43 bits physical, 48 bits virtual
power management: ts ttp tm hwpstate cpb eff_freq_ro [13] [14]

processor       : 11
vendor_id       : AuthenticAMD
cpu family      : 23
model           : 49
model name      : AMD EPYC 7502P 32-Core Processor
stepping        : 0
microcode       : 0x8301052
cpu MHz         : 2495.404
cache size      : 512 KB
physical id     : 0
siblings        : 32
core id         : 11
cpu cores       : 32
apicid          : 11
initial apicid  : 11
fpu             : yes
fpu_exception   : yes
cpuid level     : 16
wp              : yes
flags           : fpu vme de pse tsc msr pae mce cx8 apic sep mtrr pge mca cmov pat pse36 clflush mmx fxsr sse sse2 ht syscall nx mmxext fxsr_opt pdpe1gb rdtscp lm constant_tsc rep_good nopl nonstop_tsc cpuid extd_apicid aperfmperf pni pclmulqdq monitor ssse3 fma cx16 sse4_1 sse4_2 movbe popcnt aes xsave avx f16c rdrand lahf_lm cmp_legacy svm extapic cr8_legacy abm sse4a misalignsse 3dnowprefetch osvw ibs skinit wdt tce topoext perfctr_core perfctr_nb bpext perfctr_llc mwaitx cpb cat_l3 cdp_l3 hw_pstate ssbd mba ibrs ibpb stibp vmmcall fsgsbase bmi1 avx2 smep bmi2 cqm rdt_a rdseed adx smap clflushopt clwb sha_ni xsaveopt xsavec xgetbv1 xsaves cqm_llc cqm_occup_llc cqm_mbm_total cqm_mbm_local clzero irperf xsaveerptr rdpru wbnoinvd amd_ppin arat npt lbrv svm_lock nrip_save tsc_scale vmcb_clean flushbyasid decodeassists pausefilter pfthreshold avic v_vmsave_vmload vgif v_spec_ctrl umip rdpid overflow_recov succor smca sme sev sev_es
bugs            : sysret_ss_attrs spectre_v1 spectre_v2 spec_store_bypass
bogomips        : 4990.80
TLB size        : 3072 4K pages
clflush size    : 64
cache_alignment : 64
address sizes   : 43 bits physical, 48 bits virtual
power management: ts ttp tm hwpstate cpb eff_freq_ro [13] [14]

processor       : 12
vendor_id       : AuthenticAMD
cpu family      : 23
model           : 49
model name      : AMD EPYC 7502P 32-Core Processor
stepping        : 0
microcode       : 0x8301052
cpu MHz         : 2495.404
cache size      : 512 KB
physical id     : 0
siblings        : 32
core id         : 12
cpu cores       : 32
apicid          : 12
initial apicid  : 12
fpu             : yes
fpu_exception   : yes
cpuid level     : 16
wp              : yes
flags           : fpu vme de pse tsc msr pae mce cx8 apic sep mtrr pge mca cmov pat pse36 clflush mmx fxsr sse sse2 ht syscall nx mmxext fxsr_opt pdpe1gb rdtscp lm constant_tsc rep_good nopl nonstop_tsc cpuid extd_apicid aperfmperf pni pclmulqdq monitor ssse3 fma cx16 sse4_1 sse4_2 movbe popcnt aes xsave avx f16c rdrand lahf_lm cmp_legacy svm extapic cr8_legacy abm sse4a misalignsse 3dnowprefetch osvw ibs skinit wdt tce topoext perfctr_core perfctr_nb bpext perfctr_llc mwaitx cpb cat_l3 cdp_l3 hw_pstate ssbd mba ibrs ibpb stibp vmmcall fsgsbase bmi1 avx2 smep bmi2 cqm rdt_a rdseed adx smap clflushopt clwb sha_ni xsaveopt xsavec xgetbv1 xsaves cqm_llc cqm_occup_llc cqm_mbm_total cqm_mbm_local clzero irperf xsaveerptr rdpru wbnoinvd amd_ppin arat npt lbrv svm_lock nrip_save tsc_scale vmcb_clean flushbyasid decodeassists pausefilter pfthreshold avic v_vmsave_vmload vgif v_spec_ctrl umip rdpid overflow_recov succor smca sme sev sev_es
bugs            : sysret_ss_attrs spectre_v1 spectre_v2 spec_store_bypass
bogomips        : 4990.80
TLB size        : 3072 4K pages
clflush size    : 64
cache_alignment : 64
address sizes   : 43 bits physical, 48 bits virtual
power management: ts ttp tm hwpstate cpb eff_freq_ro [13] [14]

processor       : 13
vendor_id       : AuthenticAMD
cpu family      : 23
model           : 49
model name      : AMD EPYC 7502P 32-Core Processor
stepping        : 0
microcode       : 0x8301052
cpu MHz         : 2495.404
cache size      : 512 KB
physical id     : 0
siblings        : 32
core id         : 13
cpu cores       : 32
apicid          : 13
initial apicid  : 13
fpu             : yes
fpu_exception   : yes
cpuid level     : 16
wp              : yes
flags           : fpu vme de pse tsc msr pae mce cx8 apic sep mtrr pge mca cmov pat pse36 clflush mmx fxsr sse sse2 ht syscall nx mmxext fxsr_opt pdpe1gb rdtscp lm constant_tsc rep_good nopl nonstop_tsc cpuid extd_apicid aperfmperf pni pclmulqdq monitor ssse3 fma cx16 sse4_1 sse4_2 movbe popcnt aes xsave avx f16c rdrand lahf_lm cmp_legacy svm extapic cr8_legacy abm sse4a misalignsse 3dnowprefetch osvw ibs skinit wdt tce topoext perfctr_core perfctr_nb bpext perfctr_llc mwaitx cpb cat_l3 cdp_l3 hw_pstate ssbd mba ibrs ibpb stibp vmmcall fsgsbase bmi1 avx2 smep bmi2 cqm rdt_a rdseed adx smap clflushopt clwb sha_ni xsaveopt xsavec xgetbv1 xsaves cqm_llc cqm_occup_llc cqm_mbm_total cqm_mbm_local clzero irperf xsaveerptr rdpru wbnoinvd amd_ppin arat npt lbrv svm_lock nrip_save tsc_scale vmcb_clean flushbyasid decodeassists pausefilter pfthreshold avic v_vmsave_vmload vgif v_spec_ctrl umip rdpid overflow_recov succor smca sme sev sev_es
bugs            : sysret_ss_attrs spectre_v1 spectre_v2 spec_store_bypass
bogomips        : 4990.80
TLB size        : 3072 4K pages
clflush size    : 64
cache_alignment : 64
address sizes   : 43 bits physical, 48 bits virtual
power management: ts ttp tm hwpstate cpb eff_freq_ro [13] [14]

processor       : 14
vendor_id       : AuthenticAMD
cpu family      : 23
model           : 49
model name      : AMD EPYC 7502P 32-Core Processor
stepping        : 0
microcode       : 0x8301052
cpu MHz         : 2495.404
cache size      : 512 KB
physical id     : 0
siblings        : 32
core id         : 14
cpu cores       : 32
apicid          : 14
initial apicid  : 14
fpu             : yes
fpu_exception   : yes
cpuid level     : 16
wp              : yes
flags           : fpu vme de pse tsc msr pae mce cx8 apic sep mtrr pge mca cmov pat pse36 clflush mmx fxsr sse sse2 ht syscall nx mmxext fxsr_opt pdpe1gb rdtscp lm constant_tsc rep_good nopl nonstop_tsc cpuid extd_apicid aperfmperf pni pclmulqdq monitor ssse3 fma cx16 sse4_1 sse4_2 movbe popcnt aes xsave avx f16c rdrand lahf_lm cmp_legacy svm extapic cr8_legacy abm sse4a misalignsse 3dnowprefetch osvw ibs skinit wdt tce topoext perfctr_core perfctr_nb bpext perfctr_llc mwaitx cpb cat_l3 cdp_l3 hw_pstate ssbd mba ibrs ibpb stibp vmmcall fsgsbase bmi1 avx2 smep bmi2 cqm rdt_a rdseed adx smap clflushopt clwb sha_ni xsaveopt xsavec xgetbv1 xsaves cqm_llc cqm_occup_llc cqm_mbm_total cqm_mbm_local clzero irperf xsaveerptr rdpru wbnoinvd amd_ppin arat npt lbrv svm_lock nrip_save tsc_scale vmcb_clean flushbyasid decodeassists pausefilter pfthreshold avic v_vmsave_vmload vgif v_spec_ctrl umip rdpid overflow_recov succor smca sme sev sev_es
bugs            : sysret_ss_attrs spectre_v1 spectre_v2 spec_store_bypass
bogomips        : 4990.80
TLB size        : 3072 4K pages
clflush size    : 64
cache_alignment : 64
address sizes   : 43 bits physical, 48 bits virtual
power management: ts ttp tm hwpstate cpb eff_freq_ro [13] [14]

processor       : 15
vendor_id       : AuthenticAMD
cpu family      : 23
model           : 49
model name      : AMD EPYC 7502P 32-Core Processor
stepping        : 0
microcode       : 0x8301052
cpu MHz         : 2495.404
cache size      : 512 KB
physical id     : 0
siblings        : 32
core id         : 15
cpu cores       : 32
apicid          : 15
initial apicid  : 15
fpu             : yes
fpu_exception   : yes
cpuid level     : 16
wp              : yes
flags           : fpu vme de pse tsc msr pae mce cx8 apic sep mtrr pge mca cmov pat pse36 clflush mmx fxsr sse sse2 ht syscall nx mmxext fxsr_opt pdpe1gb rdtscp lm constant_tsc rep_good nopl nonstop_tsc cpuid extd_apicid aperfmperf pni pclmulqdq monitor ssse3 fma cx16 sse4_1 sse4_2 movbe popcnt aes xsave avx f16c rdrand lahf_lm cmp_legacy svm extapic cr8_legacy abm sse4a misalignsse 3dnowprefetch osvw ibs skinit wdt tce topoext perfctr_core perfctr_nb bpext perfctr_llc mwaitx cpb cat_l3 cdp_l3 hw_pstate ssbd mba ibrs ibpb stibp vmmcall fsgsbase bmi1 avx2 smep bmi2 cqm rdt_a rdseed adx smap clflushopt clwb sha_ni xsaveopt xsavec xgetbv1 xsaves cqm_llc cqm_occup_llc cqm_mbm_total cqm_mbm_local clzero irperf xsaveerptr rdpru wbnoinvd amd_ppin arat npt lbrv svm_lock nrip_save tsc_scale vmcb_clean flushbyasid decodeassists pausefilter pfthreshold avic v_vmsave_vmload vgif v_spec_ctrl umip rdpid overflow_recov succor smca sme sev sev_es
bugs            : sysret_ss_attrs spectre_v1 spectre_v2 spec_store_bypass
bogomips        : 4990.80
TLB size        : 3072 4K pages
clflush size    : 64
cache_alignment : 64
address sizes   : 43 bits physical, 48 bits virtual
power management: ts ttp tm hwpstate cpb eff_freq_ro [13] [14]

processor       : 16
vendor_id       : AuthenticAMD
cpu family      : 23
model           : 49
model name      : AMD EPYC 7502P 32-Core Processor
stepping        : 0
microcode       : 0x8301052
cpu MHz         : 2495.404
cache size      : 512 KB
physical id     : 0
siblings        : 32
core id         : 16
cpu cores       : 32
apicid          : 16
initial apicid  : 16
fpu             : yes
fpu_exception   : yes
cpuid level     : 16
wp              : yes
flags           : fpu vme de pse tsc msr pae mce cx8 apic sep mtrr pge mca cmov pat pse36 clflush mmx fxsr sse sse2 ht syscall nx mmxext fxsr_opt pdpe1gb rdtscp lm constant_tsc rep_good nopl nonstop_tsc cpuid extd_apicid aperfmperf pni pclmulqdq monitor ssse3 fma cx16 sse4_1 sse4_2 movbe popcnt aes xsave avx f16c rdrand lahf_lm cmp_legacy svm extapic cr8_legacy abm sse4a misalignsse 3dnowprefetch osvw ibs skinit wdt tce topoext perfctr_core perfctr_nb bpext perfctr_llc mwaitx cpb cat_l3 cdp_l3 hw_pstate ssbd mba ibrs ibpb stibp vmmcall fsgsbase bmi1 avx2 smep bmi2 cqm rdt_a rdseed adx smap clflushopt clwb sha_ni xsaveopt xsavec xgetbv1 xsaves cqm_llc cqm_occup_llc cqm_mbm_total cqm_mbm_local clzero irperf xsaveerptr rdpru wbnoinvd amd_ppin arat npt lbrv svm_lock nrip_save tsc_scale vmcb_clean flushbyasid decodeassists pausefilter pfthreshold avic v_vmsave_vmload vgif v_spec_ctrl umip rdpid overflow_recov succor smca sme sev sev_es
bugs            : sysret_ss_attrs spectre_v1 spectre_v2 spec_store_bypass
bogomips        : 4990.80
TLB size        : 3072 4K pages
clflush size    : 64
cache_alignment : 64
address sizes   : 43 bits physical, 48 bits virtual
power management: ts ttp tm hwpstate cpb eff_freq_ro [13] [14]

processor       : 17
vendor_id       : AuthenticAMD
cpu family      : 23
model           : 49
model name      : AMD EPYC 7502P 32-Core Processor
stepping        : 0
microcode       : 0x8301052
cpu MHz         : 2495.404
cache size      : 512 KB
physical id     : 0
siblings        : 32
core id         : 17
cpu cores       : 32
apicid          : 17
initial apicid  : 17
fpu             : yes
fpu_exception   : yes
cpuid level     : 16
wp              : yes
flags           : fpu vme de pse tsc msr pae mce cx8 apic sep mtrr pge mca cmov pat pse36 clflush mmx fxsr sse sse2 ht syscall nx mmxext fxsr_opt pdpe1gb rdtscp lm constant_tsc rep_good nopl nonstop_tsc cpuid extd_apicid aperfmperf pni pclmulqdq monitor ssse3 fma cx16 sse4_1 sse4_2 movbe popcnt aes xsave avx f16c rdrand lahf_lm cmp_legacy svm extapic cr8_legacy abm sse4a misalignsse 3dnowprefetch osvw ibs skinit wdt tce topoext perfctr_core perfctr_nb bpext perfctr_llc mwaitx cpb cat_l3 cdp_l3 hw_pstate ssbd mba ibrs ibpb stibp vmmcall fsgsbase bmi1 avx2 smep bmi2 cqm rdt_a rdseed adx smap clflushopt clwb sha_ni xsaveopt xsavec xgetbv1 xsaves cqm_llc cqm_occup_llc cqm_mbm_total cqm_mbm_local clzero irperf xsaveerptr rdpru wbnoinvd amd_ppin arat npt lbrv svm_lock nrip_save tsc_scale vmcb_clean flushbyasid decodeassists pausefilter pfthreshold avic v_vmsave_vmload vgif v_spec_ctrl umip rdpid overflow_recov succor smca sme sev sev_es
bugs            : sysret_ss_attrs spectre_v1 spectre_v2 spec_store_bypass
bogomips        : 4990.80
TLB size        : 3072 4K pages
clflush size    : 64
cache_alignment : 64
address sizes   : 43 bits physical, 48 bits virtual
power management: ts ttp tm hwpstate cpb eff_freq_ro [13] [14]

processor       : 18
vendor_id       : AuthenticAMD
cpu family      : 23
model           : 49
model name      : AMD EPYC 7502P 32-Core Processor
stepping        : 0
microcode       : 0x8301052
cpu MHz         : 3253.649
cache size      : 512 KB
physical id     : 0
siblings        : 32
core id         : 18
cpu cores       : 32
apicid          : 18
initial apicid  : 18
fpu             : yes
fpu_exception   : yes
cpuid level     : 16
wp              : yes
flags           : fpu vme de pse tsc msr pae mce cx8 apic sep mtrr pge mca cmov pat pse36 clflush mmx fxsr sse sse2 ht syscall nx mmxext fxsr_opt pdpe1gb rdtscp lm constant_tsc rep_good nopl nonstop_tsc cpuid extd_apicid aperfmperf pni pclmulqdq monitor ssse3 fma cx16 sse4_1 sse4_2 movbe popcnt aes xsave avx f16c rdrand lahf_lm cmp_legacy svm extapic cr8_legacy abm sse4a misalignsse 3dnowprefetch osvw ibs skinit wdt tce topoext perfctr_core perfctr_nb bpext perfctr_llc mwaitx cpb cat_l3 cdp_l3 hw_pstate ssbd mba ibrs ibpb stibp vmmcall fsgsbase bmi1 avx2 smep bmi2 cqm rdt_a rdseed adx smap clflushopt clwb sha_ni xsaveopt xsavec xgetbv1 xsaves cqm_llc cqm_occup_llc cqm_mbm_total cqm_mbm_local clzero irperf xsaveerptr rdpru wbnoinvd amd_ppin arat npt lbrv svm_lock nrip_save tsc_scale vmcb_clean flushbyasid decodeassists pausefilter pfthreshold avic v_vmsave_vmload vgif v_spec_ctrl umip rdpid overflow_recov succor smca sme sev sev_es
bugs            : sysret_ss_attrs spectre_v1 spectre_v2 spec_store_bypass
bogomips        : 4990.80
TLB size        : 3072 4K pages
clflush size    : 64
cache_alignment : 64
address sizes   : 43 bits physical, 48 bits virtual
power management: ts ttp tm hwpstate cpb eff_freq_ro [13] [14]

processor       : 19
vendor_id       : AuthenticAMD
cpu family      : 23
model           : 49
model name      : AMD EPYC 7502P 32-Core Processor
stepping        : 0
microcode       : 0x8301052
cpu MHz         : 2495.404
cache size      : 512 KB
physical id     : 0
siblings        : 32
core id         : 19
cpu cores       : 32
apicid          : 19
initial apicid  : 19
fpu             : yes
fpu_exception   : yes
cpuid level     : 16
wp              : yes
flags           : fpu vme de pse tsc msr pae mce cx8 apic sep mtrr pge mca cmov pat pse36 clflush mmx fxsr sse sse2 ht syscall nx mmxext fxsr_opt pdpe1gb rdtscp lm constant_tsc rep_good nopl nonstop_tsc cpuid extd_apicid aperfmperf pni pclmulqdq monitor ssse3 fma cx16 sse4_1 sse4_2 movbe popcnt aes xsave avx f16c rdrand lahf_lm cmp_legacy svm extapic cr8_legacy abm sse4a misalignsse 3dnowprefetch osvw ibs skinit wdt tce topoext perfctr_core perfctr_nb bpext perfctr_llc mwaitx cpb cat_l3 cdp_l3 hw_pstate ssbd mba ibrs ibpb stibp vmmcall fsgsbase bmi1 avx2 smep bmi2 cqm rdt_a rdseed adx smap clflushopt clwb sha_ni xsaveopt xsavec xgetbv1 xsaves cqm_llc cqm_occup_llc cqm_mbm_total cqm_mbm_local clzero irperf xsaveerptr rdpru wbnoinvd amd_ppin arat npt lbrv svm_lock nrip_save tsc_scale vmcb_clean flushbyasid decodeassists pausefilter pfthreshold avic v_vmsave_vmload vgif v_spec_ctrl umip rdpid overflow_recov succor smca sme sev sev_es
bugs            : sysret_ss_attrs spectre_v1 spectre_v2 spec_store_bypass
bogomips        : 4990.80
TLB size        : 3072 4K pages
clflush size    : 64
cache_alignment : 64
address sizes   : 43 bits physical, 48 bits virtual
power management: ts ttp tm hwpstate cpb eff_freq_ro [13] [14]

processor       : 20
vendor_id       : AuthenticAMD
cpu family      : 23
model           : 49
model name      : AMD EPYC 7502P 32-Core Processor
stepping        : 0
microcode       : 0x8301052
cpu MHz         : 2495.404
cache size      : 512 KB
physical id     : 0
siblings        : 32
core id         : 20
cpu cores       : 32
apicid          : 20
initial apicid  : 20
fpu             : yes
fpu_exception   : yes
cpuid level     : 16
wp              : yes
flags           : fpu vme de pse tsc msr pae mce cx8 apic sep mtrr pge mca cmov pat pse36 clflush mmx fxsr sse sse2 ht syscall nx mmxext fxsr_opt pdpe1gb rdtscp lm constant_tsc rep_good nopl nonstop_tsc cpuid extd_apicid aperfmperf pni pclmulqdq monitor ssse3 fma cx16 sse4_1 sse4_2 movbe popcnt aes xsave avx f16c rdrand lahf_lm cmp_legacy svm extapic cr8_legacy abm sse4a misalignsse 3dnowprefetch osvw ibs skinit wdt tce topoext perfctr_core perfctr_nb bpext perfctr_llc mwaitx cpb cat_l3 cdp_l3 hw_pstate ssbd mba ibrs ibpb stibp vmmcall fsgsbase bmi1 avx2 smep bmi2 cqm rdt_a rdseed adx smap clflushopt clwb sha_ni xsaveopt xsavec xgetbv1 xsaves cqm_llc cqm_occup_llc cqm_mbm_total cqm_mbm_local clzero irperf xsaveerptr rdpru wbnoinvd amd_ppin arat npt lbrv svm_lock nrip_save tsc_scale vmcb_clean flushbyasid decodeassists pausefilter pfthreshold avic v_vmsave_vmload vgif v_spec_ctrl umip rdpid overflow_recov succor smca sme sev sev_es
bugs            : sysret_ss_attrs spectre_v1 spectre_v2 spec_store_bypass
bogomips        : 4990.80
TLB size        : 3072 4K pages
clflush size    : 64
cache_alignment : 64
address sizes   : 43 bits physical, 48 bits virtual
power management: ts ttp tm hwpstate cpb eff_freq_ro [13] [14]

processor       : 21
vendor_id       : AuthenticAMD
cpu family      : 23
model           : 49
model name      : AMD EPYC 7502P 32-Core Processor
stepping        : 0
microcode       : 0x8301052
cpu MHz         : 2495.404
cache size      : 512 KB
physical id     : 0
siblings        : 32
core id         : 21
cpu cores       : 32
apicid          : 21
initial apicid  : 21
fpu             : yes
fpu_exception   : yes
cpuid level     : 16
wp              : yes
flags           : fpu vme de pse tsc msr pae mce cx8 apic sep mtrr pge mca cmov pat pse36 clflush mmx fxsr sse sse2 ht syscall nx mmxext fxsr_opt pdpe1gb rdtscp lm constant_tsc rep_good nopl nonstop_tsc cpuid extd_apicid aperfmperf pni pclmulqdq monitor ssse3 fma cx16 sse4_1 sse4_2 movbe popcnt aes xsave avx f16c rdrand lahf_lm cmp_legacy svm extapic cr8_legacy abm sse4a misalignsse 3dnowprefetch osvw ibs skinit wdt tce topoext perfctr_core perfctr_nb bpext perfctr_llc mwaitx cpb cat_l3 cdp_l3 hw_pstate ssbd mba ibrs ibpb stibp vmmcall fsgsbase bmi1 avx2 smep bmi2 cqm rdt_a rdseed adx smap clflushopt clwb sha_ni xsaveopt xsavec xgetbv1 xsaves cqm_llc cqm_occup_llc cqm_mbm_total cqm_mbm_local clzero irperf xsaveerptr rdpru wbnoinvd amd_ppin arat npt lbrv svm_lock nrip_save tsc_scale vmcb_clean flushbyasid decodeassists pausefilter pfthreshold avic v_vmsave_vmload vgif v_spec_ctrl umip rdpid overflow_recov succor smca sme sev sev_es
bugs            : sysret_ss_attrs spectre_v1 spectre_v2 spec_store_bypass
bogomips        : 4990.80
TLB size        : 3072 4K pages
clflush size    : 64
cache_alignment : 64
address sizes   : 43 bits physical, 48 bits virtual
power management: ts ttp tm hwpstate cpb eff_freq_ro [13] [14]

processor       : 22
vendor_id       : AuthenticAMD
cpu family      : 23
model           : 49
model name      : AMD EPYC 7502P 32-Core Processor
stepping        : 0
microcode       : 0x8301052
cpu MHz         : 3284.444
cache size      : 512 KB
physical id     : 0
siblings        : 32
core id         : 22
cpu cores       : 32
apicid          : 22
initial apicid  : 22
fpu             : yes
fpu_exception   : yes
cpuid level     : 16
wp              : yes
flags           : fpu vme de pse tsc msr pae mce cx8 apic sep mtrr pge mca cmov pat pse36 clflush mmx fxsr sse sse2 ht syscall nx mmxext fxsr_opt pdpe1gb rdtscp lm constant_tsc rep_good nopl nonstop_tsc cpuid extd_apicid aperfmperf pni pclmulqdq monitor ssse3 fma cx16 sse4_1 sse4_2 movbe popcnt aes xsave avx f16c rdrand lahf_lm cmp_legacy svm extapic cr8_legacy abm sse4a misalignsse 3dnowprefetch osvw ibs skinit wdt tce topoext perfctr_core perfctr_nb bpext perfctr_llc mwaitx cpb cat_l3 cdp_l3 hw_pstate ssbd mba ibrs ibpb stibp vmmcall fsgsbase bmi1 avx2 smep bmi2 cqm rdt_a rdseed adx smap clflushopt clwb sha_ni xsaveopt xsavec xgetbv1 xsaves cqm_llc cqm_occup_llc cqm_mbm_total cqm_mbm_local clzero irperf xsaveerptr rdpru wbnoinvd amd_ppin arat npt lbrv svm_lock nrip_save tsc_scale vmcb_clean flushbyasid decodeassists pausefilter pfthreshold avic v_vmsave_vmload vgif v_spec_ctrl umip rdpid overflow_recov succor smca sme sev sev_es
bugs            : sysret_ss_attrs spectre_v1 spectre_v2 spec_store_bypass
bogomips        : 4990.80
TLB size        : 3072 4K pages
clflush size    : 64
cache_alignment : 64
address sizes   : 43 bits physical, 48 bits virtual
power management: ts ttp tm hwpstate cpb eff_freq_ro [13] [14]

processor       : 23
vendor_id       : AuthenticAMD
cpu family      : 23
model           : 49
model name      : AMD EPYC 7502P 32-Core Processor
stepping        : 0
microcode       : 0x8301052
cpu MHz         : 2495.404
cache size      : 512 KB
physical id     : 0
siblings        : 32
core id         : 23
cpu cores       : 32
apicid          : 23
initial apicid  : 23
fpu             : yes
fpu_exception   : yes
cpuid level     : 16
wp              : yes
flags           : fpu vme de pse tsc msr pae mce cx8 apic sep mtrr pge mca cmov pat pse36 clflush mmx fxsr sse sse2 ht syscall nx mmxext fxsr_opt pdpe1gb rdtscp lm constant_tsc rep_good nopl nonstop_tsc cpuid extd_apicid aperfmperf pni pclmulqdq monitor ssse3 fma cx16 sse4_1 sse4_2 movbe popcnt aes xsave avx f16c rdrand lahf_lm cmp_legacy svm extapic cr8_legacy abm sse4a misalignsse 3dnowprefetch osvw ibs skinit wdt tce topoext perfctr_core perfctr_nb bpext perfctr_llc mwaitx cpb cat_l3 cdp_l3 hw_pstate ssbd mba ibrs ibpb stibp vmmcall fsgsbase bmi1 avx2 smep bmi2 cqm rdt_a rdseed adx smap clflushopt clwb sha_ni xsaveopt xsavec xgetbv1 xsaves cqm_llc cqm_occup_llc cqm_mbm_total cqm_mbm_local clzero irperf xsaveerptr rdpru wbnoinvd amd_ppin arat npt lbrv svm_lock nrip_save tsc_scale vmcb_clean flushbyasid decodeassists pausefilter pfthreshold avic v_vmsave_vmload vgif v_spec_ctrl umip rdpid overflow_recov succor smca sme sev sev_es
bugs            : sysret_ss_attrs spectre_v1 spectre_v2 spec_store_bypass
bogomips        : 4990.80
TLB size        : 3072 4K pages
clflush size    : 64
cache_alignment : 64
address sizes   : 43 bits physical, 48 bits virtual
power management: ts ttp tm hwpstate cpb eff_freq_ro [13] [14]

processor       : 24
vendor_id       : AuthenticAMD
cpu family      : 23
model           : 49
model name      : AMD EPYC 7502P 32-Core Processor
stepping        : 0
microcode       : 0x8301052
cpu MHz         : 2495.404
cache size      : 512 KB
physical id     : 0
siblings        : 32
core id         : 24
cpu cores       : 32
apicid          : 24
initial apicid  : 24
fpu             : yes
fpu_exception   : yes
cpuid level     : 16
wp              : yes
flags           : fpu vme de pse tsc msr pae mce cx8 apic sep mtrr pge mca cmov pat pse36 clflush mmx fxsr sse sse2 ht syscall nx mmxext fxsr_opt pdpe1gb rdtscp lm constant_tsc rep_good nopl nonstop_tsc cpuid extd_apicid aperfmperf pni pclmulqdq monitor ssse3 fma cx16 sse4_1 sse4_2 movbe popcnt aes xsave avx f16c rdrand lahf_lm cmp_legacy svm extapic cr8_legacy abm sse4a misalignsse 3dnowprefetch osvw ibs skinit wdt tce topoext perfctr_core perfctr_nb bpext perfctr_llc mwaitx cpb cat_l3 cdp_l3 hw_pstate ssbd mba ibrs ibpb stibp vmmcall fsgsbase bmi1 avx2 smep bmi2 cqm rdt_a rdseed adx smap clflushopt clwb sha_ni xsaveopt xsavec xgetbv1 xsaves cqm_llc cqm_occup_llc cqm_mbm_total cqm_mbm_local clzero irperf xsaveerptr rdpru wbnoinvd amd_ppin arat npt lbrv svm_lock nrip_save tsc_scale vmcb_clean flushbyasid decodeassists pausefilter pfthreshold avic v_vmsave_vmload vgif v_spec_ctrl umip rdpid overflow_recov succor smca sme sev sev_es
bugs            : sysret_ss_attrs spectre_v1 spectre_v2 spec_store_bypass
bogomips        : 4990.80
TLB size        : 3072 4K pages
clflush size    : 64
cache_alignment : 64
address sizes   : 43 bits physical, 48 bits virtual
power management: ts ttp tm hwpstate cpb eff_freq_ro [13] [14]

processor       : 25
vendor_id       : AuthenticAMD
cpu family      : 23
model           : 49
model name      : AMD EPYC 7502P 32-Core Processor
stepping        : 0
microcode       : 0x8301052
cpu MHz         : 2495.404
cache size      : 512 KB
physical id     : 0
siblings        : 32
core id         : 25
cpu cores       : 32
apicid          : 25
initial apicid  : 25
fpu             : yes
fpu_exception   : yes
cpuid level     : 16
wp              : yes
flags           : fpu vme de pse tsc msr pae mce cx8 apic sep mtrr pge mca cmov pat pse36 clflush mmx fxsr sse sse2 ht syscall nx mmxext fxsr_opt pdpe1gb rdtscp lm constant_tsc rep_good nopl nonstop_tsc cpuid extd_apicid aperfmperf pni pclmulqdq monitor ssse3 fma cx16 sse4_1 sse4_2 movbe popcnt aes xsave avx f16c rdrand lahf_lm cmp_legacy svm extapic cr8_legacy abm sse4a misalignsse 3dnowprefetch osvw ibs skinit wdt tce topoext perfctr_core perfctr_nb bpext perfctr_llc mwaitx cpb cat_l3 cdp_l3 hw_pstate ssbd mba ibrs ibpb stibp vmmcall fsgsbase bmi1 avx2 smep bmi2 cqm rdt_a rdseed adx smap clflushopt clwb sha_ni xsaveopt xsavec xgetbv1 xsaves cqm_llc cqm_occup_llc cqm_mbm_total cqm_mbm_local clzero irperf xsaveerptr rdpru wbnoinvd amd_ppin arat npt lbrv svm_lock nrip_save tsc_scale vmcb_clean flushbyasid decodeassists pausefilter pfthreshold avic v_vmsave_vmload vgif v_spec_ctrl umip rdpid overflow_recov succor smca sme sev sev_es
bugs            : sysret_ss_attrs spectre_v1 spectre_v2 spec_store_bypass
bogomips        : 4990.80
TLB size        : 3072 4K pages
clflush size    : 64
cache_alignment : 64
address sizes   : 43 bits physical, 48 bits virtual
power management: ts ttp tm hwpstate cpb eff_freq_ro [13] [14]

processor       : 26
vendor_id       : AuthenticAMD
cpu family      : 23
model           : 49
model name      : AMD EPYC 7502P 32-Core Processor
stepping        : 0
microcode       : 0x8301052
cpu MHz         : 2495.404
cache size      : 512 KB
physical id     : 0
siblings        : 32
core id         : 26
cpu cores       : 32
apicid          : 26
initial apicid  : 26
fpu             : yes
fpu_exception   : yes
cpuid level     : 16
wp              : yes
flags           : fpu vme de pse tsc msr pae mce cx8 apic sep mtrr pge mca cmov pat pse36 clflush mmx fxsr sse sse2 ht syscall nx mmxext fxsr_opt pdpe1gb rdtscp lm constant_tsc rep_good nopl nonstop_tsc cpuid extd_apicid aperfmperf pni pclmulqdq monitor ssse3 fma cx16 sse4_1 sse4_2 movbe popcnt aes xsave avx f16c rdrand lahf_lm cmp_legacy svm extapic cr8_legacy abm sse4a misalignsse 3dnowprefetch osvw ibs skinit wdt tce topoext perfctr_core perfctr_nb bpext perfctr_llc mwaitx cpb cat_l3 cdp_l3 hw_pstate ssbd mba ibrs ibpb stibp vmmcall fsgsbase bmi1 avx2 smep bmi2 cqm rdt_a rdseed adx smap clflushopt clwb sha_ni xsaveopt xsavec xgetbv1 xsaves cqm_llc cqm_occup_llc cqm_mbm_total cqm_mbm_local clzero irperf xsaveerptr rdpru wbnoinvd amd_ppin arat npt lbrv svm_lock nrip_save tsc_scale vmcb_clean flushbyasid decodeassists pausefilter pfthreshold avic v_vmsave_vmload vgif v_spec_ctrl umip rdpid overflow_recov succor smca sme sev sev_es
bugs            : sysret_ss_attrs spectre_v1 spectre_v2 spec_store_bypass
bogomips        : 4990.80
TLB size        : 3072 4K pages
clflush size    : 64
cache_alignment : 64
address sizes   : 43 bits physical, 48 bits virtual
power management: ts ttp tm hwpstate cpb eff_freq_ro [13] [14]

processor       : 27
vendor_id       : AuthenticAMD
cpu family      : 23
model           : 49
model name      : AMD EPYC 7502P 32-Core Processor
stepping        : 0
microcode       : 0x8301052
cpu MHz         : 2495.404
cache size      : 512 KB
physical id     : 0
siblings        : 32
core id         : 27
cpu cores       : 32
apicid          : 27
initial apicid  : 27
fpu             : yes
fpu_exception   : yes
cpuid level     : 16
wp              : yes
flags           : fpu vme de pse tsc msr pae mce cx8 apic sep mtrr pge mca cmov pat pse36 clflush mmx fxsr sse sse2 ht syscall nx mmxext fxsr_opt pdpe1gb rdtscp lm constant_tsc rep_good nopl nonstop_tsc cpuid extd_apicid aperfmperf pni pclmulqdq monitor ssse3 fma cx16 sse4_1 sse4_2 movbe popcnt aes xsave avx f16c rdrand lahf_lm cmp_legacy svm extapic cr8_legacy abm sse4a misalignsse 3dnowprefetch osvw ibs skinit wdt tce topoext perfctr_core perfctr_nb bpext perfctr_llc mwaitx cpb cat_l3 cdp_l3 hw_pstate ssbd mba ibrs ibpb stibp vmmcall fsgsbase bmi1 avx2 smep bmi2 cqm rdt_a rdseed adx smap clflushopt clwb sha_ni xsaveopt xsavec xgetbv1 xsaves cqm_llc cqm_occup_llc cqm_mbm_total cqm_mbm_local clzero irperf xsaveerptr rdpru wbnoinvd amd_ppin arat npt lbrv svm_lock nrip_save tsc_scale vmcb_clean flushbyasid decodeassists pausefilter pfthreshold avic v_vmsave_vmload vgif v_spec_ctrl umip rdpid overflow_recov succor smca sme sev sev_es
bugs            : sysret_ss_attrs spectre_v1 spectre_v2 spec_store_bypass
bogomips        : 4990.80
TLB size        : 3072 4K pages
clflush size    : 64
cache_alignment : 64
address sizes   : 43 bits physical, 48 bits virtual
power management: ts ttp tm hwpstate cpb eff_freq_ro [13] [14]

processor       : 28
vendor_id       : AuthenticAMD
cpu family      : 23
model           : 49
model name      : AMD EPYC 7502P 32-Core Processor
stepping        : 0
microcode       : 0x8301052
cpu MHz         : 2495.404
cache size      : 512 KB
physical id     : 0
siblings        : 32
core id         : 28
cpu cores       : 32
apicid          : 28
initial apicid  : 28
fpu             : yes
fpu_exception   : yes
cpuid level     : 16
wp              : yes
flags           : fpu vme de pse tsc msr pae mce cx8 apic sep mtrr pge mca cmov pat pse36 clflush mmx fxsr sse sse2 ht syscall nx mmxext fxsr_opt pdpe1gb rdtscp lm constant_tsc rep_good nopl nonstop_tsc cpuid extd_apicid aperfmperf pni pclmulqdq monitor ssse3 fma cx16 sse4_1 sse4_2 movbe popcnt aes xsave avx f16c rdrand lahf_lm cmp_legacy svm extapic cr8_legacy abm sse4a misalignsse 3dnowprefetch osvw ibs skinit wdt tce topoext perfctr_core perfctr_nb bpext perfctr_llc mwaitx cpb cat_l3 cdp_l3 hw_pstate ssbd mba ibrs ibpb stibp vmmcall fsgsbase bmi1 avx2 smep bmi2 cqm rdt_a rdseed adx smap clflushopt clwb sha_ni xsaveopt xsavec xgetbv1 xsaves cqm_llc cqm_occup_llc cqm_mbm_total cqm_mbm_local clzero irperf xsaveerptr rdpru wbnoinvd amd_ppin arat npt lbrv svm_lock nrip_save tsc_scale vmcb_clean flushbyasid decodeassists pausefilter pfthreshold avic v_vmsave_vmload vgif v_spec_ctrl umip rdpid overflow_recov succor smca sme sev sev_es
bugs            : sysret_ss_attrs spectre_v1 spectre_v2 spec_store_bypass
bogomips        : 4990.80
TLB size        : 3072 4K pages
clflush size    : 64
cache_alignment : 64
address sizes   : 43 bits physical, 48 bits virtual
power management: ts ttp tm hwpstate cpb eff_freq_ro [13] [14]

processor       : 29
vendor_id       : AuthenticAMD
cpu family      : 23
model           : 49
model name      : AMD EPYC 7502P 32-Core Processor
stepping        : 0
microcode       : 0x8301052
cpu MHz         : 3044.184
cache size      : 512 KB
physical id     : 0
siblings        : 32
core id         : 29
cpu cores       : 32
apicid          : 29
initial apicid  : 29
fpu             : yes
fpu_exception   : yes
cpuid level     : 16
wp              : yes
flags           : fpu vme de pse tsc msr pae mce cx8 apic sep mtrr pge mca cmov pat pse36 clflush mmx fxsr sse sse2 ht syscall nx mmxext fxsr_opt pdpe1gb rdtscp lm constant_tsc rep_good nopl nonstop_tsc cpuid extd_apicid aperfmperf pni pclmulqdq monitor ssse3 fma cx16 sse4_1 sse4_2 movbe popcnt aes xsave avx f16c rdrand lahf_lm cmp_legacy svm extapic cr8_legacy abm sse4a misalignsse 3dnowprefetch osvw ibs skinit wdt tce topoext perfctr_core perfctr_nb bpext perfctr_llc mwaitx cpb cat_l3 cdp_l3 hw_pstate ssbd mba ibrs ibpb stibp vmmcall fsgsbase bmi1 avx2 smep bmi2 cqm rdt_a rdseed adx smap clflushopt clwb sha_ni xsaveopt xsavec xgetbv1 xsaves cqm_llc cqm_occup_llc cqm_mbm_total cqm_mbm_local clzero irperf xsaveerptr rdpru wbnoinvd amd_ppin arat npt lbrv svm_lock nrip_save tsc_scale vmcb_clean flushbyasid decodeassists pausefilter pfthreshold avic v_vmsave_vmload vgif v_spec_ctrl umip rdpid overflow_recov succor smca sme sev sev_es
bugs            : sysret_ss_attrs spectre_v1 spectre_v2 spec_store_bypass
bogomips        : 4990.80
TLB size        : 3072 4K pages
clflush size    : 64
cache_alignment : 64
address sizes   : 43 bits physical, 48 bits virtual
power management: ts ttp tm hwpstate cpb eff_freq_ro [13] [14]

processor       : 30
vendor_id       : AuthenticAMD
cpu family      : 23
model           : 49
model name      : AMD EPYC 7502P 32-Core Processor
stepping        : 0
microcode       : 0x8301052
cpu MHz         : 2495.404
cache size      : 512 KB
physical id     : 0
siblings        : 32
core id         : 30
cpu cores       : 32
apicid          : 30
initial apicid  : 30
fpu             : yes
fpu_exception   : yes
cpuid level     : 16
wp              : yes
flags           : fpu vme de pse tsc msr pae mce cx8 apic sep mtrr pge mca cmov pat pse36 clflush mmx fxsr sse sse2 ht syscall nx mmxext fxsr_opt pdpe1gb rdtscp lm constant_tsc rep_good nopl nonstop_tsc cpuid extd_apicid aperfmperf pni pclmulqdq monitor ssse3 fma cx16 sse4_1 sse4_2 movbe popcnt aes xsave avx f16c rdrand lahf_lm cmp_legacy svm extapic cr8_legacy abm sse4a misalignsse 3dnowprefetch osvw ibs skinit wdt tce topoext perfctr_core perfctr_nb bpext perfctr_llc mwaitx cpb cat_l3 cdp_l3 hw_pstate ssbd mba ibrs ibpb stibp vmmcall fsgsbase bmi1 avx2 smep bmi2 cqm rdt_a rdseed adx smap clflushopt clwb sha_ni xsaveopt xsavec xgetbv1 xsaves cqm_llc cqm_occup_llc cqm_mbm_total cqm_mbm_local clzero irperf xsaveerptr rdpru wbnoinvd amd_ppin arat npt lbrv svm_lock nrip_save tsc_scale vmcb_clean flushbyasid decodeassists pausefilter pfthreshold avic v_vmsave_vmload vgif v_spec_ctrl umip rdpid overflow_recov succor smca sme sev sev_es
bugs            : sysret_ss_attrs spectre_v1 spectre_v2 spec_store_bypass
bogomips        : 4990.80
TLB size        : 3072 4K pages
clflush size    : 64
cache_alignment : 64
address sizes   : 43 bits physical, 48 bits virtual
power management: ts ttp tm hwpstate cpb eff_freq_ro [13] [14]

processor       : 31
vendor_id       : AuthenticAMD
cpu family      : 23
model           : 49
model name      : AMD EPYC 7502P 32-Core Processor
stepping        : 0
microcode       : 0x8301052
cpu MHz         : 2495.404
cache size      : 512 KB
physical id     : 0
siblings        : 32
core id         : 31
cpu cores       : 32
apicid          : 31
initial apicid  : 31
fpu             : yes
fpu_exception   : yes
cpuid level     : 16
wp              : yes
flags           : fpu vme de pse tsc msr pae mce cx8 apic sep mtrr pge mca cmov pat pse36 clflush mmx fxsr sse sse2 ht syscall nx mmxext fxsr_opt pdpe1gb rdtscp lm constant_tsc rep_good nopl nonstop_tsc cpuid extd_apicid aperfmperf pni pclmulqdq monitor ssse3 fma cx16 sse4_1 sse4_2 movbe popcnt aes xsave avx f16c rdrand lahf_lm cmp_legacy svm extapic cr8_legacy abm sse4a misalignsse 3dnowprefetch osvw ibs skinit wdt tce topoext perfctr_core perfctr_nb bpext perfctr_llc mwaitx cpb cat_l3 cdp_l3 hw_pstate ssbd mba ibrs ibpb stibp vmmcall fsgsbase bmi1 avx2 smep bmi2 cqm rdt_a rdseed adx smap clflushopt clwb sha_ni xsaveopt xsavec xgetbv1 xsaves cqm_llc cqm_occup_llc cqm_mbm_total cqm_mbm_local clzero irperf xsaveerptr rdpru wbnoinvd amd_ppin arat npt lbrv svm_lock nrip_save tsc_scale vmcb_clean flushbyasid decodeassists pausefilter pfthreshold avic v_vmsave_vmload vgif v_spec_ctrl umip rdpid overflow_recov succor smca sme sev sev_es
bugs            : sysret_ss_attrs spectre_v1 spectre_v2 spec_store_bypass
bogomips        : 4990.80
TLB size        : 3072 4K pages
clflush size    : 64
cache_alignment : 64
address sizes   : 43 bits physical, 48 bits virtual
power management: ts ttp tm hwpstate cpb eff_freq_ro [13] [14]

root@mm16:~#